<!doctype html public "-//w3c//dtd html 4.0 transitional//en">
<html><head>
<title>Static Call Graph - [Objects\essemi_es32f0283.axf]</title></head>
<body><HR>
<H1>Static Call Graph for image Objects\essemi_es32f0283.axf</H1><HR>
<BR><P>#&#060CALLGRAPH&#062# ARM Linker, 6180002: Last Updated: Mon Feb 19 16:26:04 2024
<BR><P>
<H3>Maximum Stack Usage =        360 bytes + Unknown(Functions without stacksize, Cycles, Untraceable Function Pointers)</H3><H3>
Call chain for Maximum Stack Depth:</H3>
main &rArr; protocol_task &rArr; keyboard_task &rArr; action_exec &rArr; action_tapping_process &rArr; process_tapping &rArr; waiting_buffer_scan_tap &rArr; process_record &rArr; process_record_quantum &rArr; process_space_cadet &rArr; perform_space_cadet &rArr; tap_code &rArr; tap_code_delay &rArr; chThdSleep &rArr; chThdSleepS &rArr; chSchGoSleepTimeoutS &rArr; chVTDoSetI &rArr; ch_dlist_insert
<P>
<H3>
Functions with no stack information
</H3><UL>
 <LI><a href="#[32]">__port_exit_from_isr</a>
</UL>
</UL>
<P>
<H3>
Mutually Recursive functions
</H3> <LI><a href="#[153]">process_action</a>&nbsp;&nbsp;&nbsp;&rArr;&nbsp;&nbsp;&nbsp;<a href="#[15e]">process_record</a><BR>
 <LI><a href="#[33]">__idle_thread</a>&nbsp;&nbsp;&nbsp;&rArr;&nbsp;&nbsp;&nbsp;<a href="#[33]">__idle_thread</a><BR>
</UL>
<P>
<H3>
Function Pointers
</H3><UL>
 <LI><a href="#[4]">BusFault_Handler</a> from vectors_1.o(.text) referenced from vectors_1.o(RESET)
 <LI><a href="#[b]">DebugMon_Handler</a> from vectors_1.o(.text) referenced from vectors_1.o(RESET)
 <LI><a href="#[2]">HardFault_Handler</a> from hal_lld.o(.text.HardFault_Handler) referenced from vectors_1.o(RESET)
 <LI><a href="#[3]">MemManage_Handler</a> from vectors_1.o(.text) referenced from vectors_1.o(RESET)
 <LI><a href="#[1]">NMI_Handler</a> from chcore.o(.text.NMI_Handler) referenced from vectors_1.o(RESET)
 <LI><a href="#[d]">PendSV_Handler</a> from vectors_1.o(.text) referenced from vectors_1.o(RESET)
 <LI><a href="#[0]">Reset_Handler</a> from cstartup_1.o(.text) referenced from vectors_1.o(RESET)
 <LI><a href="#[a]">SVC_Handler</a> from vectors_1.o(.text) referenced from vectors_1.o(RESET)
 <LI><a href="#[e]">SysTick_Handler</a> from hal_st_lld.o(.text.SysTick_Handler) referenced from vectors_1.o(RESET)
 <LI><a href="#[5]">UsageFault_Handler</a> from vectors_1.o(.text) referenced from vectors_1.o(RESET)
 <LI><a href="#[6]">Vector1C</a> from vectors_1.o(.text) referenced from vectors_1.o(RESET)
 <LI><a href="#[7]">Vector20</a> from vectors_1.o(.text) referenced from vectors_1.o(RESET)
 <LI><a href="#[8]">Vector24</a> from vectors_1.o(.text) referenced from vectors_1.o(RESET)
 <LI><a href="#[9]">Vector28</a> from vectors_1.o(.text) referenced from vectors_1.o(RESET)
 <LI><a href="#[c]">Vector34</a> from vectors_1.o(.text) referenced from vectors_1.o(RESET)
 <LI><a href="#[f]">Vector40</a> from vectors_1.o(.text) referenced from vectors_1.o(RESET)
 <LI><a href="#[10]">Vector44</a> from vectors_1.o(.text) referenced from vectors_1.o(RESET)
 <LI><a href="#[11]">Vector48</a> from vectors_1.o(.text) referenced from vectors_1.o(RESET)
 <LI><a href="#[12]">Vector4C</a> from vectors_1.o(.text) referenced from vectors_1.o(RESET)
 <LI><a href="#[13]">Vector50</a> from vectors_1.o(.text) referenced from vectors_1.o(RESET)
 <LI><a href="#[14]">Vector54</a> from vectors_1.o(.text) referenced from vectors_1.o(RESET)
 <LI><a href="#[15]">Vector58</a> from vectors_1.o(.text) referenced from vectors_1.o(RESET)
 <LI><a href="#[16]">Vector5C</a> from vectors_1.o(.text) referenced from vectors_1.o(RESET)
 <LI><a href="#[17]">Vector60</a> from vectors_1.o(.text) referenced from vectors_1.o(RESET)
 <LI><a href="#[18]">Vector64</a> from vectors_1.o(.text) referenced from vectors_1.o(RESET)
 <LI><a href="#[19]">Vector68</a> from vectors_1.o(.text) referenced from vectors_1.o(RESET)
 <LI><a href="#[1a]">Vector6C</a> from vectors_1.o(.text) referenced from vectors_1.o(RESET)
 <LI><a href="#[1b]">Vector70</a> from vectors_1.o(.text) referenced from vectors_1.o(RESET)
 <LI><a href="#[1c]">Vector74</a> from vectors_1.o(.text) referenced from vectors_1.o(RESET)
 <LI><a href="#[1d]">Vector78</a> from vectors_1.o(.text) referenced from vectors_1.o(RESET)
 <LI><a href="#[1e]">Vector7C</a> from vectors_1.o(.text) referenced from vectors_1.o(RESET)
 <LI><a href="#[1f]">Vector80</a> from vectors_1.o(.text) referenced from vectors_1.o(RESET)
 <LI><a href="#[20]">Vector84</a> from vectors_1.o(.text) referenced from vectors_1.o(RESET)
 <LI><a href="#[21]">Vector88</a> from vectors_1.o(.text) referenced from vectors_1.o(RESET)
 <LI><a href="#[22]">Vector8C</a> from vectors_1.o(.text) referenced from vectors_1.o(RESET)
 <LI><a href="#[23]">Vector90</a> from vectors_1.o(.text) referenced from vectors_1.o(RESET)
 <LI><a href="#[24]">Vector94</a> from vectors_1.o(.text) referenced from vectors_1.o(RESET)
 <LI><a href="#[25]">Vector98</a> from vectors_1.o(.text) referenced from vectors_1.o(RESET)
 <LI><a href="#[26]">Vector9C</a> from vectors_1.o(.text) referenced from vectors_1.o(RESET)
 <LI><a href="#[27]">VectorA0</a> from vectors_1.o(.text) referenced from vectors_1.o(RESET)
 <LI><a href="#[28]">VectorA4</a> from vectors_1.o(.text) referenced from vectors_1.o(RESET)
 <LI><a href="#[29]">VectorA8</a> from vectors_1.o(.text) referenced from vectors_1.o(RESET)
 <LI><a href="#[2a]">VectorAC</a> from vectors_1.o(.text) referenced from vectors_1.o(RESET)
 <LI><a href="#[2b]">VectorB0</a> from vectors_1.o(.text) referenced from vectors_1.o(RESET)
 <LI><a href="#[2c]">VectorB4</a> from vectors_1.o(.text) referenced from vectors_1.o(RESET)
 <LI><a href="#[2d]">VectorB8</a> from vectors_1.o(.text) referenced from vectors_1.o(RESET)
 <LI><a href="#[2e]">VectorBC</a> from hal_usb_lld.o(.text.VectorBC) referenced from vectors_1.o(RESET)
 <LI><a href="#[33]">__idle_thread</a> from chinstances.o(.text.__idle_thread) referenced from chinstances.o(.text.chInstanceObjectInit)
 <LI><a href="#[30]">__main</a> from entry.o(.ARM.Collect$$$$00000000) referenced from cstartup_1.o(.text)
 <LI><a href="#[32]">__port_exit_from_isr</a> from chcoreasm_1.o(.text) referenced from chcore.o(.text.__port_irq_epilogue)
 <LI><a href="#[31]">__port_switch_from_isr</a> from chcoreasm_1.o(.text) referenced from chcore.o(.text.__port_irq_epilogue)
 <LI><a href="#[35]">__port_thread_start</a> from chcoreasm_1.o(.text) referenced from chthreads.o(.text.chThdCreateSuspendedI)
 <LI><a href="#[34]">__sch_wakeup</a> from chschd.o(.text.__sch_wakeup) referenced from chschd.o(.text.chSchGoSleepTimeoutS)
 <LI><a href="#[3e]">_usb_ep0in</a> from hal_usb.o(.text._usb_ep0in) referenced from hal_usb_lld.o(.rodata.ep0config)
 <LI><a href="#[3f]">_usb_ep0out</a> from hal_usb.o(.text._usb_ep0out) referenced from hal_usb_lld.o(.rodata.ep0config)
 <LI><a href="#[3d]">_usb_ep0setup</a> from hal_usb.o(.text._usb_ep0setup) referenced from hal_usb_lld.o(.rodata.ep0config)
 <LI><a href="#[40]">dummy_usb_cb</a> from usb_main.o(.text.dummy_usb_cb) referenced from usb_main.o(.rodata.shared_ep_config)
 <LI><a href="#[38]">eeprom_update_byte</a> from eeprom_driver.o(.text.eeprom_update_byte) referenced from eeconfig.o(.text.eeconfig_init_quantum)
 <LI><a href="#[3a]">es_test_printf</a> from hal_lld.o(.text.es_test_printf) referenced from hal_lld.o(.text.rt_hw_hard_fault_exception)
 <LI><a href="#[3b]">ffffff</a> from hal_lld.o(.text.ffffff) referenced from hal_lld.o(.text.rt_hw_hard_fault_exception)
 <LI><a href="#[36]">keyboard_idle_timer_cb</a> from usb_main.o(.text.keyboard_idle_timer_cb) referenced from usb_main.o(.text.chVTSetI)
 <LI><a href="#[45]">keyboard_leds</a> from usb_main.o(.text.keyboard_leds) referenced from chibios.o(.data.chibios_driver)
 <LI><a href="#[2f]">main</a> from main.o(.text.main) referenced from entry9a.o(.ARM.Collect$$$$0000000B)
 <LI><a href="#[4a]">null_sendchar_func</a> from print.o(.text.null_sendchar_func) referenced from print.o(.data.func)
 <LI><a href="#[49]">send_extra</a> from usb_main.o(.text.send_extra) referenced from chibios.o(.data.chibios_driver)
 <LI><a href="#[46]">send_keyboard</a> from usb_main.o(.text.send_keyboard) referenced from chibios.o(.data.chibios_driver)
 <LI><a href="#[48]">send_mouse</a> from usb_main.o(.text.send_mouse) referenced from chibios.o(.data.chibios_driver)
 <LI><a href="#[47]">send_nkro</a> from usb_main.o(.text.send_nkro) referenced from chibios.o(.data.chibios_driver)
 <LI><a href="#[39]">sendchar</a> from sendchar.o(.text.sendchar) referenced from keyboard.o(.text.keyboard_setup)
 <LI><a href="#[3c]">set_led_transfer_cb</a> from usb_main.o(.text.set_led_transfer_cb) referenced from usb_main.o(.text.usb_requests_hook_cb)
 <LI><a href="#[37]">update_fn</a> from timer.o(.text.update_fn) referenced from timer.o(.text.chVTSetI)
 <LI><a href="#[41]">usb_event_cb</a> from usb_main.o(.text.usb_event_cb) referenced from usb_main.o(.rodata.usbcfg)
 <LI><a href="#[42]">usb_get_descriptor_cb</a> from usb_main.o(.text.usb_get_descriptor_cb) referenced from usb_main.o(.rodata.usbcfg)
 <LI><a href="#[43]">usb_requests_hook_cb</a> from usb_main.o(.text.usb_requests_hook_cb) referenced from usb_main.o(.rodata.usbcfg)
 <LI><a href="#[44]">usb_sof_cb</a> from usb_main.o(.text.usb_sof_cb) referenced from usb_main.o(.rodata.usbcfg)
</UL>
<P>
<H3>
Global Symbols
</H3>
<P><STRONG><a name="[30]"></a>__main</STRONG> (Thumb, 0 bytes, Stack size unknown bytes, entry.o(.ARM.Collect$$$$00000000))
<BR>[Address Reference Count : 1]<UL><LI> cstartup_1.o(.text)
</UL>
<P><STRONG><a name="[1b0]"></a>_main_stk</STRONG> (Thumb, 0 bytes, Stack size unknown bytes, entry2.o(.ARM.Collect$$$$00000001))

<P><STRONG><a name="[4b]"></a>_main_scatterload</STRONG> (Thumb, 0 bytes, Stack size unknown bytes, entry5.o(.ARM.Collect$$$$00000004))
<BR><BR>[Calls]<UL><LI><a href="#[4c]">&gt;&gt;</a>&nbsp;&nbsp;&nbsp;__scatterload
</UL>

<P><STRONG><a name="[63]"></a>__main_after_scatterload</STRONG> (Thumb, 0 bytes, Stack size unknown bytes, entry5.o(.ARM.Collect$$$$00000004))
<BR><BR>[Called By]<UL><LI><a href="#[4c]">&gt;&gt;</a>&nbsp;&nbsp;&nbsp;__scatterload
</UL>

<P><STRONG><a name="[1b1]"></a>_main_clock</STRONG> (Thumb, 0 bytes, Stack size unknown bytes, entry7b.o(.ARM.Collect$$$$00000008))

<P><STRONG><a name="[1b2]"></a>_main_cpp_init</STRONG> (Thumb, 0 bytes, Stack size unknown bytes, entry8b.o(.ARM.Collect$$$$0000000A))

<P><STRONG><a name="[1b3]"></a>_main_init</STRONG> (Thumb, 0 bytes, Stack size unknown bytes, entry9a.o(.ARM.Collect$$$$0000000B))

<P><STRONG><a name="[1b4]"></a>__rt_final_cpp</STRONG> (Thumb, 0 bytes, Stack size unknown bytes, entry10a.o(.ARM.Collect$$$$0000000D))

<P><STRONG><a name="[1b5]"></a>__rt_final_exit</STRONG> (Thumb, 0 bytes, Stack size unknown bytes, entry11a.o(.ARM.Collect$$$$0000000F))

<P><STRONG><a name="[0]"></a>Reset_Handler</STRONG> (Thumb, 26 bytes, Stack size 0 bytes, cstartup_1.o(.text))
<BR><BR>[Stack]<UL><LI>Max Depth = 8<LI>Call Chain = Reset_Handler &rArr; __early_init
</UL>
<BR>[Calls]<UL><LI><a href="#[4d]">&gt;&gt;</a>&nbsp;&nbsp;&nbsp;__early_init
</UL>
<BR>[Address Reference Count : 1]<UL><LI> vectors_1.o(RESET)
</UL>
<P><STRONG><a name="[4]"></a>BusFault_Handler</STRONG> (Thumb, 0 bytes, Stack size 0 bytes, vectors_1.o(.text))
<BR>[Address Reference Count : 1]<UL><LI> vectors_1.o(RESET)
</UL>
<P><STRONG><a name="[b]"></a>DebugMon_Handler</STRONG> (Thumb, 0 bytes, Stack size 0 bytes, vectors_1.o(.text))
<BR>[Address Reference Count : 1]<UL><LI> vectors_1.o(RESET)
</UL>
<P><STRONG><a name="[3]"></a>MemManage_Handler</STRONG> (Thumb, 0 bytes, Stack size 0 bytes, vectors_1.o(.text))
<BR>[Address Reference Count : 1]<UL><LI> vectors_1.o(RESET)
</UL>
<P><STRONG><a name="[d]"></a>PendSV_Handler</STRONG> (Thumb, 0 bytes, Stack size 0 bytes, vectors_1.o(.text))
<BR>[Address Reference Count : 1]<UL><LI> vectors_1.o(RESET)
</UL>
<P><STRONG><a name="[a]"></a>SVC_Handler</STRONG> (Thumb, 0 bytes, Stack size 0 bytes, vectors_1.o(.text))
<BR>[Address Reference Count : 1]<UL><LI> vectors_1.o(RESET)
</UL>
<P><STRONG><a name="[5]"></a>UsageFault_Handler</STRONG> (Thumb, 0 bytes, Stack size 0 bytes, vectors_1.o(.text))
<BR>[Address Reference Count : 1]<UL><LI> vectors_1.o(RESET)
</UL>
<P><STRONG><a name="[6]"></a>Vector1C</STRONG> (Thumb, 0 bytes, Stack size 0 bytes, vectors_1.o(.text))
<BR>[Address Reference Count : 1]<UL><LI> vectors_1.o(RESET)
</UL>
<P><STRONG><a name="[7]"></a>Vector20</STRONG> (Thumb, 0 bytes, Stack size 0 bytes, vectors_1.o(.text))
<BR>[Address Reference Count : 1]<UL><LI> vectors_1.o(RESET)
</UL>
<P><STRONG><a name="[8]"></a>Vector24</STRONG> (Thumb, 0 bytes, Stack size 0 bytes, vectors_1.o(.text))
<BR>[Address Reference Count : 1]<UL><LI> vectors_1.o(RESET)
</UL>
<P><STRONG><a name="[9]"></a>Vector28</STRONG> (Thumb, 0 bytes, Stack size 0 bytes, vectors_1.o(.text))
<BR>[Address Reference Count : 1]<UL><LI> vectors_1.o(RESET)
</UL>
<P><STRONG><a name="[c]"></a>Vector34</STRONG> (Thumb, 0 bytes, Stack size 0 bytes, vectors_1.o(.text))
<BR>[Address Reference Count : 1]<UL><LI> vectors_1.o(RESET)
</UL>
<P><STRONG><a name="[f]"></a>Vector40</STRONG> (Thumb, 0 bytes, Stack size 0 bytes, vectors_1.o(.text))
<BR>[Address Reference Count : 1]<UL><LI> vectors_1.o(RESET)
</UL>
<P><STRONG><a name="[10]"></a>Vector44</STRONG> (Thumb, 0 bytes, Stack size 0 bytes, vectors_1.o(.text))
<BR>[Address Reference Count : 1]<UL><LI> vectors_1.o(RESET)
</UL>
<P><STRONG><a name="[11]"></a>Vector48</STRONG> (Thumb, 0 bytes, Stack size 0 bytes, vectors_1.o(.text))
<BR>[Address Reference Count : 1]<UL><LI> vectors_1.o(RESET)
</UL>
<P><STRONG><a name="[12]"></a>Vector4C</STRONG> (Thumb, 0 bytes, Stack size 0 bytes, vectors_1.o(.text))
<BR>[Address Reference Count : 1]<UL><LI> vectors_1.o(RESET)
</UL>
<P><STRONG><a name="[13]"></a>Vector50</STRONG> (Thumb, 0 bytes, Stack size 0 bytes, vectors_1.o(.text))
<BR>[Address Reference Count : 1]<UL><LI> vectors_1.o(RESET)
</UL>
<P><STRONG><a name="[14]"></a>Vector54</STRONG> (Thumb, 0 bytes, Stack size 0 bytes, vectors_1.o(.text))
<BR>[Address Reference Count : 1]<UL><LI> vectors_1.o(RESET)
</UL>
<P><STRONG><a name="[15]"></a>Vector58</STRONG> (Thumb, 0 bytes, Stack size 0 bytes, vectors_1.o(.text))
<BR>[Address Reference Count : 1]<UL><LI> vectors_1.o(RESET)
</UL>
<P><STRONG><a name="[16]"></a>Vector5C</STRONG> (Thumb, 0 bytes, Stack size 0 bytes, vectors_1.o(.text))
<BR>[Address Reference Count : 1]<UL><LI> vectors_1.o(RESET)
</UL>
<P><STRONG><a name="[17]"></a>Vector60</STRONG> (Thumb, 0 bytes, Stack size 0 bytes, vectors_1.o(.text))
<BR>[Address Reference Count : 1]<UL><LI> vectors_1.o(RESET)
</UL>
<P><STRONG><a name="[18]"></a>Vector64</STRONG> (Thumb, 0 bytes, Stack size 0 bytes, vectors_1.o(.text))
<BR>[Address Reference Count : 1]<UL><LI> vectors_1.o(RESET)
</UL>
<P><STRONG><a name="[19]"></a>Vector68</STRONG> (Thumb, 0 bytes, Stack size 0 bytes, vectors_1.o(.text))
<BR>[Address Reference Count : 1]<UL><LI> vectors_1.o(RESET)
</UL>
<P><STRONG><a name="[1a]"></a>Vector6C</STRONG> (Thumb, 0 bytes, Stack size 0 bytes, vectors_1.o(.text))
<BR>[Address Reference Count : 1]<UL><LI> vectors_1.o(RESET)
</UL>
<P><STRONG><a name="[1b]"></a>Vector70</STRONG> (Thumb, 0 bytes, Stack size 0 bytes, vectors_1.o(.text))
<BR>[Address Reference Count : 1]<UL><LI> vectors_1.o(RESET)
</UL>
<P><STRONG><a name="[1c]"></a>Vector74</STRONG> (Thumb, 0 bytes, Stack size 0 bytes, vectors_1.o(.text))
<BR>[Address Reference Count : 1]<UL><LI> vectors_1.o(RESET)
</UL>
<P><STRONG><a name="[1d]"></a>Vector78</STRONG> (Thumb, 0 bytes, Stack size 0 bytes, vectors_1.o(.text))
<BR>[Address Reference Count : 1]<UL><LI> vectors_1.o(RESET)
</UL>
<P><STRONG><a name="[1e]"></a>Vector7C</STRONG> (Thumb, 0 bytes, Stack size 0 bytes, vectors_1.o(.text))
<BR>[Address Reference Count : 1]<UL><LI> vectors_1.o(RESET)
</UL>
<P><STRONG><a name="[1f]"></a>Vector80</STRONG> (Thumb, 0 bytes, Stack size 0 bytes, vectors_1.o(.text))
<BR>[Address Reference Count : 1]<UL><LI> vectors_1.o(RESET)
</UL>
<P><STRONG><a name="[20]"></a>Vector84</STRONG> (Thumb, 0 bytes, Stack size 0 bytes, vectors_1.o(.text))
<BR>[Address Reference Count : 1]<UL><LI> vectors_1.o(RESET)
</UL>
<P><STRONG><a name="[21]"></a>Vector88</STRONG> (Thumb, 0 bytes, Stack size 0 bytes, vectors_1.o(.text))
<BR>[Address Reference Count : 1]<UL><LI> vectors_1.o(RESET)
</UL>
<P><STRONG><a name="[22]"></a>Vector8C</STRONG> (Thumb, 0 bytes, Stack size 0 bytes, vectors_1.o(.text))
<BR>[Address Reference Count : 1]<UL><LI> vectors_1.o(RESET)
</UL>
<P><STRONG><a name="[23]"></a>Vector90</STRONG> (Thumb, 0 bytes, Stack size 0 bytes, vectors_1.o(.text))
<BR>[Address Reference Count : 1]<UL><LI> vectors_1.o(RESET)
</UL>
<P><STRONG><a name="[24]"></a>Vector94</STRONG> (Thumb, 0 bytes, Stack size 0 bytes, vectors_1.o(.text))
<BR>[Address Reference Count : 1]<UL><LI> vectors_1.o(RESET)
</UL>
<P><STRONG><a name="[25]"></a>Vector98</STRONG> (Thumb, 0 bytes, Stack size 0 bytes, vectors_1.o(.text))
<BR>[Address Reference Count : 1]<UL><LI> vectors_1.o(RESET)
</UL>
<P><STRONG><a name="[26]"></a>Vector9C</STRONG> (Thumb, 0 bytes, Stack size 0 bytes, vectors_1.o(.text))
<BR>[Address Reference Count : 1]<UL><LI> vectors_1.o(RESET)
</UL>
<P><STRONG><a name="[27]"></a>VectorA0</STRONG> (Thumb, 0 bytes, Stack size 0 bytes, vectors_1.o(.text))
<BR>[Address Reference Count : 1]<UL><LI> vectors_1.o(RESET)
</UL>
<P><STRONG><a name="[28]"></a>VectorA4</STRONG> (Thumb, 0 bytes, Stack size 0 bytes, vectors_1.o(.text))
<BR>[Address Reference Count : 1]<UL><LI> vectors_1.o(RESET)
</UL>
<P><STRONG><a name="[29]"></a>VectorA8</STRONG> (Thumb, 0 bytes, Stack size 0 bytes, vectors_1.o(.text))
<BR>[Address Reference Count : 1]<UL><LI> vectors_1.o(RESET)
</UL>
<P><STRONG><a name="[2a]"></a>VectorAC</STRONG> (Thumb, 0 bytes, Stack size 0 bytes, vectors_1.o(.text))
<BR>[Address Reference Count : 1]<UL><LI> vectors_1.o(RESET)
</UL>
<P><STRONG><a name="[2b]"></a>VectorB0</STRONG> (Thumb, 0 bytes, Stack size 0 bytes, vectors_1.o(.text))
<BR>[Address Reference Count : 1]<UL><LI> vectors_1.o(RESET)
</UL>
<P><STRONG><a name="[2c]"></a>VectorB4</STRONG> (Thumb, 0 bytes, Stack size 0 bytes, vectors_1.o(.text))
<BR>[Address Reference Count : 1]<UL><LI> vectors_1.o(RESET)
</UL>
<P><STRONG><a name="[2d]"></a>VectorB8</STRONG> (Thumb, 0 bytes, Stack size 0 bytes, vectors_1.o(.text))
<BR>[Address Reference Count : 1]<UL><LI> vectors_1.o(RESET)
</UL>
<P><STRONG><a name="[4e]"></a>_unhandled_exception</STRONG> (Thumb, 2 bytes, Stack size 0 bytes, vectors_1.o(.text), UNUSED)
<BR><BR>[Calls]<UL><LI><a href="#[4e]">&gt;&gt;</a>&nbsp;&nbsp;&nbsp;_unhandled_exception
</UL>
<BR>[Called By]<UL><LI><a href="#[4e]">&gt;&gt;</a>&nbsp;&nbsp;&nbsp;_unhandled_exception
</UL>

<P><STRONG><a name="[74]"></a>__port_switch</STRONG> (Thumb, 32 bytes, Stack size 0 bytes, chcoreasm_1.o(.text))
<BR><BR>[Called By]<UL><LI><a href="#[50]">&gt;&gt;</a>&nbsp;&nbsp;&nbsp;chSchDoPreemption
<LI><a href="#[72]">&gt;&gt;</a>&nbsp;&nbsp;&nbsp;__sch_reschedule_ahead
<LI><a href="#[9c]">&gt;&gt;</a>&nbsp;&nbsp;&nbsp;chSchGoSleepS
</UL>

<P><STRONG><a name="[35]"></a>__port_thread_start</STRONG> (Thumb, 14 bytes, Stack size 0 bytes, chcoreasm_1.o(.text))
<BR><BR>[Stack]<UL><LI>Max Depth = 24<LI>Call Chain = __port_thread_start &rArr; chThdExit &rArr; chThdExitS &rArr; chSchGoSleepS
</UL>
<BR>[Calls]<UL><LI><a href="#[4f]">&gt;&gt;</a>&nbsp;&nbsp;&nbsp;chThdExit
</UL>
<BR>[Address Reference Count : 1]<UL><LI> chthreads.o(.text.chThdCreateSuspendedI)
</UL>
<P><STRONG><a name="[31]"></a>__port_switch_from_isr</STRONG> (Thumb, 14 bytes, Stack size 0 bytes, chcoreasm_1.o(.text))
<BR><BR>[Stack]<UL><LI>Max Depth = 16<LI>Call Chain = __port_switch_from_isr &rArr; chSchDoPreemption
</UL>
<BR>[Calls]<UL><LI><a href="#[50]">&gt;&gt;</a>&nbsp;&nbsp;&nbsp;chSchDoPreemption
</UL>
<BR>[Address Reference Count : 1]<UL><LI> chcore.o(.text.__port_irq_epilogue)
</UL>
<P><STRONG><a name="[32]"></a>__port_exit_from_isr</STRONG> (Thumb, 0 bytes, Stack size unknown bytes, chcoreasm_1.o(.text))
<BR>[Address Reference Count : 1]<UL><LI> chcore.o(.text.__port_irq_epilogue)
</UL>
<P><STRONG><a name="[51]"></a>__aeabi_uldivmod</STRONG> (Thumb, 96 bytes, Stack size 48 bytes, uldiv.o(.text))
<BR><BR>[Stack]<UL><LI>Max Depth = 56<LI>Call Chain = __aeabi_uldivmod &rArr; __aeabi_llsr
</UL>
<BR>[Calls]<UL><LI><a href="#[52]">&gt;&gt;</a>&nbsp;&nbsp;&nbsp;__aeabi_llsr
<LI><a href="#[53]">&gt;&gt;</a>&nbsp;&nbsp;&nbsp;__aeabi_llsl
</UL>
<BR>[Called By]<UL><LI><a href="#[f1]">&gt;&gt;</a>&nbsp;&nbsp;&nbsp;md_rcu_pll0_init
<LI><a href="#[b7]">&gt;&gt;</a>&nbsp;&nbsp;&nbsp;timer_read32
</UL>

<P><STRONG><a name="[190]"></a>__aeabi_lmul</STRONG> (Thumb, 48 bytes, Stack size 12 bytes, llmul.o(.text))
<BR><BR>[Stack]<UL><LI>Max Depth = 12<LI>Call Chain = __aeabi_lmul
</UL>
<BR>[Called By]<UL><LI><a href="#[b7]">&gt;&gt;</a>&nbsp;&nbsp;&nbsp;timer_read32
</UL>

<P><STRONG><a name="[1b6]"></a>_ll_mul</STRONG> (Thumb, 0 bytes, Stack size 12 bytes, llmul.o(.text), UNUSED)

<P><STRONG><a name="[ba]"></a>__aeabi_memcpy</STRONG> (Thumb, 36 bytes, Stack size 0 bytes, memcpya.o(.text))
<BR><BR>[Called By]<UL><LI><a href="#[46]">&gt;&gt;</a>&nbsp;&nbsp;&nbsp;send_keyboard
<LI><a href="#[b6]">&gt;&gt;</a>&nbsp;&nbsp;&nbsp;debounce
<LI><a href="#[10f]">&gt;&gt;</a>&nbsp;&nbsp;&nbsp;matrix_scan
<LI><a href="#[182]">&gt;&gt;</a>&nbsp;&nbsp;&nbsp;send_6kro_report
<LI><a href="#[df]">&gt;&gt;</a>&nbsp;&nbsp;&nbsp;eeprom_write_block
<LI><a href="#[dd]">&gt;&gt;</a>&nbsp;&nbsp;&nbsp;eeprom_read_block
</UL>

<P><STRONG><a name="[1b7]"></a>__aeabi_memcpy4</STRONG> (Thumb, 0 bytes, Stack size 0 bytes, memcpya.o(.text), UNUSED)

<P><STRONG><a name="[1b8]"></a>__aeabi_memcpy8</STRONG> (Thumb, 0 bytes, Stack size 0 bytes, memcpya.o(.text), UNUSED)

<P><STRONG><a name="[55]"></a>__aeabi_memset</STRONG> (Thumb, 14 bytes, Stack size 0 bytes, memseta.o(.text))
<BR><BR>[Called By]<UL><LI><a href="#[56]">&gt;&gt;</a>&nbsp;&nbsp;&nbsp;_memset$wrapper
<LI><a href="#[54]">&gt;&gt;</a>&nbsp;&nbsp;&nbsp;__aeabi_memclr
</UL>

<P><STRONG><a name="[1b9]"></a>__aeabi_memset4</STRONG> (Thumb, 0 bytes, Stack size 0 bytes, memseta.o(.text), UNUSED)

<P><STRONG><a name="[1ba]"></a>__aeabi_memset8</STRONG> (Thumb, 0 bytes, Stack size 0 bytes, memseta.o(.text), UNUSED)

<P><STRONG><a name="[54]"></a>__aeabi_memclr</STRONG> (Thumb, 4 bytes, Stack size 0 bytes, memseta.o(.text))
<BR><BR>[Calls]<UL><LI><a href="#[55]">&gt;&gt;</a>&nbsp;&nbsp;&nbsp;__aeabi_memset
</UL>
<BR>[Called By]<UL><LI><a href="#[104]">&gt;&gt;</a>&nbsp;&nbsp;&nbsp;matrix_init
<LI><a href="#[af]">&gt;&gt;</a>&nbsp;&nbsp;&nbsp;clear_keys_from_report
<LI><a href="#[dd]">&gt;&gt;</a>&nbsp;&nbsp;&nbsp;eeprom_read_block
</UL>

<P><STRONG><a name="[db]"></a>__aeabi_memclr4</STRONG> (Thumb, 0 bytes, Stack size 0 bytes, memseta.o(.text))
<BR><BR>[Called By]<UL><LI><a href="#[194]">&gt;&gt;</a>&nbsp;&nbsp;&nbsp;usbInitEndpointI
<LI><a href="#[dc]">&gt;&gt;</a>&nbsp;&nbsp;&nbsp;eeprom_driver_init
<LI><a href="#[c9]">&gt;&gt;</a>&nbsp;&nbsp;&nbsp;eeprom_driver_erase
</UL>

<P><STRONG><a name="[67]"></a>__aeabi_memclr8</STRONG> (Thumb, 0 bytes, Stack size 0 bytes, memseta.o(.text))
<BR><BR>[Called By]<UL><LI><a href="#[2e]">&gt;&gt;</a>&nbsp;&nbsp;&nbsp;VectorBC
</UL>

<P><STRONG><a name="[56]"></a>_memset$wrapper</STRONG> (Thumb, 18 bytes, Stack size 8 bytes, memseta.o(.text), UNUSED)
<BR><BR>[Calls]<UL><LI><a href="#[55]">&gt;&gt;</a>&nbsp;&nbsp;&nbsp;__aeabi_memset
</UL>

<P><STRONG><a name="[b9]"></a>memcmp</STRONG> (Thumb, 26 bytes, Stack size 12 bytes, memcmp.o(.text))
<BR><BR>[Stack]<UL><LI>Max Depth = 12<LI>Call Chain = memcmp
</UL>
<BR>[Called By]<UL><LI><a href="#[b6]">&gt;&gt;</a>&nbsp;&nbsp;&nbsp;debounce
<LI><a href="#[10f]">&gt;&gt;</a>&nbsp;&nbsp;&nbsp;matrix_scan
<LI><a href="#[182]">&gt;&gt;</a>&nbsp;&nbsp;&nbsp;send_6kro_report
<LI><a href="#[d1]">&gt;&gt;</a>&nbsp;&nbsp;&nbsp;eeprom_update_block
</UL>

<P><STRONG><a name="[57]"></a>__aeabi_dadd</STRONG> (Thumb, 328 bytes, Stack size 48 bytes, dadd.o(.text))
<BR><BR>[Stack]<UL><LI>Max Depth = 104<LI>Call Chain = __aeabi_dadd &rArr; _double_epilogue &rArr; _double_round
</UL>
<BR>[Calls]<UL><LI><a href="#[5a]">&gt;&gt;</a>&nbsp;&nbsp;&nbsp;_double_round
<LI><a href="#[59]">&gt;&gt;</a>&nbsp;&nbsp;&nbsp;_double_epilogue
<LI><a href="#[58]">&gt;&gt;</a>&nbsp;&nbsp;&nbsp;__aeabi_lasr
<LI><a href="#[53]">&gt;&gt;</a>&nbsp;&nbsp;&nbsp;__aeabi_llsl
</UL>
<BR>[Called By]<UL><LI><a href="#[f2]">&gt;&gt;</a>&nbsp;&nbsp;&nbsp;md_rcu_sys_init
<LI><a href="#[5c]">&gt;&gt;</a>&nbsp;&nbsp;&nbsp;__aeabi_drsub
<LI><a href="#[5b]">&gt;&gt;</a>&nbsp;&nbsp;&nbsp;__aeabi_dsub
</UL>

<P><STRONG><a name="[5b]"></a>__aeabi_dsub</STRONG> (Thumb, 12 bytes, Stack size 8 bytes, dadd.o(.text), UNUSED)
<BR><BR>[Calls]<UL><LI><a href="#[57]">&gt;&gt;</a>&nbsp;&nbsp;&nbsp;__aeabi_dadd
</UL>

<P><STRONG><a name="[5c]"></a>__aeabi_drsub</STRONG> (Thumb, 12 bytes, Stack size 8 bytes, dadd.o(.text), UNUSED)
<BR><BR>[Calls]<UL><LI><a href="#[57]">&gt;&gt;</a>&nbsp;&nbsp;&nbsp;__aeabi_dadd
</UL>

<P><STRONG><a name="[5d]"></a>__aeabi_dmul</STRONG> (Thumb, 202 bytes, Stack size 72 bytes, dmul.o(.text))
<BR><BR>[Stack]<UL><LI>Max Depth = 128<LI>Call Chain = __aeabi_dmul &rArr; _double_epilogue &rArr; _double_round
</UL>
<BR>[Calls]<UL><LI><a href="#[59]">&gt;&gt;</a>&nbsp;&nbsp;&nbsp;_double_epilogue
</UL>
<BR>[Called By]<UL><LI><a href="#[f2]">&gt;&gt;</a>&nbsp;&nbsp;&nbsp;md_rcu_sys_init
</UL>

<P><STRONG><a name="[5e]"></a>__aeabi_ddiv</STRONG> (Thumb, 234 bytes, Stack size 40 bytes, ddiv.o(.text))
<BR><BR>[Stack]<UL><LI>Max Depth = 48<LI>Call Chain = __aeabi_ddiv &rArr; _double_round
</UL>
<BR>[Calls]<UL><LI><a href="#[5a]">&gt;&gt;</a>&nbsp;&nbsp;&nbsp;_double_round
</UL>
<BR>[Called By]<UL><LI><a href="#[f2]">&gt;&gt;</a>&nbsp;&nbsp;&nbsp;md_rcu_sys_init
</UL>

<P><STRONG><a name="[5f]"></a>__aeabi_i2d</STRONG> (Thumb, 34 bytes, Stack size 16 bytes, dflti.o(.text))
<BR><BR>[Stack]<UL><LI>Max Depth = 72<LI>Call Chain = __aeabi_i2d &rArr; _double_epilogue &rArr; _double_round
</UL>
<BR>[Calls]<UL><LI><a href="#[59]">&gt;&gt;</a>&nbsp;&nbsp;&nbsp;_double_epilogue
</UL>
<BR>[Called By]<UL><LI><a href="#[f2]">&gt;&gt;</a>&nbsp;&nbsp;&nbsp;md_rcu_sys_init
</UL>

<P><STRONG><a name="[60]"></a>__aeabi_ui2d</STRONG> (Thumb, 24 bytes, Stack size 16 bytes, dfltui.o(.text))
<BR><BR>[Stack]<UL><LI>Max Depth = 72<LI>Call Chain = __aeabi_ui2d &rArr; _double_epilogue &rArr; _double_round
</UL>
<BR>[Calls]<UL><LI><a href="#[59]">&gt;&gt;</a>&nbsp;&nbsp;&nbsp;_double_epilogue
</UL>
<BR>[Called By]<UL><LI><a href="#[f2]">&gt;&gt;</a>&nbsp;&nbsp;&nbsp;md_rcu_sys_init
</UL>

<P><STRONG><a name="[61]"></a>__aeabi_d2uiz</STRONG> (Thumb, 50 bytes, Stack size 8 bytes, dfixui.o(.text))
<BR><BR>[Stack]<UL><LI>Max Depth = 16<LI>Call Chain = __aeabi_d2uiz &rArr; __aeabi_llsr
</UL>
<BR>[Calls]<UL><LI><a href="#[52]">&gt;&gt;</a>&nbsp;&nbsp;&nbsp;__aeabi_llsr
</UL>
<BR>[Called By]<UL><LI><a href="#[f2]">&gt;&gt;</a>&nbsp;&nbsp;&nbsp;md_rcu_sys_init
</UL>

<P><STRONG><a name="[101]"></a>__aeabi_uidiv</STRONG> (Thumb, 0 bytes, Stack size 16 bytes, uidiv_div0.o(.text))
<BR><BR>[Stack]<UL><LI>Max Depth = 16<LI>Call Chain = __aeabi_uidiv
</UL>
<BR>[Called By]<UL><LI><a href="#[f3]">&gt;&gt;</a>&nbsp;&nbsp;&nbsp;md_uart_init
<LI><a href="#[f2]">&gt;&gt;</a>&nbsp;&nbsp;&nbsp;md_rcu_sys_init
<LI><a href="#[f1]">&gt;&gt;</a>&nbsp;&nbsp;&nbsp;md_rcu_pll0_init
<LI><a href="#[36]">&gt;&gt;</a>&nbsp;&nbsp;&nbsp;keyboard_idle_timer_cb
<LI><a href="#[43]">&gt;&gt;</a>&nbsp;&nbsp;&nbsp;usb_requests_hook_cb
</UL>

<P><STRONG><a name="[76]"></a>__aeabi_uidivmod</STRONG> (Thumb, 62 bytes, Stack size 16 bytes, uidiv_div0.o(.text))
<BR><BR>[Stack]<UL><LI>Max Depth = 16<LI>Call Chain = __aeabi_uidivmod
</UL>
<BR>[Called By]<UL><LI><a href="#[3e]">&gt;&gt;</a>&nbsp;&nbsp;&nbsp;_usb_ep0in
</UL>

<P><STRONG><a name="[53]"></a>__aeabi_llsl</STRONG> (Thumb, 32 bytes, Stack size 8 bytes, llshl.o(.text))
<BR><BR>[Stack]<UL><LI>Max Depth = 8<LI>Call Chain = __aeabi_llsl
</UL>
<BR>[Called By]<UL><LI><a href="#[57]">&gt;&gt;</a>&nbsp;&nbsp;&nbsp;__aeabi_dadd
<LI><a href="#[59]">&gt;&gt;</a>&nbsp;&nbsp;&nbsp;_double_epilogue
<LI><a href="#[51]">&gt;&gt;</a>&nbsp;&nbsp;&nbsp;__aeabi_uldivmod
</UL>

<P><STRONG><a name="[1bb]"></a>_ll_shift_l</STRONG> (Thumb, 0 bytes, Stack size 8 bytes, llshl.o(.text), UNUSED)

<P><STRONG><a name="[52]"></a>__aeabi_llsr</STRONG> (Thumb, 34 bytes, Stack size 8 bytes, llushr.o(.text))
<BR><BR>[Stack]<UL><LI>Max Depth = 8<LI>Call Chain = __aeabi_llsr
</UL>
<BR>[Called By]<UL><LI><a href="#[61]">&gt;&gt;</a>&nbsp;&nbsp;&nbsp;__aeabi_d2uiz
<LI><a href="#[59]">&gt;&gt;</a>&nbsp;&nbsp;&nbsp;_double_epilogue
<LI><a href="#[51]">&gt;&gt;</a>&nbsp;&nbsp;&nbsp;__aeabi_uldivmod
</UL>

<P><STRONG><a name="[1bc]"></a>_ll_ushift_r</STRONG> (Thumb, 0 bytes, Stack size 8 bytes, llushr.o(.text), UNUSED)

<P><STRONG><a name="[58]"></a>__aeabi_lasr</STRONG> (Thumb, 38 bytes, Stack size 8 bytes, llsshr.o(.text))
<BR><BR>[Stack]<UL><LI>Max Depth = 8<LI>Call Chain = __aeabi_lasr
</UL>
<BR>[Called By]<UL><LI><a href="#[57]">&gt;&gt;</a>&nbsp;&nbsp;&nbsp;__aeabi_dadd
</UL>

<P><STRONG><a name="[1bd]"></a>_ll_sshift_r</STRONG> (Thumb, 0 bytes, Stack size 8 bytes, llsshr.o(.text), UNUSED)

<P><STRONG><a name="[1be]"></a>__I$use$fp</STRONG> (Thumb, 0 bytes, Stack size 8 bytes, iusefp.o(.text), UNUSED)

<P><STRONG><a name="[5a]"></a>_double_round</STRONG> (Thumb, 26 bytes, Stack size 8 bytes, depilogue.o(.text))
<BR><BR>[Stack]<UL><LI>Max Depth = 8<LI>Call Chain = _double_round
</UL>
<BR>[Called By]<UL><LI><a href="#[5e]">&gt;&gt;</a>&nbsp;&nbsp;&nbsp;__aeabi_ddiv
<LI><a href="#[57]">&gt;&gt;</a>&nbsp;&nbsp;&nbsp;__aeabi_dadd
<LI><a href="#[59]">&gt;&gt;</a>&nbsp;&nbsp;&nbsp;_double_epilogue
</UL>

<P><STRONG><a name="[59]"></a>_double_epilogue</STRONG> (Thumb, 164 bytes, Stack size 48 bytes, depilogue.o(.text))
<BR><BR>[Stack]<UL><LI>Max Depth = 56<LI>Call Chain = _double_epilogue &rArr; _double_round
</UL>
<BR>[Calls]<UL><LI><a href="#[5a]">&gt;&gt;</a>&nbsp;&nbsp;&nbsp;_double_round
<LI><a href="#[62]">&gt;&gt;</a>&nbsp;&nbsp;&nbsp;__ARM_clz
<LI><a href="#[52]">&gt;&gt;</a>&nbsp;&nbsp;&nbsp;__aeabi_llsr
<LI><a href="#[53]">&gt;&gt;</a>&nbsp;&nbsp;&nbsp;__aeabi_llsl
</UL>
<BR>[Called By]<UL><LI><a href="#[5f]">&gt;&gt;</a>&nbsp;&nbsp;&nbsp;__aeabi_i2d
<LI><a href="#[5d]">&gt;&gt;</a>&nbsp;&nbsp;&nbsp;__aeabi_dmul
<LI><a href="#[60]">&gt;&gt;</a>&nbsp;&nbsp;&nbsp;__aeabi_ui2d
<LI><a href="#[57]">&gt;&gt;</a>&nbsp;&nbsp;&nbsp;__aeabi_dadd
</UL>

<P><STRONG><a name="[4c]"></a>__scatterload</STRONG> (Thumb, 28 bytes, Stack size 0 bytes, init.o(.text))
<BR><BR>[Calls]<UL><LI><a href="#[63]">&gt;&gt;</a>&nbsp;&nbsp;&nbsp;__main_after_scatterload
</UL>
<BR>[Called By]<UL><LI><a href="#[4b]">&gt;&gt;</a>&nbsp;&nbsp;&nbsp;_main_scatterload
</UL>

<P><STRONG><a name="[1bf]"></a>__scatterload_rt2</STRONG> (Thumb, 0 bytes, Stack size 0 bytes, init.o(.text), UNUSED)

<P><STRONG><a name="[2]"></a>HardFault_Handler</STRONG> (Thumb, 12 bytes, Stack size 0 bytes, hal_lld.o(.text.HardFault_Handler))
<BR><BR>[Calls]<UL><LI><a href="#[64]">&gt;&gt;</a>&nbsp;&nbsp;&nbsp;rt_hw_hard_fault_exception
</UL>
<BR>[Address Reference Count : 1]<UL><LI> vectors_1.o(RESET)
</UL>
<P><STRONG><a name="[1]"></a>NMI_Handler</STRONG> (Thumb, 14 bytes, Stack size 0 bytes, chcore.o(.text.NMI_Handler))
<BR>[Address Reference Count : 1]<UL><LI> vectors_1.o(RESET)
</UL>
<P><STRONG><a name="[e]"></a>SysTick_Handler</STRONG> (Thumb, 24 bytes, Stack size 8 bytes, hal_st_lld.o(.text.SysTick_Handler))
<BR><BR>[Stack]<UL><LI>Max Depth = 48<LI>Call Chain = SysTick_Handler &rArr; chSysTimerHandlerI &rArr; chVTDoTickI &rArr; ch_dlist_insert
</UL>
<BR>[Calls]<UL><LI><a href="#[65]">&gt;&gt;</a>&nbsp;&nbsp;&nbsp;chSysTimerHandlerI
<LI><a href="#[66]">&gt;&gt;</a>&nbsp;&nbsp;&nbsp;__port_irq_epilogue
</UL>
<BR>[Address Reference Count : 1]<UL><LI> vectors_1.o(RESET)
</UL>
<P><STRONG><a name="[2e]"></a>VectorBC</STRONG> (Thumb, 532 bytes, Stack size 40 bytes, hal_usb_lld.o(.text.VectorBC))
<BR><BR>[Stack]<UL><LI>Max Depth = 184<LI>Call Chain = VectorBC &rArr; handle_ep0 &rArr; _usb_ep0setup &rArr; usbStartTransmitI &rArr; usb_lld_start_in &rArr; usbd_ep_start_write &rArr; usbd_write_packet
</UL>
<BR>[Calls]<UL><LI><a href="#[6a]">&gt;&gt;</a>&nbsp;&nbsp;&nbsp;handle_ep0
<LI><a href="#[69]">&gt;&gt;</a>&nbsp;&nbsp;&nbsp;usbd_write_packet
<LI><a href="#[6c]">&gt;&gt;</a>&nbsp;&nbsp;&nbsp;es_usb_ep_out_data_avail
<LI><a href="#[6d]">&gt;&gt;</a>&nbsp;&nbsp;&nbsp;es_usbd_ep_read_packet_8bit
<LI><a href="#[68]">&gt;&gt;</a>&nbsp;&nbsp;&nbsp;_usb_reset
<LI><a href="#[6b]">&gt;&gt;</a>&nbsp;&nbsp;&nbsp;chThdResumeI
<LI><a href="#[66]">&gt;&gt;</a>&nbsp;&nbsp;&nbsp;__port_irq_epilogue
<LI><a href="#[67]">&gt;&gt;</a>&nbsp;&nbsp;&nbsp;__aeabi_memclr8
</UL>
<BR>[Address Reference Count : 1]<UL><LI> vectors_1.o(RESET)
</UL>
<P><STRONG><a name="[6f]"></a>__chibios_override___early_init</STRONG> (Thumb, 2 bytes, Stack size 0 bytes, board.o(.text.__chibios_override___early_init))
<BR><BR>[Called By]<UL><LI><a href="#[4d]">&gt;&gt;</a>&nbsp;&nbsp;&nbsp;__early_init
</UL>

<P><STRONG><a name="[96]"></a>__chibios_override_boardInit</STRONG> (Thumb, 2 bytes, Stack size 0 bytes, board.o(.text.__chibios_override_boardInit))
<BR><BR>[Called By]<UL><LI><a href="#[95]">&gt;&gt;</a>&nbsp;&nbsp;&nbsp;boardInit
</UL>

<P><STRONG><a name="[a3]"></a>__core_init</STRONG> (Thumb, 12 bytes, Stack size 0 bytes, chmemcore.o(.text.__core_init))
<BR><BR>[Called By]<UL><LI><a href="#[a2]">&gt;&gt;</a>&nbsp;&nbsp;&nbsp;chSysInit
</UL>

<P><STRONG><a name="[4d]"></a>__early_init</STRONG> (Thumb, 16 bytes, Stack size 8 bytes, chibios.o(.text.__early_init))
<BR><BR>[Stack]<UL><LI>Max Depth = 8<LI>Call Chain = __early_init
</UL>
<BR>[Calls]<UL><LI><a href="#[6f]">&gt;&gt;</a>&nbsp;&nbsp;&nbsp;__chibios_override___early_init
<LI><a href="#[70]">&gt;&gt;</a>&nbsp;&nbsp;&nbsp;early_hardware_init_post
<LI><a href="#[6e]">&gt;&gt;</a>&nbsp;&nbsp;&nbsp;early_hardware_init_pre
</UL>
<BR>[Called By]<UL><LI><a href="#[0]">&gt;&gt;</a>&nbsp;&nbsp;&nbsp;Reset_Handler
</UL>

<P><STRONG><a name="[66]"></a>__port_irq_epilogue</STRONG> (Thumb, 52 bytes, Stack size 8 bytes, chcore.o(.text.__port_irq_epilogue))
<BR><BR>[Stack]<UL><LI>Max Depth = 8<LI>Call Chain = __port_irq_epilogue
</UL>
<BR>[Calls]<UL><LI><a href="#[71]">&gt;&gt;</a>&nbsp;&nbsp;&nbsp;chSchIsPreemptionRequired
</UL>
<BR>[Called By]<UL><LI><a href="#[2e]">&gt;&gt;</a>&nbsp;&nbsp;&nbsp;VectorBC
<LI><a href="#[e]">&gt;&gt;</a>&nbsp;&nbsp;&nbsp;SysTick_Handler
</UL>

<P><STRONG><a name="[9a]"></a>__thd_object_init</STRONG> (Thumb, 20 bytes, Stack size 0 bytes, chthreads.o(.text.__thd_object_init))
<BR><BR>[Called By]<UL><LI><a href="#[98]">&gt;&gt;</a>&nbsp;&nbsp;&nbsp;chInstanceObjectInit
</UL>

<P><STRONG><a name="[ed]"></a>_pal_lld_init</STRONG> (Thumb, 2 bytes, Stack size 0 bytes, hal_pal_lld.o(.text._pal_lld_init))
<BR><BR>[Called By]<UL><LI><a href="#[eb]">&gt;&gt;</a>&nbsp;&nbsp;&nbsp;halInit
</UL>

<P><STRONG><a name="[123]"></a>_pal_lld_setgroupmode</STRONG> (Thumb, 214 bytes, Stack size 56 bytes, hal_pal_lld.o(.text._pal_lld_setgroupmode))
<BR><BR>[Stack]<UL><LI>Max Depth = 56<LI>Call Chain = _pal_lld_setgroupmode
</UL>
<BR>[Called By]<UL><LI><a href="#[138]">&gt;&gt;</a>&nbsp;&nbsp;&nbsp;matrix_read_cols_on_row
<LI><a href="#[135]">&gt;&gt;</a>&nbsp;&nbsp;&nbsp;setPinInputHigh_atomic
<LI><a href="#[122]">&gt;&gt;</a>&nbsp;&nbsp;&nbsp;led_init_ports
</UL>

<P><STRONG><a name="[3e]"></a>_usb_ep0in</STRONG> (Thumb, 206 bytes, Stack size 16 bytes, hal_usb.o(.text._usb_ep0in))
<BR><BR>[Stack]<UL><LI>Max Depth = 112<LI>Call Chain = _usb_ep0in &rArr; usbStartTransmitI &rArr; usb_lld_start_in &rArr; usbd_ep_start_write &rArr; usbd_write_packet
</UL>
<BR>[Calls]<UL><LI><a href="#[78]">&gt;&gt;</a>&nbsp;&nbsp;&nbsp;usb_lld_stall_in
<LI><a href="#[79]">&gt;&gt;</a>&nbsp;&nbsp;&nbsp;usb_lld_stall_out
<LI><a href="#[7a]">&gt;&gt;</a>&nbsp;&nbsp;&nbsp;usbStartTransmitI
<LI><a href="#[77]">&gt;&gt;</a>&nbsp;&nbsp;&nbsp;usbStartReceiveI
<LI><a href="#[76]">&gt;&gt;</a>&nbsp;&nbsp;&nbsp;__aeabi_uidivmod
</UL>
<BR>[Called By]<UL><LI><a href="#[6a]">&gt;&gt;</a>&nbsp;&nbsp;&nbsp;handle_ep0
</UL>
<BR>[Address Reference Count : 1]<UL><LI> hal_usb_lld.o(.rodata.ep0config)
</UL>
<P><STRONG><a name="[3f]"></a>_usb_ep0out</STRONG> (Thumb, 124 bytes, Stack size 16 bytes, hal_usb.o(.text._usb_ep0out))
<BR><BR>[Stack]<UL><LI>Max Depth = 112<LI>Call Chain = _usb_ep0out &rArr; usbStartTransmitI &rArr; usb_lld_start_in &rArr; usbd_ep_start_write &rArr; usbd_write_packet
</UL>
<BR>[Calls]<UL><LI><a href="#[78]">&gt;&gt;</a>&nbsp;&nbsp;&nbsp;usb_lld_stall_in
<LI><a href="#[79]">&gt;&gt;</a>&nbsp;&nbsp;&nbsp;usb_lld_stall_out
<LI><a href="#[7a]">&gt;&gt;</a>&nbsp;&nbsp;&nbsp;usbStartTransmitI
</UL>
<BR>[Called By]<UL><LI><a href="#[6a]">&gt;&gt;</a>&nbsp;&nbsp;&nbsp;handle_ep0
</UL>
<BR>[Address Reference Count : 1]<UL><LI> hal_usb_lld.o(.rodata.ep0config)
</UL>
<P><STRONG><a name="[3d]"></a>_usb_ep0setup</STRONG> (Thumb, 652 bytes, Stack size 24 bytes, hal_usb.o(.text._usb_ep0setup))
<BR><BR>[Stack]<UL><LI>Max Depth = 120<LI>Call Chain = _usb_ep0setup &rArr; usbStartTransmitI &rArr; usb_lld_start_in &rArr; usbd_ep_start_write &rArr; usbd_write_packet
</UL>
<BR>[Calls]<UL><LI><a href="#[81]">&gt;&gt;</a>&nbsp;&nbsp;&nbsp;usb_lld_clear_in
<LI><a href="#[80]">&gt;&gt;</a>&nbsp;&nbsp;&nbsp;usb_lld_get_status_in
<LI><a href="#[7e]">&gt;&gt;</a>&nbsp;&nbsp;&nbsp;usb_lld_set_address
<LI><a href="#[7d]">&gt;&gt;</a>&nbsp;&nbsp;&nbsp;usb_lld_clear_out
<LI><a href="#[7c]">&gt;&gt;</a>&nbsp;&nbsp;&nbsp;usb_lld_get_status_out
<LI><a href="#[7b]">&gt;&gt;</a>&nbsp;&nbsp;&nbsp;usb_lld_read_setup
<LI><a href="#[78]">&gt;&gt;</a>&nbsp;&nbsp;&nbsp;usb_lld_stall_in
<LI><a href="#[79]">&gt;&gt;</a>&nbsp;&nbsp;&nbsp;usb_lld_stall_out
<LI><a href="#[7a]">&gt;&gt;</a>&nbsp;&nbsp;&nbsp;usbStartTransmitI
<LI><a href="#[77]">&gt;&gt;</a>&nbsp;&nbsp;&nbsp;usbStartReceiveI
<LI><a href="#[7f]">&gt;&gt;</a>&nbsp;&nbsp;&nbsp;usbDisableEndpointsI
</UL>
<BR>[Called By]<UL><LI><a href="#[6a]">&gt;&gt;</a>&nbsp;&nbsp;&nbsp;handle_ep0
</UL>
<BR>[Address Reference Count : 1]<UL><LI> hal_usb_lld.o(.rodata.ep0config)
</UL>
<P><STRONG><a name="[68]"></a>_usb_reset</STRONG> (Thumb, 94 bytes, Stack size 16 bytes, hal_usb.o(.text._usb_reset))
<BR><BR>[Stack]<UL><LI>Max Depth = 40<LI>Call Chain = _usb_reset &rArr; osalThreadResumeI &rArr; chThdResumeI &rArr; chSchReadyI
</UL>
<BR>[Calls]<UL><LI><a href="#[83]">&gt;&gt;</a>&nbsp;&nbsp;&nbsp;usb_lld_reset
<LI><a href="#[82]">&gt;&gt;</a>&nbsp;&nbsp;&nbsp;osalThreadResumeI
</UL>
<BR>[Called By]<UL><LI><a href="#[2e]">&gt;&gt;</a>&nbsp;&nbsp;&nbsp;VectorBC
</UL>

<P><STRONG><a name="[84]"></a>action_exec</STRONG> (Thumb, 52 bytes, Stack size 24 bytes, action.o(.text.action_exec))
<BR><BR>[Stack]<UL><LI>Max Depth = 296<LI>Call Chain = action_exec &rArr; action_tapping_process &rArr; process_tapping &rArr; waiting_buffer_scan_tap &rArr; process_record &rArr; process_record_quantum &rArr; process_space_cadet &rArr; perform_space_cadet &rArr; tap_code &rArr; tap_code_delay &rArr; chThdSleep &rArr; chThdSleepS &rArr; chSchGoSleepTimeoutS &rArr; chVTDoSetI &rArr; ch_dlist_insert
</UL>
<BR>[Calls]<UL><LI><a href="#[86]">&gt;&gt;</a>&nbsp;&nbsp;&nbsp;pre_process_record_quantum
<LI><a href="#[87]">&gt;&gt;</a>&nbsp;&nbsp;&nbsp;action_tapping_process
<LI><a href="#[85]">&gt;&gt;</a>&nbsp;&nbsp;&nbsp;clear_weak_mods
</UL>
<BR>[Called By]<UL><LI><a href="#[10d]">&gt;&gt;</a>&nbsp;&nbsp;&nbsp;keyboard_task
</UL>

<P><STRONG><a name="[88]"></a>action_for_key</STRONG> (Thumb, 14 bytes, Stack size 8 bytes, keymap_common.o(.text.action_for_key))
<BR><BR>[Stack]<UL><LI>Max Depth = 40<LI>Call Chain = action_for_key &rArr; action_for_keycode &rArr; mod_config
</UL>
<BR>[Calls]<UL><LI><a href="#[89]">&gt;&gt;</a>&nbsp;&nbsp;&nbsp;keymap_key_to_keycode
<LI><a href="#[8a]">&gt;&gt;</a>&nbsp;&nbsp;&nbsp;action_for_keycode
</UL>
<BR>[Called By]<UL><LI><a href="#[ff]">&gt;&gt;</a>&nbsp;&nbsp;&nbsp;layer_switch_get_action
<LI><a href="#[164]">&gt;&gt;</a>&nbsp;&nbsp;&nbsp;store_or_get_action
<LI><a href="#[e5]">&gt;&gt;</a>&nbsp;&nbsp;&nbsp;layer_switch_get_layer
</UL>

<P><STRONG><a name="[8a]"></a>action_for_keycode</STRONG> (Thumb, 792 bytes, Stack size 16 bytes, keymap_common.o(.text.action_for_keycode))
<BR><BR>[Stack]<UL><LI>Max Depth = 32<LI>Call Chain = action_for_keycode &rArr; mod_config
</UL>
<BR>[Calls]<UL><LI><a href="#[8c]">&gt;&gt;</a>&nbsp;&nbsp;&nbsp;mod_config
<LI><a href="#[8b]">&gt;&gt;</a>&nbsp;&nbsp;&nbsp;keycode_config
</UL>
<BR>[Called By]<UL><LI><a href="#[88]">&gt;&gt;</a>&nbsp;&nbsp;&nbsp;action_for_key
</UL>

<P><STRONG><a name="[87]"></a>action_tapping_process</STRONG> (Thumb, 164 bytes, Stack size 24 bytes, action_tapping.o(.text.action_tapping_process))
<BR><BR>[Stack]<UL><LI>Max Depth = 272<LI>Call Chain = action_tapping_process &rArr; process_tapping &rArr; waiting_buffer_scan_tap &rArr; process_record &rArr; process_record_quantum &rArr; process_space_cadet &rArr; perform_space_cadet &rArr; tap_code &rArr; tap_code_delay &rArr; chThdSleep &rArr; chThdSleepS &rArr; chSchGoSleepTimeoutS &rArr; chVTDoSetI &rArr; ch_dlist_insert
</UL>
<BR>[Calls]<UL><LI><a href="#[8f]">&gt;&gt;</a>&nbsp;&nbsp;&nbsp;clear_keyboard
<LI><a href="#[90]">&gt;&gt;</a>&nbsp;&nbsp;&nbsp;debug_waiting_buffer
<LI><a href="#[8d]">&gt;&gt;</a>&nbsp;&nbsp;&nbsp;process_tapping
<LI><a href="#[8e]">&gt;&gt;</a>&nbsp;&nbsp;&nbsp;debug_record
</UL>
<BR>[Called By]<UL><LI><a href="#[84]">&gt;&gt;</a>&nbsp;&nbsp;&nbsp;action_exec
</UL>

<P><STRONG><a name="[92]"></a>add_key_byte</STRONG> (Thumb, 54 bytes, Stack size 16 bytes, report.o(.text.add_key_byte))
<BR><BR>[Stack]<UL><LI>Max Depth = 16<LI>Call Chain = add_key_byte
</UL>
<BR>[Called By]<UL><LI><a href="#[91]">&gt;&gt;</a>&nbsp;&nbsp;&nbsp;add_key_to_report
</UL>

<P><STRONG><a name="[91]"></a>add_key_to_report</STRONG> (Thumb, 16 bytes, Stack size 8 bytes, report.o(.text.add_key_to_report))
<BR><BR>[Stack]<UL><LI>Max Depth = 24<LI>Call Chain = add_key_to_report &rArr; add_key_byte
</UL>
<BR>[Calls]<UL><LI><a href="#[92]">&gt;&gt;</a>&nbsp;&nbsp;&nbsp;add_key_byte
</UL>
<BR>[Called By]<UL><LI><a href="#[15f]">&gt;&gt;</a>&nbsp;&nbsp;&nbsp;process_grave_esc
<LI><a href="#[15a]">&gt;&gt;</a>&nbsp;&nbsp;&nbsp;register_code
</UL>

<P><STRONG><a name="[159]"></a>add_mods</STRONG> (Thumb, 12 bytes, Stack size 0 bytes, action_util.o(.text.add_mods))
<BR><BR>[Called By]<UL><LI><a href="#[15a]">&gt;&gt;</a>&nbsp;&nbsp;&nbsp;register_code
<LI><a href="#[14a]">&gt;&gt;</a>&nbsp;&nbsp;&nbsp;register_mods
<LI><a href="#[153]">&gt;&gt;</a>&nbsp;&nbsp;&nbsp;process_action
</UL>

<P><STRONG><a name="[93]"></a>add_oneshot_mods</STRONG> (Thumb, 24 bytes, Stack size 8 bytes, action_util.o(.text.add_oneshot_mods))
<BR><BR>[Stack]<UL><LI>Max Depth = 16<LI>Call Chain = add_oneshot_mods &rArr; oneshot_mods_changed_kb
</UL>
<BR>[Calls]<UL><LI><a href="#[94]">&gt;&gt;</a>&nbsp;&nbsp;&nbsp;oneshot_mods_changed_kb
</UL>
<BR>[Called By]<UL><LI><a href="#[153]">&gt;&gt;</a>&nbsp;&nbsp;&nbsp;process_action
</UL>

<P><STRONG><a name="[158]"></a>add_weak_mods</STRONG> (Thumb, 12 bytes, Stack size 0 bytes, action_util.o(.text.add_weak_mods))
<BR><BR>[Called By]<UL><LI><a href="#[153]">&gt;&gt;</a>&nbsp;&nbsp;&nbsp;process_action
</UL>

<P><STRONG><a name="[fd]"></a>ald_usb_dev_connect</STRONG> (Thumb, 12 bytes, Stack size 0 bytes, ald_usb.o(.text.ald_usb_dev_connect))
<BR><BR>[Called By]<UL><LI><a href="#[f9]">&gt;&gt;</a>&nbsp;&nbsp;&nbsp;init_usb_driver
</UL>

<P><STRONG><a name="[fa]"></a>ald_usb_dev_disconnect</STRONG> (Thumb, 12 bytes, Stack size 0 bytes, ald_usb.o(.text.ald_usb_dev_disconnect))
<BR><BR>[Called By]<UL><LI><a href="#[f9]">&gt;&gt;</a>&nbsp;&nbsp;&nbsp;init_usb_driver
</UL>

<P><STRONG><a name="[1a3]"></a>ald_usb_dev_ep_config</STRONG> (Thumb, 68 bytes, Stack size 8 bytes, ald_usb.o(.text.ald_usb_dev_ep_config))
<BR><BR>[Stack]<UL><LI>Max Depth = 8<LI>Call Chain = ald_usb_dev_ep_config
</UL>
<BR>[Called By]<UL><LI><a href="#[195]">&gt;&gt;</a>&nbsp;&nbsp;&nbsp;usb_lld_init_endpoint
</UL>

<P><STRONG><a name="[1a6]"></a>ald_usb_dev_ep_stall</STRONG> (Thumb, 44 bytes, Stack size 0 bytes, ald_usb.o(.text.ald_usb_dev_ep_stall))
<BR><BR>[Called By]<UL><LI><a href="#[78]">&gt;&gt;</a>&nbsp;&nbsp;&nbsp;usb_lld_stall_in
<LI><a href="#[79]">&gt;&gt;</a>&nbsp;&nbsp;&nbsp;usb_lld_stall_out
</UL>

<P><STRONG><a name="[1a1]"></a>ald_usb_dev_ep_stall_clear</STRONG> (Thumb, 64 bytes, Stack size 0 bytes, ald_usb.o(.text.ald_usb_dev_ep_stall_clear))
<BR><BR>[Called By]<UL><LI><a href="#[81]">&gt;&gt;</a>&nbsp;&nbsp;&nbsp;usb_lld_clear_in
<LI><a href="#[7d]">&gt;&gt;</a>&nbsp;&nbsp;&nbsp;usb_lld_clear_out
</UL>

<P><STRONG><a name="[1a7]"></a>ald_usb_device_components_init</STRONG> (Thumb, 48 bytes, Stack size 0 bytes, ald_usb.o(.text.ald_usb_device_components_init))
<BR><BR>[Called By]<UL><LI><a href="#[196]">&gt;&gt;</a>&nbsp;&nbsp;&nbsp;usb_lld_start
</UL>

<P><STRONG><a name="[e3]"></a>ald_usb_ep_data_avail</STRONG> (Thumb, 40 bytes, Stack size 0 bytes, ald_usb.o(.text.ald_usb_ep_data_avail))
<BR><BR>[Called By]<UL><LI><a href="#[6a]">&gt;&gt;</a>&nbsp;&nbsp;&nbsp;handle_ep0
<LI><a href="#[6c]">&gt;&gt;</a>&nbsp;&nbsp;&nbsp;es_usb_ep_out_data_avail
</UL>

<P><STRONG><a name="[1a5]"></a>ald_usb_fifo_config_set_no_assert</STRONG> (Thumb, 72 bytes, Stack size 8 bytes, hal_usb_lld.o(.text.ald_usb_fifo_config_set_no_assert))
<BR><BR>[Stack]<UL><LI>Max Depth = 8<LI>Call Chain = ald_usb_fifo_config_set_no_assert
</UL>
<BR>[Called By]<UL><LI><a href="#[195]">&gt;&gt;</a>&nbsp;&nbsp;&nbsp;usb_lld_init_endpoint
</UL>

<P><STRONG><a name="[1aa]"></a>ald_usb_int_enable</STRONG> (Thumb, 16 bytes, Stack size 0 bytes, ald_usb.o(.text.ald_usb_int_enable))
<BR><BR>[Called By]<UL><LI><a href="#[196]">&gt;&gt;</a>&nbsp;&nbsp;&nbsp;usb_lld_start
</UL>

<P><STRONG><a name="[1ab]"></a>ald_usb_int_enable_ep</STRONG> (Thumb, 28 bytes, Stack size 0 bytes, ald_usb.o(.text.ald_usb_int_enable_ep))
<BR><BR>[Called By]<UL><LI><a href="#[196]">&gt;&gt;</a>&nbsp;&nbsp;&nbsp;usb_lld_start
</UL>

<P><STRONG><a name="[1ac]"></a>ald_usb_int_register</STRONG> (Thumb, 28 bytes, Stack size 0 bytes, ald_usb.o(.text.ald_usb_int_register))
<BR><BR>[Called By]<UL><LI><a href="#[196]">&gt;&gt;</a>&nbsp;&nbsp;&nbsp;usb_lld_start
</UL>

<P><STRONG><a name="[1a9]"></a>ald_usb_int_status_ep_get</STRONG> (Thumb, 24 bytes, Stack size 0 bytes, ald_usb.o(.text.ald_usb_int_status_ep_get))
<BR><BR>[Called By]<UL><LI><a href="#[196]">&gt;&gt;</a>&nbsp;&nbsp;&nbsp;usb_lld_start
</UL>

<P><STRONG><a name="[1a8]"></a>ald_usb_int_status_get</STRONG> (Thumb, 16 bytes, Stack size 0 bytes, ald_usb.o(.text.ald_usb_int_status_get))
<BR><BR>[Called By]<UL><LI><a href="#[196]">&gt;&gt;</a>&nbsp;&nbsp;&nbsp;usb_lld_start
</UL>

<P><STRONG><a name="[1ae]"></a>ald_usb_int_unregister</STRONG> (Thumb, 20 bytes, Stack size 0 bytes, ald_usb.o(.text.ald_usb_int_unregister))
<BR><BR>[Called By]<UL><LI><a href="#[199]">&gt;&gt;</a>&nbsp;&nbsp;&nbsp;usb_lld_stop
</UL>

<P><STRONG><a name="[95]"></a>boardInit</STRONG> (Thumb, 12 bytes, Stack size 8 bytes, chibios.o(.text.boardInit))
<BR><BR>[Stack]<UL><LI>Max Depth = 8<LI>Call Chain = boardInit
</UL>
<BR>[Calls]<UL><LI><a href="#[96]">&gt;&gt;</a>&nbsp;&nbsp;&nbsp;__chibios_override_boardInit
<LI><a href="#[97]">&gt;&gt;</a>&nbsp;&nbsp;&nbsp;board_init
</UL>
<BR>[Called By]<UL><LI><a href="#[eb]">&gt;&gt;</a>&nbsp;&nbsp;&nbsp;halInit
</UL>

<P><STRONG><a name="[97]"></a>board_init</STRONG> (Thumb, 2 bytes, Stack size 0 bytes, chibios.o(.text.board_init))
<BR><BR>[Called By]<UL><LI><a href="#[95]">&gt;&gt;</a>&nbsp;&nbsp;&nbsp;boardInit
</UL>

<P><STRONG><a name="[181]"></a>bootloader_jump</STRONG> (Thumb, 2 bytes, Stack size 0 bytes, custom.o(.text.bootloader_jump))
<BR><BR>[Called By]<UL><LI><a href="#[16a]">&gt;&gt;</a>&nbsp;&nbsp;&nbsp;reset_keyboard
</UL>

<P><STRONG><a name="[12b]"></a>bootmagic</STRONG> (Thumb, 2 bytes, Stack size 0 bytes, magic.o(.text.bootmagic))
<BR><BR>[Called By]<UL><LI><a href="#[12a]">&gt;&gt;</a>&nbsp;&nbsp;&nbsp;magic
</UL>

<P><STRONG><a name="[98]"></a>chInstanceObjectInit</STRONG> (Thumb, 108 bytes, Stack size 40 bytes, chinstances.o(.text.chInstanceObjectInit))
<BR><BR>[Stack]<UL><LI>Max Depth = 56<LI>Call Chain = chInstanceObjectInit &rArr; chThdCreateI &rArr; chThdCreateSuspendedI
</UL>
<BR>[Calls]<UL><LI><a href="#[9b]">&gt;&gt;</a>&nbsp;&nbsp;&nbsp;chThdCreateI
<LI><a href="#[9a]">&gt;&gt;</a>&nbsp;&nbsp;&nbsp;__thd_object_init
<LI><a href="#[99]">&gt;&gt;</a>&nbsp;&nbsp;&nbsp;port_init
</UL>
<BR>[Called By]<UL><LI><a href="#[a2]">&gt;&gt;</a>&nbsp;&nbsp;&nbsp;chSysInit
</UL>

<P><STRONG><a name="[50]"></a>chSchDoPreemption</STRONG> (Thumb, 36 bytes, Stack size 16 bytes, chschd.o(.text.chSchDoPreemption))
<BR><BR>[Stack]<UL><LI>Max Depth = 16<LI>Call Chain = chSchDoPreemption
</UL>
<BR>[Calls]<UL><LI><a href="#[74]">&gt;&gt;</a>&nbsp;&nbsp;&nbsp;__port_switch
<LI><a href="#[73]">&gt;&gt;</a>&nbsp;&nbsp;&nbsp;__sch_ready_ahead
</UL>
<BR>[Called By]<UL><LI><a href="#[31]">&gt;&gt;</a>&nbsp;&nbsp;&nbsp;__port_switch_from_isr
</UL>

<P><STRONG><a name="[9c]"></a>chSchGoSleepS</STRONG> (Thumb, 28 bytes, Stack size 8 bytes, chschd.o(.text.chSchGoSleepS))
<BR><BR>[Stack]<UL><LI>Max Depth = 8<LI>Call Chain = chSchGoSleepS
</UL>
<BR>[Calls]<UL><LI><a href="#[74]">&gt;&gt;</a>&nbsp;&nbsp;&nbsp;__port_switch
</UL>
<BR>[Called By]<UL><LI><a href="#[a6]">&gt;&gt;</a>&nbsp;&nbsp;&nbsp;chThdExitS
<LI><a href="#[9d]">&gt;&gt;</a>&nbsp;&nbsp;&nbsp;chSchGoSleepTimeoutS
</UL>

<P><STRONG><a name="[9d]"></a>chSchGoSleepTimeoutS</STRONG> (Thumb, 56 bytes, Stack size 40 bytes, chschd.o(.text.chSchGoSleepTimeoutS))
<BR><BR>[Stack]<UL><LI>Max Depth = 64<LI>Call Chain = chSchGoSleepTimeoutS &rArr; chVTDoSetI &rArr; ch_dlist_insert
</UL>
<BR>[Calls]<UL><LI><a href="#[9f]">&gt;&gt;</a>&nbsp;&nbsp;&nbsp;chVTDoResetI
<LI><a href="#[9e]">&gt;&gt;</a>&nbsp;&nbsp;&nbsp;chVTDoSetI
<LI><a href="#[9c]">&gt;&gt;</a>&nbsp;&nbsp;&nbsp;chSchGoSleepS
</UL>
<BR>[Called By]<UL><LI><a href="#[a9]">&gt;&gt;</a>&nbsp;&nbsp;&nbsp;chThdSuspendTimeoutS
<LI><a href="#[a8]">&gt;&gt;</a>&nbsp;&nbsp;&nbsp;chThdSleepS
</UL>

<P><STRONG><a name="[71]"></a>chSchIsPreemptionRequired</STRONG> (Thumb, 24 bytes, Stack size 0 bytes, chschd.o(.text.chSchIsPreemptionRequired))
<BR><BR>[Called By]<UL><LI><a href="#[66]">&gt;&gt;</a>&nbsp;&nbsp;&nbsp;__port_irq_epilogue
</UL>

<P><STRONG><a name="[a0]"></a>chSchReadyI</STRONG> (Thumb, 8 bytes, Stack size 8 bytes, chschd.o(.text.chSchReadyI))
<BR><BR>[Stack]<UL><LI>Max Depth = 8<LI>Call Chain = chSchReadyI
</UL>
<BR>[Calls]<UL><LI><a href="#[75]">&gt;&gt;</a>&nbsp;&nbsp;&nbsp;__sch_ready_behind
</UL>
<BR>[Called By]<UL><LI><a href="#[6b]">&gt;&gt;</a>&nbsp;&nbsp;&nbsp;chThdResumeI
<LI><a href="#[9b]">&gt;&gt;</a>&nbsp;&nbsp;&nbsp;chThdCreateI
</UL>

<P><STRONG><a name="[a1]"></a>chSchRescheduleS</STRONG> (Thumb, 24 bytes, Stack size 8 bytes, chschd.o(.text.chSchRescheduleS))
<BR><BR>[Stack]<UL><LI>Max Depth = 24<LI>Call Chain = chSchRescheduleS &rArr; __sch_reschedule_ahead
</UL>
<BR>[Calls]<UL><LI><a href="#[72]">&gt;&gt;</a>&nbsp;&nbsp;&nbsp;__sch_reschedule_ahead
</UL>
<BR>[Called By]<UL><LI><a href="#[fb]">&gt;&gt;</a>&nbsp;&nbsp;&nbsp;usbStop
</UL>

<P><STRONG><a name="[a2]"></a>chSysInit</STRONG> (Thumb, 36 bytes, Stack size 8 bytes, chsys.o(.text.chSysInit))
<BR><BR>[Stack]<UL><LI>Max Depth = 64<LI>Call Chain = chSysInit &rArr; chInstanceObjectInit &rArr; chThdCreateI &rArr; chThdCreateSuspendedI
</UL>
<BR>[Calls]<UL><LI><a href="#[98]">&gt;&gt;</a>&nbsp;&nbsp;&nbsp;chInstanceObjectInit
<LI><a href="#[a3]">&gt;&gt;</a>&nbsp;&nbsp;&nbsp;__core_init
</UL>
<BR>[Called By]<UL><LI><a href="#[12c]">&gt;&gt;</a>&nbsp;&nbsp;&nbsp;platform_setup
</UL>

<P><STRONG><a name="[65]"></a>chSysTimerHandlerI</STRONG> (Thumb, 8 bytes, Stack size 8 bytes, chsys.o(.text.chSysTimerHandlerI))
<BR><BR>[Stack]<UL><LI>Max Depth = 40<LI>Call Chain = chSysTimerHandlerI &rArr; chVTDoTickI &rArr; ch_dlist_insert
</UL>
<BR>[Calls]<UL><LI><a href="#[a4]">&gt;&gt;</a>&nbsp;&nbsp;&nbsp;chVTDoTickI
</UL>
<BR>[Called By]<UL><LI><a href="#[e]">&gt;&gt;</a>&nbsp;&nbsp;&nbsp;SysTick_Handler
</UL>

<P><STRONG><a name="[9b]"></a>chThdCreateI</STRONG> (Thumb, 12 bytes, Stack size 8 bytes, chthreads.o(.text.chThdCreateI))
<BR><BR>[Stack]<UL><LI>Max Depth = 16<LI>Call Chain = chThdCreateI &rArr; chThdCreateSuspendedI
</UL>
<BR>[Calls]<UL><LI><a href="#[a5]">&gt;&gt;</a>&nbsp;&nbsp;&nbsp;chThdCreateSuspendedI
<LI><a href="#[a0]">&gt;&gt;</a>&nbsp;&nbsp;&nbsp;chSchReadyI
</UL>
<BR>[Called By]<UL><LI><a href="#[98]">&gt;&gt;</a>&nbsp;&nbsp;&nbsp;chInstanceObjectInit
</UL>

<P><STRONG><a name="[a5]"></a>chThdCreateSuspendedI</STRONG> (Thumb, 88 bytes, Stack size 8 bytes, chthreads.o(.text.chThdCreateSuspendedI))
<BR><BR>[Stack]<UL><LI>Max Depth = 8<LI>Call Chain = chThdCreateSuspendedI
</UL>
<BR>[Called By]<UL><LI><a href="#[9b]">&gt;&gt;</a>&nbsp;&nbsp;&nbsp;chThdCreateI
</UL>

<P><STRONG><a name="[4f]"></a>chThdExit</STRONG> (Thumb, 14 bytes, Stack size 8 bytes, chthreads.o(.text.chThdExit))
<BR><BR>[Stack]<UL><LI>Max Depth = 24<LI>Call Chain = chThdExit &rArr; chThdExitS &rArr; chSchGoSleepS
</UL>
<BR>[Calls]<UL><LI><a href="#[a6]">&gt;&gt;</a>&nbsp;&nbsp;&nbsp;chThdExitS
</UL>
<BR>[Called By]<UL><LI><a href="#[35]">&gt;&gt;</a>&nbsp;&nbsp;&nbsp;__port_thread_start
</UL>

<P><STRONG><a name="[a6]"></a>chThdExitS</STRONG> (Thumb, 16 bytes, Stack size 8 bytes, chthreads.o(.text.chThdExitS))
<BR><BR>[Stack]<UL><LI>Max Depth = 16<LI>Call Chain = chThdExitS &rArr; chSchGoSleepS
</UL>
<BR>[Calls]<UL><LI><a href="#[9c]">&gt;&gt;</a>&nbsp;&nbsp;&nbsp;chSchGoSleepS
</UL>
<BR>[Called By]<UL><LI><a href="#[4f]">&gt;&gt;</a>&nbsp;&nbsp;&nbsp;chThdExit
</UL>

<P><STRONG><a name="[6b]"></a>chThdResumeI</STRONG> (Thumb, 22 bytes, Stack size 8 bytes, chthreads.o(.text.chThdResumeI))
<BR><BR>[Stack]<UL><LI>Max Depth = 16<LI>Call Chain = chThdResumeI &rArr; chSchReadyI
</UL>
<BR>[Calls]<UL><LI><a href="#[a0]">&gt;&gt;</a>&nbsp;&nbsp;&nbsp;chSchReadyI
</UL>
<BR>[Called By]<UL><LI><a href="#[2e]">&gt;&gt;</a>&nbsp;&nbsp;&nbsp;VectorBC
<LI><a href="#[82]">&gt;&gt;</a>&nbsp;&nbsp;&nbsp;osalThreadResumeI
</UL>

<P><STRONG><a name="[a7]"></a>chThdSleep</STRONG> (Thumb, 16 bytes, Stack size 8 bytes, chthreads.o(.text.chThdSleep))
<BR><BR>[Stack]<UL><LI>Max Depth = 80<LI>Call Chain = chThdSleep &rArr; chThdSleepS &rArr; chSchGoSleepTimeoutS &rArr; chVTDoSetI &rArr; ch_dlist_insert
</UL>
<BR>[Calls]<UL><LI><a href="#[a8]">&gt;&gt;</a>&nbsp;&nbsp;&nbsp;chThdSleepS
</UL>
<BR>[Called By]<UL><LI><a href="#[180]">&gt;&gt;</a>&nbsp;&nbsp;&nbsp;shutdown_quantum
<LI><a href="#[f9]">&gt;&gt;</a>&nbsp;&nbsp;&nbsp;init_usb_driver
<LI><a href="#[171]">&gt;&gt;</a>&nbsp;&nbsp;&nbsp;protocol_pre_init
<LI><a href="#[136]">&gt;&gt;</a>&nbsp;&nbsp;&nbsp;matrix_io_delay
<LI><a href="#[18d]">&gt;&gt;</a>&nbsp;&nbsp;&nbsp;tap_code_delay
<LI><a href="#[153]">&gt;&gt;</a>&nbsp;&nbsp;&nbsp;process_action
</UL>

<P><STRONG><a name="[a9]"></a>chThdSuspendTimeoutS</STRONG> (Thumb, 28 bytes, Stack size 8 bytes, chthreads.o(.text.chThdSuspendTimeoutS))
<BR><BR>[Stack]<UL><LI>Max Depth = 72<LI>Call Chain = chThdSuspendTimeoutS &rArr; chSchGoSleepTimeoutS &rArr; chVTDoSetI &rArr; ch_dlist_insert
</UL>
<BR>[Calls]<UL><LI><a href="#[9d]">&gt;&gt;</a>&nbsp;&nbsp;&nbsp;chSchGoSleepTimeoutS
</UL>
<BR>[Called By]<UL><LI><a href="#[185]">&gt;&gt;</a>&nbsp;&nbsp;&nbsp;send_report
</UL>

<P><STRONG><a name="[9f]"></a>chVTDoResetI</STRONG> (Thumb, 32 bytes, Stack size 8 bytes, chvt.o(.text.chVTDoResetI))
<BR><BR>[Stack]<UL><LI>Max Depth = 8<LI>Call Chain = chVTDoResetI
</UL>
<BR>[Called By]<UL><LI><a href="#[9d]">&gt;&gt;</a>&nbsp;&nbsp;&nbsp;chSchGoSleepTimeoutS
<LI><a href="#[ab]">&gt;&gt;</a>&nbsp;&nbsp;&nbsp;chVTSetI
<LI><a href="#[ac]">&gt;&gt;</a>&nbsp;&nbsp;&nbsp;chVTSetI
</UL>

<P><STRONG><a name="[9e]"></a>chVTDoSetI</STRONG> (Thumb, 16 bytes, Stack size 8 bytes, chvt.o(.text.chVTDoSetI))
<BR><BR>[Stack]<UL><LI>Max Depth = 24<LI>Call Chain = chVTDoSetI &rArr; ch_dlist_insert
</UL>
<BR>[Calls]<UL><LI><a href="#[aa]">&gt;&gt;</a>&nbsp;&nbsp;&nbsp;ch_dlist_insert
</UL>
<BR>[Called By]<UL><LI><a href="#[9d]">&gt;&gt;</a>&nbsp;&nbsp;&nbsp;chSchGoSleepTimeoutS
<LI><a href="#[ab]">&gt;&gt;</a>&nbsp;&nbsp;&nbsp;chVTSetI
<LI><a href="#[ac]">&gt;&gt;</a>&nbsp;&nbsp;&nbsp;chVTSetI
</UL>

<P><STRONG><a name="[a4]"></a>chVTDoTickI</STRONG> (Thumb, 80 bytes, Stack size 16 bytes, chvt.o(.text.chVTDoTickI))
<BR><BR>[Stack]<UL><LI>Max Depth = 32<LI>Call Chain = chVTDoTickI &rArr; ch_dlist_insert
</UL>
<BR>[Calls]<UL><LI><a href="#[aa]">&gt;&gt;</a>&nbsp;&nbsp;&nbsp;ch_dlist_insert
</UL>
<BR>[Called By]<UL><LI><a href="#[65]">&gt;&gt;</a>&nbsp;&nbsp;&nbsp;chSysTimerHandlerI
</UL>

<P><STRONG><a name="[8f]"></a>clear_keyboard</STRONG> (Thumb, 12 bytes, Stack size 8 bytes, action.o(.text.clear_keyboard))
<BR><BR>[Stack]<UL><LI>Max Depth = 64<LI>Call Chain = clear_keyboard &rArr; clear_keyboard_but_mods &rArr; clear_keyboard_but_mods_and_keys &rArr; send_keyboard_report &rArr; send_6kro_report &rArr; clear_oneshot_mods &rArr; oneshot_mods_changed_kb
</UL>
<BR>[Calls]<UL><LI><a href="#[ae]">&gt;&gt;</a>&nbsp;&nbsp;&nbsp;clear_keyboard_but_mods
<LI><a href="#[ad]">&gt;&gt;</a>&nbsp;&nbsp;&nbsp;clear_mods
</UL>
<BR>[Called By]<UL><LI><a href="#[161]">&gt;&gt;</a>&nbsp;&nbsp;&nbsp;process_magic
<LI><a href="#[180]">&gt;&gt;</a>&nbsp;&nbsp;&nbsp;shutdown_quantum
<LI><a href="#[87]">&gt;&gt;</a>&nbsp;&nbsp;&nbsp;action_tapping_process
</UL>

<P><STRONG><a name="[ae]"></a>clear_keyboard_but_mods</STRONG> (Thumb, 12 bytes, Stack size 8 bytes, action.o(.text.clear_keyboard_but_mods))
<BR><BR>[Stack]<UL><LI>Max Depth = 56<LI>Call Chain = clear_keyboard_but_mods &rArr; clear_keyboard_but_mods_and_keys &rArr; send_keyboard_report &rArr; send_6kro_report &rArr; clear_oneshot_mods &rArr; oneshot_mods_changed_kb
</UL>
<BR>[Calls]<UL><LI><a href="#[b0]">&gt;&gt;</a>&nbsp;&nbsp;&nbsp;clear_keyboard_but_mods_and_keys
<LI><a href="#[af]">&gt;&gt;</a>&nbsp;&nbsp;&nbsp;clear_keys_from_report
</UL>
<BR>[Called By]<UL><LI><a href="#[8f]">&gt;&gt;</a>&nbsp;&nbsp;&nbsp;clear_keyboard
</UL>

<P><STRONG><a name="[b0]"></a>clear_keyboard_but_mods_and_keys</STRONG> (Thumb, 12 bytes, Stack size 8 bytes, action.o(.text.clear_keyboard_but_mods_and_keys))
<BR><BR>[Stack]<UL><LI>Max Depth = 48<LI>Call Chain = clear_keyboard_but_mods_and_keys &rArr; send_keyboard_report &rArr; send_6kro_report &rArr; clear_oneshot_mods &rArr; oneshot_mods_changed_kb
</UL>
<BR>[Calls]<UL><LI><a href="#[b1]">&gt;&gt;</a>&nbsp;&nbsp;&nbsp;send_keyboard_report
<LI><a href="#[85]">&gt;&gt;</a>&nbsp;&nbsp;&nbsp;clear_weak_mods
</UL>
<BR>[Called By]<UL><LI><a href="#[ae]">&gt;&gt;</a>&nbsp;&nbsp;&nbsp;clear_keyboard_but_mods
</UL>

<P><STRONG><a name="[af]"></a>clear_keys_from_report</STRONG> (Thumb, 16 bytes, Stack size 8 bytes, report.o(.text.clear_keys_from_report))
<BR><BR>[Stack]<UL><LI>Max Depth = 8<LI>Call Chain = clear_keys_from_report
</UL>
<BR>[Calls]<UL><LI><a href="#[54]">&gt;&gt;</a>&nbsp;&nbsp;&nbsp;__aeabi_memclr
</UL>
<BR>[Called By]<UL><LI><a href="#[ae]">&gt;&gt;</a>&nbsp;&nbsp;&nbsp;clear_keyboard_but_mods
</UL>

<P><STRONG><a name="[ad]"></a>clear_mods</STRONG> (Thumb, 8 bytes, Stack size 0 bytes, action_util.o(.text.clear_mods))
<BR><BR>[Called By]<UL><LI><a href="#[8f]">&gt;&gt;</a>&nbsp;&nbsp;&nbsp;clear_keyboard
</UL>

<P><STRONG><a name="[b2]"></a>clear_oneshot_layer_state</STRONG> (Thumb, 44 bytes, Stack size 8 bytes, action_util.o(.text.clear_oneshot_layer_state))
<BR><BR>[Stack]<UL><LI>Max Depth = 32<LI>Call Chain = clear_oneshot_layer_state &rArr; layer_off &rArr; layer_state_set &rArr; layer_state_set_kb
</UL>
<BR>[Calls]<UL><LI><a href="#[b3]">&gt;&gt;</a>&nbsp;&nbsp;&nbsp;layer_off
<LI><a href="#[b4]">&gt;&gt;</a>&nbsp;&nbsp;&nbsp;reset_oneshot_layer
</UL>
<BR>[Called By]<UL><LI><a href="#[142]">&gt;&gt;</a>&nbsp;&nbsp;&nbsp;oneshot_set
<LI><a href="#[153]">&gt;&gt;</a>&nbsp;&nbsp;&nbsp;process_action
<LI><a href="#[15e]">&gt;&gt;</a>&nbsp;&nbsp;&nbsp;process_record
</UL>

<P><STRONG><a name="[b5]"></a>clear_oneshot_mods</STRONG> (Thumb, 20 bytes, Stack size 8 bytes, action_util.o(.text.clear_oneshot_mods))
<BR><BR>[Stack]<UL><LI>Max Depth = 16<LI>Call Chain = clear_oneshot_mods &rArr; oneshot_mods_changed_kb
</UL>
<BR>[Calls]<UL><LI><a href="#[94]">&gt;&gt;</a>&nbsp;&nbsp;&nbsp;oneshot_mods_changed_kb
</UL>
<BR>[Called By]<UL><LI><a href="#[182]">&gt;&gt;</a>&nbsp;&nbsp;&nbsp;send_6kro_report
</UL>

<P><STRONG><a name="[85]"></a>clear_weak_mods</STRONG> (Thumb, 8 bytes, Stack size 0 bytes, action_util.o(.text.clear_weak_mods))
<BR><BR>[Called By]<UL><LI><a href="#[b0]">&gt;&gt;</a>&nbsp;&nbsp;&nbsp;clear_keyboard_but_mods_and_keys
<LI><a href="#[84]">&gt;&gt;</a>&nbsp;&nbsp;&nbsp;action_exec
</UL>

<P><STRONG><a name="[b6]"></a>debounce</STRONG> (Thumb, 92 bytes, Stack size 24 bytes, sym_defer_g.o(.text.debounce))
<BR><BR>[Stack]<UL><LI>Max Depth = 104<LI>Call Chain = debounce &rArr; timer_elapsed32 &rArr; timer_read32 &rArr; __aeabi_uldivmod &rArr; __aeabi_llsr
</UL>
<BR>[Calls]<UL><LI><a href="#[b7]">&gt;&gt;</a>&nbsp;&nbsp;&nbsp;timer_read32
<LI><a href="#[b8]">&gt;&gt;</a>&nbsp;&nbsp;&nbsp;timer_elapsed32
<LI><a href="#[b9]">&gt;&gt;</a>&nbsp;&nbsp;&nbsp;memcmp
<LI><a href="#[ba]">&gt;&gt;</a>&nbsp;&nbsp;&nbsp;__aeabi_memcpy
</UL>
<BR>[Called By]<UL><LI><a href="#[10f]">&gt;&gt;</a>&nbsp;&nbsp;&nbsp;matrix_scan
</UL>

<P><STRONG><a name="[131]"></a>debounce_init</STRONG> (Thumb, 2 bytes, Stack size 0 bytes, sym_defer_g.o(.text.debounce_init))
<BR><BR>[Called By]<UL><LI><a href="#[104]">&gt;&gt;</a>&nbsp;&nbsp;&nbsp;matrix_init
</UL>

<P><STRONG><a name="[16f]"></a>debug_event</STRONG> (Thumb, 2 bytes, Stack size 0 bytes, action.o(.text.debug_event))
<BR><BR>[Called By]<UL><LI><a href="#[8d]">&gt;&gt;</a>&nbsp;&nbsp;&nbsp;process_tapping
</UL>

<P><STRONG><a name="[8e]"></a>debug_record</STRONG> (Thumb, 2 bytes, Stack size 0 bytes, action.o(.text.debug_record))
<BR><BR>[Called By]<UL><LI><a href="#[bb]">&gt;&gt;</a>&nbsp;&nbsp;&nbsp;debug_tapping_key
<LI><a href="#[90]">&gt;&gt;</a>&nbsp;&nbsp;&nbsp;debug_waiting_buffer
<LI><a href="#[87]">&gt;&gt;</a>&nbsp;&nbsp;&nbsp;action_tapping_process
</UL>

<P><STRONG><a name="[bc]"></a>default_layer_and</STRONG> (Thumb, 16 bytes, Stack size 8 bytes, action_layer.o(.text.default_layer_and))
<BR><BR>[Stack]<UL><LI>Max Depth = 24<LI>Call Chain = default_layer_and &rArr; default_layer_state_set &rArr; default_layer_state_set_kb
</UL>
<BR>[Calls]<UL><LI><a href="#[bd]">&gt;&gt;</a>&nbsp;&nbsp;&nbsp;default_layer_state_set
</UL>
<BR>[Called By]<UL><LI><a href="#[153]">&gt;&gt;</a>&nbsp;&nbsp;&nbsp;process_action
</UL>

<P><STRONG><a name="[166]"></a>default_layer_debug</STRONG> (Thumb, 2 bytes, Stack size 0 bytes, action_layer.o(.text.default_layer_debug))
<BR><BR>[Called By]<UL><LI><a href="#[163]">&gt;&gt;</a>&nbsp;&nbsp;&nbsp;process_record_handler
</UL>

<P><STRONG><a name="[be]"></a>default_layer_or</STRONG> (Thumb, 16 bytes, Stack size 8 bytes, action_layer.o(.text.default_layer_or))
<BR><BR>[Stack]<UL><LI>Max Depth = 24<LI>Call Chain = default_layer_or &rArr; default_layer_state_set &rArr; default_layer_state_set_kb
</UL>
<BR>[Calls]<UL><LI><a href="#[bd]">&gt;&gt;</a>&nbsp;&nbsp;&nbsp;default_layer_state_set
</UL>
<BR>[Called By]<UL><LI><a href="#[153]">&gt;&gt;</a>&nbsp;&nbsp;&nbsp;process_action
</UL>

<P><STRONG><a name="[bf]"></a>default_layer_set</STRONG> (Thumb, 8 bytes, Stack size 8 bytes, action_layer.o(.text.default_layer_set))
<BR><BR>[Stack]<UL><LI>Max Depth = 24<LI>Call Chain = default_layer_set &rArr; default_layer_state_set &rArr; default_layer_state_set_kb
</UL>
<BR>[Calls]<UL><LI><a href="#[bd]">&gt;&gt;</a>&nbsp;&nbsp;&nbsp;default_layer_state_set
</UL>
<BR>[Called By]<UL><LI><a href="#[12a]">&gt;&gt;</a>&nbsp;&nbsp;&nbsp;magic
<LI><a href="#[153]">&gt;&gt;</a>&nbsp;&nbsp;&nbsp;process_action
</UL>

<P><STRONG><a name="[c0]"></a>default_layer_state_set_kb</STRONG> (Thumb, 8 bytes, Stack size 8 bytes, action_layer.o(.text.default_layer_state_set_kb))
<BR><BR>[Stack]<UL><LI>Max Depth = 8<LI>Call Chain = default_layer_state_set_kb
</UL>
<BR>[Calls]<UL><LI><a href="#[c1]">&gt;&gt;</a>&nbsp;&nbsp;&nbsp;default_layer_state_set_user
</UL>
<BR>[Called By]<UL><LI><a href="#[bd]">&gt;&gt;</a>&nbsp;&nbsp;&nbsp;default_layer_state_set
</UL>

<P><STRONG><a name="[c1]"></a>default_layer_state_set_user</STRONG> (Thumb, 2 bytes, Stack size 0 bytes, action_layer.o(.text.default_layer_state_set_user))
<BR><BR>[Called By]<UL><LI><a href="#[c0]">&gt;&gt;</a>&nbsp;&nbsp;&nbsp;default_layer_state_set_kb
</UL>

<P><STRONG><a name="[c2]"></a>default_layer_xor</STRONG> (Thumb, 16 bytes, Stack size 8 bytes, action_layer.o(.text.default_layer_xor))
<BR><BR>[Stack]<UL><LI>Max Depth = 24<LI>Call Chain = default_layer_xor &rArr; default_layer_state_set &rArr; default_layer_state_set_kb
</UL>
<BR>[Calls]<UL><LI><a href="#[bd]">&gt;&gt;</a>&nbsp;&nbsp;&nbsp;default_layer_state_set
</UL>
<BR>[Called By]<UL><LI><a href="#[153]">&gt;&gt;</a>&nbsp;&nbsp;&nbsp;process_action
</UL>

<P><STRONG><a name="[c4]"></a>del_key_byte</STRONG> (Thumb, 24 bytes, Stack size 0 bytes, report.o(.text.del_key_byte))
<BR><BR>[Called By]<UL><LI><a href="#[c3]">&gt;&gt;</a>&nbsp;&nbsp;&nbsp;del_key_from_report
</UL>

<P><STRONG><a name="[c3]"></a>del_key_from_report</STRONG> (Thumb, 16 bytes, Stack size 8 bytes, report.o(.text.del_key_from_report))
<BR><BR>[Stack]<UL><LI>Max Depth = 8<LI>Call Chain = del_key_from_report
</UL>
<BR>[Calls]<UL><LI><a href="#[c4]">&gt;&gt;</a>&nbsp;&nbsp;&nbsp;del_key_byte
</UL>
<BR>[Called By]<UL><LI><a href="#[15f]">&gt;&gt;</a>&nbsp;&nbsp;&nbsp;process_grave_esc
<LI><a href="#[155]">&gt;&gt;</a>&nbsp;&nbsp;&nbsp;unregister_code
<LI><a href="#[15a]">&gt;&gt;</a>&nbsp;&nbsp;&nbsp;register_code
</UL>

<P><STRONG><a name="[157]"></a>del_mods</STRONG> (Thumb, 12 bytes, Stack size 0 bytes, action_util.o(.text.del_mods))
<BR><BR>[Called By]<UL><LI><a href="#[14c]">&gt;&gt;</a>&nbsp;&nbsp;&nbsp;unregister_mods
<LI><a href="#[155]">&gt;&gt;</a>&nbsp;&nbsp;&nbsp;unregister_code
<LI><a href="#[153]">&gt;&gt;</a>&nbsp;&nbsp;&nbsp;process_action
</UL>

<P><STRONG><a name="[c5]"></a>del_oneshot_locked_mods</STRONG> (Thumb, 24 bytes, Stack size 8 bytes, action_util.o(.text.del_oneshot_locked_mods))
<BR><BR>[Stack]<UL><LI>Max Depth = 16<LI>Call Chain = del_oneshot_locked_mods &rArr; oneshot_locked_mods_changed_kb
</UL>
<BR>[Calls]<UL><LI><a href="#[c6]">&gt;&gt;</a>&nbsp;&nbsp;&nbsp;oneshot_locked_mods_changed_kb
</UL>
<BR>[Called By]<UL><LI><a href="#[153]">&gt;&gt;</a>&nbsp;&nbsp;&nbsp;process_action
</UL>

<P><STRONG><a name="[c7]"></a>del_oneshot_mods</STRONG> (Thumb, 24 bytes, Stack size 8 bytes, action_util.o(.text.del_oneshot_mods))
<BR><BR>[Stack]<UL><LI>Max Depth = 16<LI>Call Chain = del_oneshot_mods &rArr; oneshot_mods_changed_kb
</UL>
<BR>[Calls]<UL><LI><a href="#[94]">&gt;&gt;</a>&nbsp;&nbsp;&nbsp;oneshot_mods_changed_kb
</UL>
<BR>[Called By]<UL><LI><a href="#[153]">&gt;&gt;</a>&nbsp;&nbsp;&nbsp;process_action
</UL>

<P><STRONG><a name="[156]"></a>del_weak_mods</STRONG> (Thumb, 12 bytes, Stack size 0 bytes, action_util.o(.text.del_weak_mods))
<BR><BR>[Called By]<UL><LI><a href="#[153]">&gt;&gt;</a>&nbsp;&nbsp;&nbsp;process_action
</UL>

<P><STRONG><a name="[70]"></a>early_hardware_init_post</STRONG> (Thumb, 2 bytes, Stack size 0 bytes, chibios.o(.text.early_hardware_init_post))
<BR><BR>[Called By]<UL><LI><a href="#[4d]">&gt;&gt;</a>&nbsp;&nbsp;&nbsp;__early_init
</UL>

<P><STRONG><a name="[6e]"></a>early_hardware_init_pre</STRONG> (Thumb, 2 bytes, Stack size 0 bytes, chibios.o(.text.early_hardware_init_pre))
<BR><BR>[Called By]<UL><LI><a href="#[4d]">&gt;&gt;</a>&nbsp;&nbsp;&nbsp;__early_init
</UL>

<P><STRONG><a name="[c8]"></a>eeconfig_disable</STRONG> (Thumb, 16 bytes, Stack size 8 bytes, eeconfig.o(.text.eeconfig_disable))
<BR><BR>[Stack]<UL><LI>Max Depth = 56<LI>Call Chain = eeconfig_disable &rArr; eeprom_update_word &rArr; eeprom_read_word &rArr; eeprom_read_block
</UL>
<BR>[Calls]<UL><LI><a href="#[ca]">&gt;&gt;</a>&nbsp;&nbsp;&nbsp;eeprom_update_word
<LI><a href="#[c9]">&gt;&gt;</a>&nbsp;&nbsp;&nbsp;eeprom_driver_erase
</UL>
<BR>[Called By]<UL><LI><a href="#[162]">&gt;&gt;</a>&nbsp;&nbsp;&nbsp;process_record_quantum
</UL>

<P><STRONG><a name="[cb]"></a>eeconfig_init</STRONG> (Thumb, 8 bytes, Stack size 8 bytes, eeconfig.o(.text.eeconfig_init))
<BR><BR>[Stack]<UL><LI>Max Depth = 104<LI>Call Chain = eeconfig_init &rArr; eeconfig_init_quantum &rArr; eeconfig_init_kb &rArr; eeconfig_init_user &rArr; eeconfig_update_user &rArr; eeprom_update_dword &rArr; eeprom_read_dword &rArr; eeprom_read_block
</UL>
<BR>[Calls]<UL><LI><a href="#[cc]">&gt;&gt;</a>&nbsp;&nbsp;&nbsp;eeconfig_init_quantum
</UL>
<BR>[Called By]<UL><LI><a href="#[12a]">&gt;&gt;</a>&nbsp;&nbsp;&nbsp;magic
</UL>

<P><STRONG><a name="[cd]"></a>eeconfig_init_kb</STRONG> (Thumb, 14 bytes, Stack size 8 bytes, eeconfig.o(.text.eeconfig_init_kb))
<BR><BR>[Stack]<UL><LI>Max Depth = 72<LI>Call Chain = eeconfig_init_kb &rArr; eeconfig_init_user &rArr; eeconfig_update_user &rArr; eeprom_update_dword &rArr; eeprom_read_dword &rArr; eeprom_read_block
</UL>
<BR>[Calls]<UL><LI><a href="#[ce]">&gt;&gt;</a>&nbsp;&nbsp;&nbsp;eeconfig_update_kb
<LI><a href="#[cf]">&gt;&gt;</a>&nbsp;&nbsp;&nbsp;eeconfig_init_user
</UL>
<BR>[Called By]<UL><LI><a href="#[cc]">&gt;&gt;</a>&nbsp;&nbsp;&nbsp;eeconfig_init_quantum
</UL>

<P><STRONG><a name="[cc]"></a>eeconfig_init_quantum</STRONG> (Thumb, 120 bytes, Stack size 24 bytes, eeconfig.o(.text.eeconfig_init_quantum))
<BR><BR>[Stack]<UL><LI>Max Depth = 96<LI>Call Chain = eeconfig_init_quantum &rArr; eeconfig_init_kb &rArr; eeconfig_init_user &rArr; eeconfig_update_user &rArr; eeprom_update_dword &rArr; eeprom_read_dword &rArr; eeprom_read_block
</UL>
<BR>[Calls]<UL><LI><a href="#[d1]">&gt;&gt;</a>&nbsp;&nbsp;&nbsp;eeprom_update_block
<LI><a href="#[ca]">&gt;&gt;</a>&nbsp;&nbsp;&nbsp;eeprom_update_word
<LI><a href="#[c9]">&gt;&gt;</a>&nbsp;&nbsp;&nbsp;eeprom_driver_erase
<LI><a href="#[cd]">&gt;&gt;</a>&nbsp;&nbsp;&nbsp;eeconfig_init_kb
<LI><a href="#[d0]">&gt;&gt;</a>&nbsp;&nbsp;&nbsp;eeprom_update_dword
</UL>
<BR>[Called By]<UL><LI><a href="#[cb]">&gt;&gt;</a>&nbsp;&nbsp;&nbsp;eeconfig_init
</UL>

<P><STRONG><a name="[cf]"></a>eeconfig_init_user</STRONG> (Thumb, 10 bytes, Stack size 8 bytes, eeconfig.o(.text.eeconfig_init_user))
<BR><BR>[Stack]<UL><LI>Max Depth = 64<LI>Call Chain = eeconfig_init_user &rArr; eeconfig_update_user &rArr; eeprom_update_dword &rArr; eeprom_read_dword &rArr; eeprom_read_block
</UL>
<BR>[Calls]<UL><LI><a href="#[d2]">&gt;&gt;</a>&nbsp;&nbsp;&nbsp;eeconfig_update_user
</UL>
<BR>[Called By]<UL><LI><a href="#[cd]">&gt;&gt;</a>&nbsp;&nbsp;&nbsp;eeconfig_init_kb
</UL>

<P><STRONG><a name="[d3]"></a>eeconfig_is_enabled</STRONG> (Thumb, 20 bytes, Stack size 8 bytes, eeconfig.o(.text.eeconfig_is_enabled))
<BR><BR>[Stack]<UL><LI>Max Depth = 40<LI>Call Chain = eeconfig_is_enabled &rArr; eeprom_read_word &rArr; eeprom_read_block
</UL>
<BR>[Calls]<UL><LI><a href="#[d4]">&gt;&gt;</a>&nbsp;&nbsp;&nbsp;eeprom_read_word
</UL>
<BR>[Called By]<UL><LI><a href="#[12a]">&gt;&gt;</a>&nbsp;&nbsp;&nbsp;magic
</UL>

<P><STRONG><a name="[d5]"></a>eeconfig_read_debug</STRONG> (Thumb, 10 bytes, Stack size 8 bytes, eeconfig.o(.text.eeconfig_read_debug))
<BR><BR>[Stack]<UL><LI>Max Depth = 40<LI>Call Chain = eeconfig_read_debug &rArr; eeprom_read_byte &rArr; eeprom_read_block
</UL>
<BR>[Calls]<UL><LI><a href="#[d6]">&gt;&gt;</a>&nbsp;&nbsp;&nbsp;eeprom_read_byte
</UL>
<BR>[Called By]<UL><LI><a href="#[12a]">&gt;&gt;</a>&nbsp;&nbsp;&nbsp;magic
</UL>

<P><STRONG><a name="[d7]"></a>eeconfig_read_default_layer</STRONG> (Thumb, 10 bytes, Stack size 8 bytes, eeconfig.o(.text.eeconfig_read_default_layer))
<BR><BR>[Stack]<UL><LI>Max Depth = 40<LI>Call Chain = eeconfig_read_default_layer &rArr; eeprom_read_byte &rArr; eeprom_read_block
</UL>
<BR>[Calls]<UL><LI><a href="#[d6]">&gt;&gt;</a>&nbsp;&nbsp;&nbsp;eeprom_read_byte
</UL>
<BR>[Called By]<UL><LI><a href="#[12a]">&gt;&gt;</a>&nbsp;&nbsp;&nbsp;magic
</UL>

<P><STRONG><a name="[d8]"></a>eeconfig_read_keymap</STRONG> (Thumb, 10 bytes, Stack size 8 bytes, eeconfig.o(.text.eeconfig_read_keymap))
<BR><BR>[Stack]<UL><LI>Max Depth = 40<LI>Call Chain = eeconfig_read_keymap &rArr; eeprom_read_word &rArr; eeprom_read_block
</UL>
<BR>[Calls]<UL><LI><a href="#[d4]">&gt;&gt;</a>&nbsp;&nbsp;&nbsp;eeprom_read_word
</UL>
<BR>[Called By]<UL><LI><a href="#[161]">&gt;&gt;</a>&nbsp;&nbsp;&nbsp;process_magic
<LI><a href="#[12a]">&gt;&gt;</a>&nbsp;&nbsp;&nbsp;magic
</UL>

<P><STRONG><a name="[d9]"></a>eeconfig_update_handedness</STRONG> (Thumb, 12 bytes, Stack size 8 bytes, eeconfig.o(.text.eeconfig_update_handedness))
<BR><BR>[Stack]<UL><LI>Max Depth = 56<LI>Call Chain = eeconfig_update_handedness &rArr; eeprom_update_byte &rArr; eeprom_read_byte &rArr; eeprom_read_block
</UL>
<BR>[Calls]<UL><LI><a href="#[38]">&gt;&gt;</a>&nbsp;&nbsp;&nbsp;eeprom_update_byte
</UL>
<BR>[Called By]<UL><LI><a href="#[161]">&gt;&gt;</a>&nbsp;&nbsp;&nbsp;process_magic
</UL>

<P><STRONG><a name="[ce]"></a>eeconfig_update_kb</STRONG> (Thumb, 12 bytes, Stack size 8 bytes, eeconfig.o(.text.eeconfig_update_kb))
<BR><BR>[Stack]<UL><LI>Max Depth = 56<LI>Call Chain = eeconfig_update_kb &rArr; eeprom_update_dword &rArr; eeprom_read_dword &rArr; eeprom_read_block
</UL>
<BR>[Calls]<UL><LI><a href="#[d0]">&gt;&gt;</a>&nbsp;&nbsp;&nbsp;eeprom_update_dword
</UL>
<BR>[Called By]<UL><LI><a href="#[cd]">&gt;&gt;</a>&nbsp;&nbsp;&nbsp;eeconfig_init_kb
</UL>

<P><STRONG><a name="[da]"></a>eeconfig_update_keymap</STRONG> (Thumb, 12 bytes, Stack size 8 bytes, eeconfig.o(.text.eeconfig_update_keymap))
<BR><BR>[Stack]<UL><LI>Max Depth = 56<LI>Call Chain = eeconfig_update_keymap &rArr; eeprom_update_word &rArr; eeprom_read_word &rArr; eeprom_read_block
</UL>
<BR>[Calls]<UL><LI><a href="#[ca]">&gt;&gt;</a>&nbsp;&nbsp;&nbsp;eeprom_update_word
</UL>
<BR>[Called By]<UL><LI><a href="#[161]">&gt;&gt;</a>&nbsp;&nbsp;&nbsp;process_magic
<LI><a href="#[142]">&gt;&gt;</a>&nbsp;&nbsp;&nbsp;oneshot_set
</UL>

<P><STRONG><a name="[d2]"></a>eeconfig_update_user</STRONG> (Thumb, 12 bytes, Stack size 8 bytes, eeconfig.o(.text.eeconfig_update_user))
<BR><BR>[Stack]<UL><LI>Max Depth = 56<LI>Call Chain = eeconfig_update_user &rArr; eeprom_update_dword &rArr; eeprom_read_dword &rArr; eeprom_read_block
</UL>
<BR>[Calls]<UL><LI><a href="#[d0]">&gt;&gt;</a>&nbsp;&nbsp;&nbsp;eeprom_update_dword
</UL>
<BR>[Called By]<UL><LI><a href="#[cf]">&gt;&gt;</a>&nbsp;&nbsp;&nbsp;eeconfig_init_user
</UL>

<P><STRONG><a name="[c9]"></a>eeprom_driver_erase</STRONG> (Thumb, 12 bytes, Stack size 8 bytes, eeprom_transient.o(.text.eeprom_driver_erase))
<BR><BR>[Stack]<UL><LI>Max Depth = 8<LI>Call Chain = eeprom_driver_erase
</UL>
<BR>[Calls]<UL><LI><a href="#[db]">&gt;&gt;</a>&nbsp;&nbsp;&nbsp;__aeabi_memclr4
</UL>
<BR>[Called By]<UL><LI><a href="#[c8]">&gt;&gt;</a>&nbsp;&nbsp;&nbsp;eeconfig_disable
<LI><a href="#[cc]">&gt;&gt;</a>&nbsp;&nbsp;&nbsp;eeconfig_init_quantum
</UL>

<P><STRONG><a name="[dc]"></a>eeprom_driver_init</STRONG> (Thumb, 12 bytes, Stack size 8 bytes, eeprom_transient.o(.text.eeprom_driver_init))
<BR><BR>[Stack]<UL><LI>Max Depth = 8<LI>Call Chain = eeprom_driver_init
</UL>
<BR>[Calls]<UL><LI><a href="#[db]">&gt;&gt;</a>&nbsp;&nbsp;&nbsp;__aeabi_memclr4
</UL>
<BR>[Called By]<UL><LI><a href="#[10a]">&gt;&gt;</a>&nbsp;&nbsp;&nbsp;keyboard_setup
</UL>

<P><STRONG><a name="[dd]"></a>eeprom_read_block</STRONG> (Thumb, 44 bytes, Stack size 16 bytes, eeprom_transient.o(.text.eeprom_read_block))
<BR><BR>[Stack]<UL><LI>Max Depth = 16<LI>Call Chain = eeprom_read_block
</UL>
<BR>[Calls]<UL><LI><a href="#[54]">&gt;&gt;</a>&nbsp;&nbsp;&nbsp;__aeabi_memclr
<LI><a href="#[ba]">&gt;&gt;</a>&nbsp;&nbsp;&nbsp;__aeabi_memcpy
</UL>
<BR>[Called By]<UL><LI><a href="#[de]">&gt;&gt;</a>&nbsp;&nbsp;&nbsp;eeprom_read_dword
<LI><a href="#[d6]">&gt;&gt;</a>&nbsp;&nbsp;&nbsp;eeprom_read_byte
<LI><a href="#[d4]">&gt;&gt;</a>&nbsp;&nbsp;&nbsp;eeprom_read_word
<LI><a href="#[d1]">&gt;&gt;</a>&nbsp;&nbsp;&nbsp;eeprom_update_block
</UL>

<P><STRONG><a name="[d6]"></a>eeprom_read_byte</STRONG> (Thumb, 22 bytes, Stack size 16 bytes, eeprom_driver.o(.text.eeprom_read_byte))
<BR><BR>[Stack]<UL><LI>Max Depth = 32<LI>Call Chain = eeprom_read_byte &rArr; eeprom_read_block
</UL>
<BR>[Calls]<UL><LI><a href="#[dd]">&gt;&gt;</a>&nbsp;&nbsp;&nbsp;eeprom_read_block
</UL>
<BR>[Called By]<UL><LI><a href="#[d7]">&gt;&gt;</a>&nbsp;&nbsp;&nbsp;eeconfig_read_default_layer
<LI><a href="#[d5]">&gt;&gt;</a>&nbsp;&nbsp;&nbsp;eeconfig_read_debug
<LI><a href="#[38]">&gt;&gt;</a>&nbsp;&nbsp;&nbsp;eeprom_update_byte
</UL>

<P><STRONG><a name="[de]"></a>eeprom_read_dword</STRONG> (Thumb, 20 bytes, Stack size 16 bytes, eeprom_driver.o(.text.eeprom_read_dword))
<BR><BR>[Stack]<UL><LI>Max Depth = 32<LI>Call Chain = eeprom_read_dword &rArr; eeprom_read_block
</UL>
<BR>[Calls]<UL><LI><a href="#[dd]">&gt;&gt;</a>&nbsp;&nbsp;&nbsp;eeprom_read_block
</UL>
<BR>[Called By]<UL><LI><a href="#[d0]">&gt;&gt;</a>&nbsp;&nbsp;&nbsp;eeprom_update_dword
</UL>

<P><STRONG><a name="[d4]"></a>eeprom_read_word</STRONG> (Thumb, 22 bytes, Stack size 16 bytes, eeprom_driver.o(.text.eeprom_read_word))
<BR><BR>[Stack]<UL><LI>Max Depth = 32<LI>Call Chain = eeprom_read_word &rArr; eeprom_read_block
</UL>
<BR>[Calls]<UL><LI><a href="#[dd]">&gt;&gt;</a>&nbsp;&nbsp;&nbsp;eeprom_read_block
</UL>
<BR>[Called By]<UL><LI><a href="#[d8]">&gt;&gt;</a>&nbsp;&nbsp;&nbsp;eeconfig_read_keymap
<LI><a href="#[d3]">&gt;&gt;</a>&nbsp;&nbsp;&nbsp;eeconfig_is_enabled
<LI><a href="#[ca]">&gt;&gt;</a>&nbsp;&nbsp;&nbsp;eeprom_update_word
</UL>

<P><STRONG><a name="[d1]"></a>eeprom_update_block</STRONG> (Thumb, 64 bytes, Stack size 32 bytes, eeprom_driver.o(.text.eeprom_update_block))
<BR><BR>[Stack]<UL><LI>Max Depth = 48<LI>Call Chain = eeprom_update_block &rArr; eeprom_read_block
</UL>
<BR>[Calls]<UL><LI><a href="#[b9]">&gt;&gt;</a>&nbsp;&nbsp;&nbsp;memcmp
<LI><a href="#[df]">&gt;&gt;</a>&nbsp;&nbsp;&nbsp;eeprom_write_block
<LI><a href="#[dd]">&gt;&gt;</a>&nbsp;&nbsp;&nbsp;eeprom_read_block
</UL>
<BR>[Called By]<UL><LI><a href="#[cc]">&gt;&gt;</a>&nbsp;&nbsp;&nbsp;eeconfig_init_quantum
</UL>

<P><STRONG><a name="[38]"></a>eeprom_update_byte</STRONG> (Thumb, 24 bytes, Stack size 16 bytes, eeprom_driver.o(.text.eeprom_update_byte))
<BR><BR>[Stack]<UL><LI>Max Depth = 48<LI>Call Chain = eeprom_update_byte &rArr; eeprom_read_byte &rArr; eeprom_read_block
</UL>
<BR>[Calls]<UL><LI><a href="#[d6]">&gt;&gt;</a>&nbsp;&nbsp;&nbsp;eeprom_read_byte
<LI><a href="#[e0]">&gt;&gt;</a>&nbsp;&nbsp;&nbsp;eeprom_write_byte
</UL>
<BR>[Called By]<UL><LI><a href="#[d9]">&gt;&gt;</a>&nbsp;&nbsp;&nbsp;eeconfig_update_handedness
</UL>
<BR>[Address Reference Count : 1]<UL><LI> eeconfig.o(.text.eeconfig_init_quantum)
</UL>
<P><STRONG><a name="[d0]"></a>eeprom_update_dword</STRONG> (Thumb, 24 bytes, Stack size 16 bytes, eeprom_driver.o(.text.eeprom_update_dword))
<BR><BR>[Stack]<UL><LI>Max Depth = 48<LI>Call Chain = eeprom_update_dword &rArr; eeprom_read_dword &rArr; eeprom_read_block
</UL>
<BR>[Calls]<UL><LI><a href="#[de]">&gt;&gt;</a>&nbsp;&nbsp;&nbsp;eeprom_read_dword
<LI><a href="#[e1]">&gt;&gt;</a>&nbsp;&nbsp;&nbsp;eeprom_write_dword
</UL>
<BR>[Called By]<UL><LI><a href="#[cc]">&gt;&gt;</a>&nbsp;&nbsp;&nbsp;eeconfig_init_quantum
<LI><a href="#[ce]">&gt;&gt;</a>&nbsp;&nbsp;&nbsp;eeconfig_update_kb
<LI><a href="#[d2]">&gt;&gt;</a>&nbsp;&nbsp;&nbsp;eeconfig_update_user
</UL>

<P><STRONG><a name="[ca]"></a>eeprom_update_word</STRONG> (Thumb, 24 bytes, Stack size 16 bytes, eeprom_driver.o(.text.eeprom_update_word))
[...]
</UL>
<BR>[Calls]<UL><LI><a href="#[3a]">&gt;&gt;</a>&nbsp;&nbsp;&nbsp;es_test_printf
</UL>
<BR>[Called By]<UL><LI><a href="#[3d]">&gt;&gt;</a>&nbsp;&nbsp;&nbsp;_usb_ep0setup
</UL>

<P><STRONG><a name="[78]"></a>usb_lld_stall_in</STRONG> (Thumb, 44 bytes, Stack size 16 bytes, hal_usb_lld.o(.text.usb_lld_stall_in))
<BR><BR>[Stack]<UL><LI>Max Depth = 24<LI>Call Chain = usb_lld_stall_in &rArr; es_test_printf
</UL>
<BR>[Calls]<UL><LI><a href="#[1a6]">&gt;&gt;</a>&nbsp;&nbsp;&nbsp;ald_usb_dev_ep_stall
<LI><a href="#[3a]">&gt;&gt;</a>&nbsp;&nbsp;&nbsp;es_test_printf
</UL>
<BR>[Called By]<UL><LI><a href="#[3f]">&gt;&gt;</a>&nbsp;&nbsp;&nbsp;_usb_ep0out
<LI><a href="#[3e]">&gt;&gt;</a>&nbsp;&nbsp;&nbsp;_usb_ep0in
<LI><a href="#[3d]">&gt;&gt;</a>&nbsp;&nbsp;&nbsp;_usb_ep0setup
</UL>

<P><STRONG><a name="[79]"></a>usb_lld_stall_out</STRONG> (Thumb, 40 bytes, Stack size 16 bytes, hal_usb_lld.o(.text.usb_lld_stall_out))
<BR><BR>[Stack]<UL><LI>Max Depth = 24<LI>Call Chain = usb_lld_stall_out &rArr; es_test_printf
</UL>
<BR>[Calls]<UL><LI><a href="#[1a6]">&gt;&gt;</a>&nbsp;&nbsp;&nbsp;ald_usb_dev_ep_stall
<LI><a href="#[3a]">&gt;&gt;</a>&nbsp;&nbsp;&nbsp;es_test_printf
</UL>
<BR>[Called By]<UL><LI><a href="#[3f]">&gt;&gt;</a>&nbsp;&nbsp;&nbsp;_usb_ep0out
<LI><a href="#[3e]">&gt;&gt;</a>&nbsp;&nbsp;&nbsp;_usb_ep0in
<LI><a href="#[3d]">&gt;&gt;</a>&nbsp;&nbsp;&nbsp;_usb_ep0setup
</UL>

<P><STRONG><a name="[196]"></a>usb_lld_start</STRONG> (Thumb, 84 bytes, Stack size 24 bytes, hal_usb_lld.o(.text.usb_lld_start))
<BR><BR>[Stack]<UL><LI>Max Depth = 32<LI>Call Chain = usb_lld_start &rArr; es_test_printf
</UL>
<BR>[Calls]<UL><LI><a href="#[1ac]">&gt;&gt;</a>&nbsp;&nbsp;&nbsp;ald_usb_int_register
<LI><a href="#[1ab]">&gt;&gt;</a>&nbsp;&nbsp;&nbsp;ald_usb_int_enable_ep
<LI><a href="#[1aa]">&gt;&gt;</a>&nbsp;&nbsp;&nbsp;ald_usb_int_enable
<LI><a href="#[1a9]">&gt;&gt;</a>&nbsp;&nbsp;&nbsp;ald_usb_int_status_ep_get
<LI><a href="#[1a8]">&gt;&gt;</a>&nbsp;&nbsp;&nbsp;ald_usb_int_status_get
<LI><a href="#[1a7]">&gt;&gt;</a>&nbsp;&nbsp;&nbsp;ald_usb_device_components_init
<LI><a href="#[3a]">&gt;&gt;</a>&nbsp;&nbsp;&nbsp;es_test_printf
</UL>
<BR>[Called By]<UL><LI><a href="#[fc]">&gt;&gt;</a>&nbsp;&nbsp;&nbsp;usbStart
</UL>

<P><STRONG><a name="[198]"></a>usb_lld_start_in</STRONG> (Thumb, 88 bytes, Stack size 16 bytes, hal_usb_lld.o(.text.usb_lld_start_in))
<BR><BR>[Stack]<UL><LI>Max Depth = 80<LI>Call Chain = usb_lld_start_in &rArr; usbd_ep_start_write &rArr; usbd_write_packet
</UL>
<BR>[Calls]<UL><LI><a href="#[f5]">&gt;&gt;</a>&nbsp;&nbsp;&nbsp;usbd_ep_start_write
<LI><a href="#[3a]">&gt;&gt;</a>&nbsp;&nbsp;&nbsp;es_test_printf
</UL>
<BR>[Called By]<UL><LI><a href="#[7a]">&gt;&gt;</a>&nbsp;&nbsp;&nbsp;usbStartTransmitI
</UL>

<P><STRONG><a name="[197]"></a>usb_lld_start_out</STRONG> (Thumb, 88 bytes, Stack size 16 bytes, hal_usb_lld.o(.text.usb_lld_start_out))
<BR><BR>[Stack]<UL><LI>Max Depth = 40<LI>Call Chain = usb_lld_start_out &rArr; usbd_ep_start_read
</UL>
<BR>[Calls]<UL><LI><a href="#[1ad]">&gt;&gt;</a>&nbsp;&nbsp;&nbsp;usbd_ep_start_read
<LI><a href="#[3a]">&gt;&gt;</a>&nbsp;&nbsp;&nbsp;es_test_printf
</UL>
<BR>[Called By]<UL><LI><a href="#[77]">&gt;&gt;</a>&nbsp;&nbsp;&nbsp;usbStartReceiveI
</UL>

<P><STRONG><a name="[199]"></a>usb_lld_stop</STRONG> (Thumb, 24 bytes, Stack size 8 bytes, hal_usb_lld.o(.text.usb_lld_stop))
<BR><BR>[Stack]<UL><LI>Max Depth = 16<LI>Call Chain = usb_lld_stop &rArr; es_test_printf
</UL>
<BR>[Calls]<UL><LI><a href="#[1ae]">&gt;&gt;</a>&nbsp;&nbsp;&nbsp;ald_usb_int_unregister
<LI><a href="#[3a]">&gt;&gt;</a>&nbsp;&nbsp;&nbsp;es_test_printf
</UL>
<BR>[Called By]<UL><LI><a href="#[fb]">&gt;&gt;</a>&nbsp;&nbsp;&nbsp;usbStop
</UL>

<P><STRONG><a name="[1ad]"></a>usbd_ep_start_read</STRONG> (Thumb, 100 bytes, Stack size 24 bytes, hal_usb_lld.o(.text.usbd_ep_start_read))
<BR><BR>[Stack]<UL><LI>Max Depth = 24<LI>Call Chain = usbd_ep_start_read
</UL>
<BR>[Called By]<UL><LI><a href="#[197]">&gt;&gt;</a>&nbsp;&nbsp;&nbsp;usb_lld_start_out
</UL>

<P><STRONG><a name="[f5]"></a>usbd_ep_start_write</STRONG> (Thumb, 168 bytes, Stack size 32 bytes, hal_usb_lld.o(.text.usbd_ep_start_write))
<BR><BR>[Stack]<UL><LI>Max Depth = 64<LI>Call Chain = usbd_ep_start_write &rArr; usbd_write_packet
</UL>
<BR>[Calls]<UL><LI><a href="#[69]">&gt;&gt;</a>&nbsp;&nbsp;&nbsp;usbd_write_packet
</UL>
<BR>[Called By]<UL><LI><a href="#[6a]">&gt;&gt;</a>&nbsp;&nbsp;&nbsp;handle_ep0
<LI><a href="#[198]">&gt;&gt;</a>&nbsp;&nbsp;&nbsp;usb_lld_start_in
</UL>

<P><STRONG><a name="[f4]"></a>usbd_read_packet</STRONG> (Thumb, 76 bytes, Stack size 24 bytes, hal_usb_lld.o(.text.usbd_read_packet))
<BR><BR>[Stack]<UL><LI>Max Depth = 32<LI>Call Chain = usbd_read_packet &rArr; es_usb_ep_out_data_avail
</UL>
<BR>[Calls]<UL><LI><a href="#[6c]">&gt;&gt;</a>&nbsp;&nbsp;&nbsp;es_usb_ep_out_data_avail
<LI><a href="#[6d]">&gt;&gt;</a>&nbsp;&nbsp;&nbsp;es_usbd_ep_read_packet_8bit
</UL>
<BR>[Called By]<UL><LI><a href="#[6a]">&gt;&gt;</a>&nbsp;&nbsp;&nbsp;handle_ep0
</UL>

<P><STRONG><a name="[69]"></a>usbd_write_packet</STRONG> (Thumb, 132 bytes, Stack size 32 bytes, hal_usb_lld.o(.text.usbd_write_packet))
<BR><BR>[Stack]<UL><LI>Max Depth = 32<LI>Call Chain = usbd_write_packet
</UL>
<BR>[Calls]<UL><LI><a href="#[1af]">&gt;&gt;</a>&nbsp;&nbsp;&nbsp;usb_ep_in_data_avail
</UL>
<BR>[Called By]<UL><LI><a href="#[2e]">&gt;&gt;</a>&nbsp;&nbsp;&nbsp;VectorBC
<LI><a href="#[f5]">&gt;&gt;</a>&nbsp;&nbsp;&nbsp;usbd_ep_start_write
</UL>

<P><STRONG><a name="[62]"></a>__ARM_clz</STRONG> (Thumb, 46 bytes, Stack size 0 bytes, depilogue.o(i.__ARM_clz))
<BR><BR>[Called By]<UL><LI><a href="#[59]">&gt;&gt;</a>&nbsp;&nbsp;&nbsp;_double_epilogue
</UL>

<P><STRONG><a name="[1c0]"></a>__scatterload_copy</STRONG> (Thumb, 14 bytes, Stack size unknown bytes, handlers.o(i.__scatterload_copy), UNUSED)

<P><STRONG><a name="[1c1]"></a>__scatterload_null</STRONG> (Thumb, 2 bytes, Stack size unknown bytes, handlers.o(i.__scatterload_null), UNUSED)

<P><STRONG><a name="[1c2]"></a>__scatterload_zeroinit</STRONG> (Thumb, 14 bytes, Stack size unknown bytes, handlers.o(i.__scatterload_zeroinit), UNUSED)
<P>
<H3>
Local Symbols
</H3>
<P><STRONG><a name="[75]"></a>__sch_ready_behind</STRONG> (Thumb, 28 bytes, Stack size 0 bytes, chschd.o(.text.__sch_ready_behind))
<BR><BR>[Called By]<UL><LI><a href="#[34]">&gt;&gt;</a>&nbsp;&nbsp;&nbsp;__sch_wakeup
<LI><a href="#[a0]">&gt;&gt;</a>&nbsp;&nbsp;&nbsp;chSchReadyI
</UL>

<P><STRONG><a name="[34]"></a>__sch_wakeup</STRONG> (Thumb, 76 bytes, Stack size 8 bytes, chschd.o(.text.__sch_wakeup))
<BR><BR>[Stack]<UL><LI>Max Depth = 8<LI>Call Chain = __sch_wakeup
</UL>
<BR>[Calls]<UL><LI><a href="#[75]">&gt;&gt;</a>&nbsp;&nbsp;&nbsp;__sch_ready_behind
</UL>
<BR>[Address Reference Count : 1]<UL><LI> chschd.o(.text.chSchGoSleepTimeoutS)
</UL>
<P><STRONG><a name="[73]"></a>__sch_ready_ahead</STRONG> (Thumb, 28 bytes, Stack size 0 bytes, chschd.o(.text.__sch_ready_ahead))
<BR><BR>[Called By]<UL><LI><a href="#[50]">&gt;&gt;</a>&nbsp;&nbsp;&nbsp;chSchDoPreemption
<LI><a href="#[72]">&gt;&gt;</a>&nbsp;&nbsp;&nbsp;__sch_reschedule_ahead
</UL>

<P><STRONG><a name="[72]"></a>__sch_reschedule_ahead</STRONG> (Thumb, 36 bytes, Stack size 16 bytes, chschd.o(.text.__sch_reschedule_ahead))
<BR><BR>[Stack]<UL><LI>Max Depth = 16<LI>Call Chain = __sch_reschedule_ahead
</UL>
<BR>[Calls]<UL><LI><a href="#[74]">&gt;&gt;</a>&nbsp;&nbsp;&nbsp;__port_switch
<LI><a href="#[73]">&gt;&gt;</a>&nbsp;&nbsp;&nbsp;__sch_ready_ahead
</UL>
<BR>[Called By]<UL><LI><a href="#[a1]">&gt;&gt;</a>&nbsp;&nbsp;&nbsp;chSchRescheduleS
</UL>

<P><STRONG><a name="[a8]"></a>chThdSleepS</STRONG> (Thumb, 12 bytes, Stack size 8 bytes, chthreads.o(.text.chThdSleepS))
<BR><BR>[Stack]<UL><LI>Max Depth = 72<LI>Call Chain = chThdSleepS &rArr; chSchGoSleepTimeoutS &rArr; chVTDoSetI &rArr; ch_dlist_insert
</UL>
<BR>[Calls]<UL><LI><a href="#[9d]">&gt;&gt;</a>&nbsp;&nbsp;&nbsp;chSchGoSleepTimeoutS
</UL>
<BR>[Called By]<UL><LI><a href="#[a7]">&gt;&gt;</a>&nbsp;&nbsp;&nbsp;chThdSleep
</UL>

<P><STRONG><a name="[aa]"></a>ch_dlist_insert</STRONG> (Thumb, 48 bytes, Stack size 16 bytes, chvt.o(.text.ch_dlist_insert))
<BR><BR>[Stack]<UL><LI>Max Depth = 16<LI>Call Chain = ch_dlist_insert
</UL>
<BR>[Called By]<UL><LI><a href="#[a4]">&gt;&gt;</a>&nbsp;&nbsp;&nbsp;chVTDoTickI
<LI><a href="#[9e]">&gt;&gt;</a>&nbsp;&nbsp;&nbsp;chVTDoSetI
</UL>

<P><STRONG><a name="[33]"></a>__idle_thread</STRONG> (Thumb, 2 bytes, Stack size 0 bytes, chinstances.o(.text.__idle_thread))
<BR><BR>[Calls]<UL><LI><a href="#[33]">&gt;&gt;</a>&nbsp;&nbsp;&nbsp;__idle_thread
</UL>
<BR>[Called By]<UL><LI><a href="#[33]">&gt;&gt;</a>&nbsp;&nbsp;&nbsp;__idle_thread
</UL>
<BR>[Address Reference Count : 1]<UL><LI> chinstances.o(.text.chInstanceObjectInit)
</UL>
<P><STRONG><a name="[82]"></a>osalThreadResumeI</STRONG> (Thumb, 12 bytes, Stack size 8 bytes, hal_usb.o(.text.osalThreadResumeI))
<BR><BR>[Stack]<UL><LI>Max Depth = 24<LI>Call Chain = osalThreadResumeI &rArr; chThdResumeI &rArr; chSchReadyI
</UL>
<BR>[Calls]<UL><LI><a href="#[6b]">&gt;&gt;</a>&nbsp;&nbsp;&nbsp;chThdResumeI
</UL>
<BR>[Called By]<UL><LI><a href="#[68]">&gt;&gt;</a>&nbsp;&nbsp;&nbsp;_usb_reset
<LI><a href="#[7f]">&gt;&gt;</a>&nbsp;&nbsp;&nbsp;usbDisableEndpointsI
<LI><a href="#[fb]">&gt;&gt;</a>&nbsp;&nbsp;&nbsp;usbStop
</UL>

<P><STRONG><a name="[6d]"></a>es_usbd_ep_read_packet_8bit</STRONG> (Thumb, 24 bytes, Stack size 8 bytes, hal_usb_lld.o(.text.es_usbd_ep_read_packet_8bit))
<BR><BR>[Stack]<UL><LI>Max Depth = 8<LI>Call Chain = es_usbd_ep_read_packet_8bit
</UL>
<BR>[Called By]<UL><LI><a href="#[2e]">&gt;&gt;</a>&nbsp;&nbsp;&nbsp;VectorBC
<LI><a href="#[f4]">&gt;&gt;</a>&nbsp;&nbsp;&nbsp;usbd_read_packet
</UL>

<P><STRONG><a name="[1a4]"></a>es_usbd_get_fifo_size16_log2_min8</STRONG> (Thumb, 32 bytes, Stack size 8 bytes, hal_usb_lld.o(.text.es_usbd_get_fifo_size16_log2_min8))
<BR><BR>[Stack]<UL><LI>Max Depth = 8<LI>Call Chain = es_usbd_get_fifo_size16_log2_min8
</UL>
<BR>[Called By]<UL><LI><a href="#[195]">&gt;&gt;</a>&nbsp;&nbsp;&nbsp;usb_lld_init_endpoint
</UL>

<P><STRONG><a name="[bd]"></a>default_layer_state_set</STRONG> (Thumb, 12 bytes, Stack size 8 bytes, action_layer.o(.text.default_layer_state_set))
<BR><BR>[Stack]<UL><LI>Max Depth = 16<LI>Call Chain = default_layer_state_set &rArr; default_layer_state_set_kb
</UL>
<BR>[Calls]<UL><LI><a href="#[c0]">&gt;&gt;</a>&nbsp;&nbsp;&nbsp;default_layer_state_set_kb
</UL>
<BR>[Called By]<UL><LI><a href="#[c2]">&gt;&gt;</a>&nbsp;&nbsp;&nbsp;default_layer_xor
<LI><a href="#[bc]">&gt;&gt;</a>&nbsp;&nbsp;&nbsp;default_layer_and
<LI><a href="#[be]">&gt;&gt;</a>&nbsp;&nbsp;&nbsp;default_layer_or
<LI><a href="#[bf]">&gt;&gt;</a>&nbsp;&nbsp;&nbsp;default_layer_set
</UL>

<P><STRONG><a name="[8d]"></a>process_tapping</STRONG> (Thumb, 664 bytes, Stack size 56 bytes, action_tapping.o(.text.process_tapping))
<BR><BR>[Stack]<UL><LI>Max Depth = 248<LI>Call Chain = process_tapping &rArr; waiting_buffer_scan_tap &rArr; process_record &rArr; process_record_quantum &rArr; process_space_cadet &rArr; perform_space_cadet &rArr; tap_code &rArr; tap_code_delay &rArr; chThdSleep &rArr; chThdSleepS &rArr; chSchGoSleepTimeoutS &rArr; chVTDoSetI &rArr; ch_dlist_insert
</UL>
<BR>[Calls]<UL><LI><a href="#[ff]">&gt;&gt;</a>&nbsp;&nbsp;&nbsp;layer_switch_get_action
<LI><a href="#[170]">&gt;&gt;</a>&nbsp;&nbsp;&nbsp;waiting_buffer_typed
<LI><a href="#[bb]">&gt;&gt;</a>&nbsp;&nbsp;&nbsp;debug_tapping_key
<LI><a href="#[16e]">&gt;&gt;</a>&nbsp;&nbsp;&nbsp;waiting_buffer_scan_tap
<LI><a href="#[fe]">&gt;&gt;</a>&nbsp;&nbsp;&nbsp;is_tap_record
<LI><a href="#[16d]">&gt;&gt;</a>&nbsp;&nbsp;&nbsp;process_record_tap_hint
<LI><a href="#[15e]">&gt;&gt;</a>&nbsp;&nbsp;&nbsp;process_record
<LI><a href="#[16f]">&gt;&gt;</a>&nbsp;&nbsp;&nbsp;debug_event
</UL>
<BR>[Called By]<UL><LI><a href="#[87]">&gt;&gt;</a>&nbsp;&nbsp;&nbsp;action_tapping_process
</UL>

<P><STRONG><a name="[90]"></a>debug_waiting_buffer</STRONG> (Thumb, 48 bytes, Stack size 16 bytes, action_tapping.o(.text.debug_waiting_buffer))
<BR><BR>[Stack]<UL><LI>Max Depth = 16<LI>Call Chain = debug_waiting_buffer
</UL>
<BR>[Calls]<UL><LI><a href="#[8e]">&gt;&gt;</a>&nbsp;&nbsp;&nbsp;debug_record
</UL>
<BR>[Called By]<UL><LI><a href="#[16e]">&gt;&gt;</a>&nbsp;&nbsp;&nbsp;waiting_buffer_scan_tap
<LI><a href="#[87]">&gt;&gt;</a>&nbsp;&nbsp;&nbsp;action_tapping_process
</UL>

<P><STRONG><a name="[16e]"></a>waiting_buffer_scan_tap</STRONG> (Thumb, 112 bytes, Stack size 32 bytes, action_tapping.o(.text.waiting_buffer_scan_tap))
<BR><BR>[Stack]<UL><LI>Max Depth = 192<LI>Call Chain = waiting_buffer_scan_tap &rArr; process_record &rArr; process_record_quantum &rArr; process_space_cadet &rArr; perform_space_cadet &rArr; tap_code &rArr; tap_code_delay &rArr; chThdSleep &rArr; chThdSleepS &rArr; chSchGoSleepTimeoutS &rArr; chVTDoSetI &rArr; ch_dlist_insert
</UL>
<BR>[Calls]<UL><LI><a href="#[90]">&gt;&gt;</a>&nbsp;&nbsp;&nbsp;debug_waiting_buffer
<LI><a href="#[15e]">&gt;&gt;</a>&nbsp;&nbsp;&nbsp;process_record
</UL>
<BR>[Called By]<UL><LI><a href="#[8d]">&gt;&gt;</a>&nbsp;&nbsp;&nbsp;process_tapping
</UL>

<P><STRONG><a name="[bb]"></a>debug_tapping_key</STRONG> (Thumb, 16 bytes, Stack size 8 bytes, action_tapping.o(.text.debug_tapping_key))
<BR><BR>[Stack]<UL><LI>Max Depth = 8<LI>Call Chain = debug_tapping_key
</UL>
<BR>[Calls]<UL><LI><a href="#[8e]">&gt;&gt;</a>&nbsp;&nbsp;&nbsp;debug_record
</UL>
<BR>[Called By]<UL><LI><a href="#[8d]">&gt;&gt;</a>&nbsp;&nbsp;&nbsp;process_tapping
</UL>

<P><STRONG><a name="[170]"></a>waiting_buffer_typed</STRONG> (Thumb, 68 bytes, Stack size 24 bytes, action_tapping.o(.text.waiting_buffer_typed))
<BR><BR>[Stack]<UL><LI>Max Depth = 24<LI>Call Chain = waiting_buffer_typed
</UL>
<BR>[Called By]<UL><LI><a href="#[8d]">&gt;&gt;</a>&nbsp;&nbsp;&nbsp;process_tapping
</UL>

<P><STRONG><a name="[134]"></a>unselect_row</STRONG> (Thumb, 16 bytes, Stack size 8 bytes, matrix.o(.text.unselect_row))
<BR><BR>[Stack]<UL><LI>Max Depth = 72<LI>Call Chain = unselect_row &rArr; setPinInputHigh_atomic &rArr; _pal_lld_setgroupmode
</UL>
<BR>[Calls]<UL><LI><a href="#[135]">&gt;&gt;</a>&nbsp;&nbsp;&nbsp;setPinInputHigh_atomic
</UL>
<BR>[Called By]<UL><LI><a href="#[138]">&gt;&gt;</a>&nbsp;&nbsp;&nbsp;matrix_read_cols_on_row
<LI><a href="#[130]">&gt;&gt;</a>&nbsp;&nbsp;&nbsp;matrix_init_pins
</UL>

<P><STRONG><a name="[135]"></a>setPinInputHigh_atomic</STRONG> (Thumb, 32 bytes, Stack size 8 bytes, matrix.o(.text.setPinInputHigh_atomic))
<BR><BR>[Stack]<UL><LI>Max Depth = 64<LI>Call Chain = setPinInputHigh_atomic &rArr; _pal_lld_setgroupmode
</UL>
<BR>[Calls]<UL><LI><a href="#[123]">&gt;&gt;</a>&nbsp;&nbsp;&nbsp;_pal_lld_setgroupmode
</UL>
<BR>[Called By]<UL><LI><a href="#[130]">&gt;&gt;</a>&nbsp;&nbsp;&nbsp;matrix_init_pins
<LI><a href="#[134]">&gt;&gt;</a>&nbsp;&nbsp;&nbsp;unselect_row
</UL>

<P><STRONG><a name="[4a]"></a>null_sendchar_func</STRONG> (Thumb, 4 bytes, Stack size 0 bytes, print.o(.text.null_sendchar_func))
<BR>[Address Reference Count : 1]<UL><LI> print.o(.data.func)
</UL>
<P><STRONG><a name="[41]"></a>usb_event_cb</STRONG> (Thumb, 84 bytes, Stack size 8 bytes, usb_main.o(.text.usb_event_cb))
<BR><BR>[Stack]<UL><LI>Max Depth = 64<LI>Call Chain = usb_event_cb &rArr; usbInitEndpointI &rArr; usb_lld_init_endpoint &rArr; ald_usb_dev_ep_config
</UL>
<BR>[Calls]<UL><LI><a href="#[194]">&gt;&gt;</a>&nbsp;&nbsp;&nbsp;usbInitEndpointI
<LI><a href="#[19e]">&gt;&gt;</a>&nbsp;&nbsp;&nbsp;usb_event_queue_enqueue
</UL>
<BR>[Address Reference Count : 1]<UL><LI> usb_main.o(.rodata.usbcfg)
</UL>
<P><STRONG><a name="[19e]"></a>usb_event_queue_enqueue</STRONG> (Thumb, 28 bytes, Stack size 8 bytes, usb_main.o(.text.usb_event_queue_enqueue))
<BR><BR>[Stack]<UL><LI>Max Depth = 8<LI>Call Chain = usb_event_queue_enqueue
</UL>
<BR>[Called By]<UL><LI><a href="#[41]">&gt;&gt;</a>&nbsp;&nbsp;&nbsp;usb_event_cb
</UL>

<P><STRONG><a name="[42]"></a>usb_get_descriptor_cb</STRONG> (Thumb, 60 bytes, Stack size 16 bytes, usb_main.o(.text.usb_get_descriptor_cb))
<BR><BR>[Stack]<UL><LI>Max Depth = 24<LI>Call Chain = usb_get_descriptor_cb &rArr; get_usb_descriptor
</UL>
<BR>[Calls]<UL><LI><a href="#[1a0]">&gt;&gt;</a>&nbsp;&nbsp;&nbsp;get_usb_descriptor
</UL>
<BR>[Address Reference Count : 1]<UL><LI> usb_main.o(.rodata.usbcfg)
</UL>
<P><STRONG><a name="[43]"></a>usb_requests_hook_cb</STRONG> (Thumb, 340 bytes, Stack size 16 bytes, usb_main.o(.text.usb_requests_hook_cb))
<BR><BR>[Stack]<UL><LI>Max Depth = 56<LI>Call Chain = usb_requests_hook_cb &rArr; chVTSetI &rArr; chVTDoSetI &rArr; ch_dlist_insert
</UL>
<BR>[Calls]<UL><LI><a href="#[ab]">&gt;&gt;</a>&nbsp;&nbsp;&nbsp;chVTSetI
<LI><a href="#[101]">&gt;&gt;</a>&nbsp;&nbsp;&nbsp;__aeabi_uidiv
</UL>
<BR>[Address Reference Count : 1]<UL><LI> usb_main.o(.rodata.usbcfg)
</UL>
<P><STRONG><a name="[ab]"></a>chVTSetI</STRONG> (Thumb, 36 bytes, Stack size 16 bytes, usb_main.o(.text.chVTSetI))
<BR><BR>[Stack]<UL><LI>Max Depth = 40<LI>Call Chain = chVTSetI &rArr; chVTDoSetI &rArr; ch_dlist_insert
</UL>
<BR>[Calls]<UL><LI><a href="#[9f]">&gt;&gt;</a>&nbsp;&nbsp;&nbsp;chVTDoResetI
<LI><a href="#[9e]">&gt;&gt;</a>&nbsp;&nbsp;&nbsp;chVTDoSetI
</UL>
<BR>[Called By]<UL><LI><a href="#[36]">&gt;&gt;</a>&nbsp;&nbsp;&nbsp;keyboard_idle_timer_cb
<LI><a href="#[43]">&gt;&gt;</a>&nbsp;&nbsp;&nbsp;usb_requests_hook_cb
</UL>

<P><STRONG><a name="[3c]"></a>set_led_transfer_cb</STRONG> (Thumb, 36 bytes, Stack size 0 bytes, usb_main.o(.text.set_led_transfer_cb))
<BR>[Address Reference Count : 1]<UL><LI> usb_main.o(.text.usb_requests_hook_cb)
</UL>
<P><STRONG><a name="[44]"></a>usb_sof_cb</STRONG> (Thumb, 10 bytes, Stack size 0 bytes, usb_main.o(.text.usb_sof_cb))
<BR>[Address Reference Count : 1]<UL><LI> usb_main.o(.rodata.usbcfg)
</UL>
<P><STRONG><a name="[40]"></a>dummy_usb_cb</STRONG> (Thumb, 2 bytes, Stack size 0 bytes, usb_main.o(.text.dummy_usb_cb))
<BR>[Address Reference Count : 1]<UL><LI> usb_main.o(.rodata.shared_ep_config)
</UL>
<P><STRONG><a name="[36]"></a>keyboard_idle_timer_cb</STRONG> (Thumb, 88 bytes, Stack size 16 bytes, usb_main.o(.text.keyboard_idle_timer_cb))
<BR><BR>[Stack]<UL><LI>Max Depth = 112<LI>Call Chain = keyboard_idle_timer_cb &rArr; usbStartTransmitI &rArr; usb_lld_start_in &rArr; usbd_ep_start_write &rArr; usbd_write_packet
</UL>
<BR>[Calls]<UL><LI><a href="#[7a]">&gt;&gt;</a>&nbsp;&nbsp;&nbsp;usbStartTransmitI
<LI><a href="#[ab]">&gt;&gt;</a>&nbsp;&nbsp;&nbsp;chVTSetI
<LI><a href="#[101]">&gt;&gt;</a>&nbsp;&nbsp;&nbsp;__aeabi_uidiv
</UL>
<BR>[Address Reference Count : 1]<UL><LI> usb_main.o(.text.chVTSetI)
</UL>
<P><STRONG><a name="[ac]"></a>chVTSetI</STRONG> (Thumb, 32 bytes, Stack size 8 bytes, timer.o(.text.chVTSetI))
<BR><BR>[Stack]<UL><LI>Max Depth = 32<LI>Call Chain = chVTSetI &rArr; chVTDoSetI &rArr; ch_dlist_insert
</UL>
<BR>[Calls]<UL><LI><a href="#[9f]">&gt;&gt;</a>&nbsp;&nbsp;&nbsp;chVTDoResetI
<LI><a href="#[9e]">&gt;&gt;</a>&nbsp;&nbsp;&nbsp;chVTDoSetI
</UL>
<BR>[Called By]<UL><LI><a href="#[103]">&gt;&gt;</a>&nbsp;&nbsp;&nbsp;timer_init
<LI><a href="#[37]">&gt;&gt;</a>&nbsp;&nbsp;&nbsp;update_fn
</UL>

<P><STRONG><a name="[18f]"></a>get_system_time_ticks</STRONG> (Thumb, 28 bytes, Stack size 0 bytes, timer.o(.text.get_system_time_ticks))
<BR><BR>[Called By]<UL><LI><a href="#[b7]">&gt;&gt;</a>&nbsp;&nbsp;&nbsp;timer_read32
<LI><a href="#[18e]">&gt;&gt;</a>&nbsp;&nbsp;&nbsp;timer_clear
<LI><a href="#[37]">&gt;&gt;</a>&nbsp;&nbsp;&nbsp;update_fn
</UL>

<P><STRONG><a name="[37]"></a>update_fn</STRONG> (Thumb, 20 bytes, Stack size 8 bytes, timer.o(.text.update_fn))
<BR><BR>[Stack]<UL><LI>Max Depth = 40<LI>Call Chain = update_fn &rArr; chVTSetI &rArr; chVTDoSetI &rArr; ch_dlist_insert
</UL>
<BR>[Calls]<UL><LI><a href="#[18f]">&gt;&gt;</a>&nbsp;&nbsp;&nbsp;get_system_time_ticks
<LI><a href="#[ac]">&gt;&gt;</a>&nbsp;&nbsp;&nbsp;chVTSetI
</UL>
<BR>[Address Reference Count : 1]<UL><LI> timer.o(.text.chVTSetI)
</UL><P>
<H3>
Undefined Global Symbols
</H3><HR></body></html>
