<!doctype html public "-//w3c//dtd html 4.0 transitional//en">
<html><head>
<title>Static Call Graph - [Objects\essemi_es32f0283.axf]</title></head>
<body><HR>
<H1>Static Call Graph for image Objects\essemi_es32f0283.axf</H1><HR>
<BR><P>#&#060CALLGRAPH&#062# ARM Linker, 6180002: Last Updated: Tue Feb  6 17:43:32 2024
<BR><P>
<H3>Maximum Stack Usage =        868 bytes + Unknown(Functions without stacksize, Cycles, Untraceable Function Pointers)</H3><H3>
Call chain for Maximum Stack Depth:</H3>
main &rArr; protocol_task &rArr; keyboard_task &rArr; matrix_task &rArr; generate_tick_event &rArr; action_exec &rArr; action_tapping_process &rArr; process_tapping &rArr; waiting_buffer_scan_tap &rArr; process_record &rArr; process_record_handler &rArr; process_action &rArr;  process_record (Cycle)
<P>
<H3>
Functions with no stack information
</H3><UL>
 <LI><a href="#[31]">__port_exit_from_isr</a>
</UL>
</UL>
<P>
<H3>
Mutually Recursive functions
</H3> <LI><a href="#[263]">process_action</a>&nbsp;&nbsp;&nbsp;&rArr;&nbsp;&nbsp;&nbsp;<a href="#[26c]">process_record</a><BR>
</UL>
<P>
<H3>
Function Pointers
</H3><UL>
 <LI><a href="#[4]">BusFault_Handler</a> from vectors_1.o(.text) referenced from vectors_1.o(RESET)
 <LI><a href="#[b]">DebugMon_Handler</a> from vectors_1.o(.text) referenced from vectors_1.o(RESET)
 <LI><a href="#[2]">HardFault_Handler</a> from hal_lld.o(.text.HardFault_Handler) referenced from vectors_1.o(RESET)
 <LI><a href="#[3]">MemManage_Handler</a> from vectors_1.o(.text) referenced from vectors_1.o(RESET)
 <LI><a href="#[1]">NMI_Handler</a> from chcore.o(.text.NMI_Handler) referenced from vectors_1.o(RESET)
 <LI><a href="#[d]">PendSV_Handler</a> from vectors_1.o(.text) referenced from vectors_1.o(RESET)
 <LI><a href="#[0]">Reset_Handler</a> from cstartup_1.o(.text) referenced from vectors_1.o(RESET)
 <LI><a href="#[a]">SVC_Handler</a> from vectors_1.o(.text) referenced from vectors_1.o(RESET)
 <LI><a href="#[e]">SysTick_Handler</a> from hal_st_lld.o(.text.SysTick_Handler) referenced from vectors_1.o(RESET)
 <LI><a href="#[5]">UsageFault_Handler</a> from vectors_1.o(.text) referenced from vectors_1.o(RESET)
 <LI><a href="#[6]">Vector1C</a> from vectors_1.o(.text) referenced from vectors_1.o(RESET)
 <LI><a href="#[7]">Vector20</a> from vectors_1.o(.text) referenced from vectors_1.o(RESET)
 <LI><a href="#[8]">Vector24</a> from vectors_1.o(.text) referenced from vectors_1.o(RESET)
 <LI><a href="#[9]">Vector28</a> from vectors_1.o(.text) referenced from vectors_1.o(RESET)
 <LI><a href="#[c]">Vector34</a> from vectors_1.o(.text) referenced from vectors_1.o(RESET)
 <LI><a href="#[f]">Vector40</a> from vectors_1.o(.text) referenced from vectors_1.o(RESET)
 <LI><a href="#[10]">Vector44</a> from vectors_1.o(.text) referenced from vectors_1.o(RESET)
 <LI><a href="#[11]">Vector48</a> from vectors_1.o(.text) referenced from vectors_1.o(RESET)
 <LI><a href="#[12]">Vector4C</a> from vectors_1.o(.text) referenced from vectors_1.o(RESET)
 <LI><a href="#[13]">Vector50</a> from vectors_1.o(.text) referenced from vectors_1.o(RESET)
 <LI><a href="#[14]">Vector54</a> from vectors_1.o(.text) referenced from vectors_1.o(RESET)
 <LI><a href="#[15]">Vector58</a> from vectors_1.o(.text) referenced from vectors_1.o(RESET)
 <LI><a href="#[16]">Vector5C</a> from vectors_1.o(.text) referenced from vectors_1.o(RESET)
 <LI><a href="#[17]">Vector60</a> from vectors_1.o(.text) referenced from vectors_1.o(RESET)
 <LI><a href="#[18]">Vector64</a> from vectors_1.o(.text) referenced from vectors_1.o(RESET)
 <LI><a href="#[19]">Vector68</a> from vectors_1.o(.text) referenced from vectors_1.o(RESET)
 <LI><a href="#[1a]">Vector6C</a> from vectors_1.o(.text) referenced from vectors_1.o(RESET)
 <LI><a href="#[1b]">Vector70</a> from vectors_1.o(.text) referenced from vectors_1.o(RESET)
 <LI><a href="#[1c]">Vector74</a> from vectors_1.o(.text) referenced from vectors_1.o(RESET)
 <LI><a href="#[1d]">Vector78</a> from vectors_1.o(.text) referenced from vectors_1.o(RESET)
 <LI><a href="#[1e]">Vector7C</a> from vectors_1.o(.text) referenced from vectors_1.o(RESET)
 <LI><a href="#[1f]">Vector80</a> from vectors_1.o(.text) referenced from vectors_1.o(RESET)
 <LI><a href="#[20]">Vector84</a> from vectors_1.o(.text) referenced from vectors_1.o(RESET)
 <LI><a href="#[21]">Vector88</a> from vectors_1.o(.text) referenced from vectors_1.o(RESET)
 <LI><a href="#[22]">Vector8C</a> from vectors_1.o(.text) referenced from vectors_1.o(RESET)
 <LI><a href="#[23]">Vector90</a> from vectors_1.o(.text) referenced from vectors_1.o(RESET)
 <LI><a href="#[24]">Vector94</a> from vectors_1.o(.text) referenced from vectors_1.o(RESET)
 <LI><a href="#[25]">Vector98</a> from vectors_1.o(.text) referenced from vectors_1.o(RESET)
 <LI><a href="#[26]">Vector9C</a> from vectors_1.o(.text) referenced from vectors_1.o(RESET)
 <LI><a href="#[27]">VectorA0</a> from vectors_1.o(.text) referenced from vectors_1.o(RESET)
 <LI><a href="#[28]">VectorA4</a> from vectors_1.o(.text) referenced from vectors_1.o(RESET)
 <LI><a href="#[29]">VectorA8</a> from vectors_1.o(.text) referenced from vectors_1.o(RESET)
 <LI><a href="#[2a]">VectorAC</a> from vectors_1.o(.text) referenced from vectors_1.o(RESET)
 <LI><a href="#[2b]">VectorB0</a> from vectors_1.o(.text) referenced from vectors_1.o(RESET)
 <LI><a href="#[2c]">VectorB4</a> from vectors_1.o(.text) referenced from vectors_1.o(RESET)
 <LI><a href="#[2d]">VectorB8</a> from vectors_1.o(.text) referenced from vectors_1.o(RESET)
 <LI><a href="#[2e]">VectorBC</a> from hal_usb_lld.o(.text.VectorBC) referenced from vectors_1.o(RESET)
 <LI><a href="#[33]">__idle_thread</a> from chinstances.o(.text.__idle_thread) referenced from chinstances.o(.text.chInstanceObjectInit)
 <LI><a href="#[30]">__main</a> from entry.o(.ARM.Collect$$$$00000000) referenced from cstartup_1.o(.text)
 <LI><a href="#[31]">__port_exit_from_isr</a> from chcoreasm_1.o(.text) referenced from chcore.o(.text.__port_irq_epilogue)
 <LI><a href="#[32]">__port_switch_from_isr</a> from chcoreasm_1.o(.text) referenced from chcore.o(.text.__port_irq_epilogue)
 <LI><a href="#[35]">__port_thread_start</a> from chcoreasm_1.o(.text) referenced from chthreads.o(.text.chThdCreateSuspendedI)
 <LI><a href="#[34]">__sch_wakeup</a> from chschd.o(.text.__sch_wakeup) referenced from chschd.o(.text.chSchGoSleepTimeoutS)
 <LI><a href="#[47]">_get</a> from usb_driver.o(.text._get) referenced from usb_driver.o(.rodata.vmt)
 <LI><a href="#[49]">_gett</a> from usb_driver.o(.text._gett) referenced from usb_driver.o(.rodata.vmt)
 <LI><a href="#[46]">_put</a> from usb_driver.o(.text._put) referenced from usb_driver.o(.rodata.vmt)
 <LI><a href="#[48]">_putt</a> from usb_driver.o(.text._putt) referenced from usb_driver.o(.rodata.vmt)
 <LI><a href="#[45]">_read</a> from usb_driver.o(.text._read) referenced from usb_driver.o(.rodata.vmt)
 <LI><a href="#[4b]">_readt</a> from usb_driver.o(.text._readt) referenced from usb_driver.o(.rodata.vmt)
 <LI><a href="#[3d]">_usb_ep0in</a> from hal_usb.o(.text._usb_ep0in) referenced from hal_usb_lld.o(.rodata.ep0config)
 <LI><a href="#[3e]">_usb_ep0out</a> from hal_usb.o(.text._usb_ep0out) referenced from hal_usb_lld.o(.rodata.ep0config)
 <LI><a href="#[3c]">_usb_ep0setup</a> from hal_usb.o(.text._usb_ep0setup) referenced from hal_usb_lld.o(.rodata.ep0config)
 <LI><a href="#[44]">_write</a> from usb_driver.o(.text._write) referenced from usb_driver.o(.rodata.vmt)
 <LI><a href="#[4a]">_writet</a> from usb_driver.o(.text._writet) referenced from usb_driver.o(.rodata.vmt)
 <LI><a href="#[3f]">dummy_usb_cb</a> from usb_main.o(.text.dummy_usb_cb) referenced from usb_main.o(.rodata.shared_ep_config)
 <LI><a href="#[38]">ibnotify</a> from usb_driver.o(.text.ibnotify) referenced from usb_driver.o(.text.qmkusbObjectInit)
 <LI><a href="#[36]">keyboard_idle_timer_cb</a> from usb_main.o(.text.keyboard_idle_timer_cb) referenced from usb_main.o(.text.keyboard_idle_timer_cb)
 <LI><a href="#[36]">keyboard_idle_timer_cb</a> from usb_main.o(.text.keyboard_idle_timer_cb) referenced from usb_main.o(.text.usb_requests_hook_cb)
 <LI><a href="#[4c]">keyboard_leds</a> from usb_main.o(.text.keyboard_leds) referenced from chibios.o(.data.chibios_driver)
 <LI><a href="#[2f]">main</a> from main.o(.text.main) referenced from entry9a.o(.ARM.Collect$$$$0000000B)
 <LI><a href="#[51]">null_sendchar_func</a> from print.o(.text.null_sendchar_func) referenced from print.o(.data.func)
 <LI><a href="#[39]">obnotify</a> from usb_driver.o(.text.obnotify) referenced from usb_driver.o(.text.qmkusbObjectInit)
 <LI><a href="#[50]">send_extra</a> from usb_main.o(.text.send_extra) referenced from chibios.o(.data.chibios_driver)
 <LI><a href="#[4d]">send_keyboard</a> from usb_main.o(.text.send_keyboard) referenced from chibios.o(.data.chibios_driver)
 <LI><a href="#[4f]">send_mouse</a> from usb_main.o(.text.send_mouse) referenced from chibios.o(.data.chibios_driver)
 <LI><a href="#[4e]">send_nkro</a> from usb_main.o(.text.send_nkro) referenced from chibios.o(.data.chibios_driver)
 <LI><a href="#[37]">sendchar</a> from sendchar.o(.text.sendchar) referenced from keyboard.o(.text.keyboard_setup)
 <LI><a href="#[3b]">set_led_transfer_cb</a> from usb_main.o(.text.set_led_transfer_cb) referenced from usb_main.o(.text.usb_requests_hook_cb)
 <LI><a href="#[3a]">update_fn</a> from timer.o(.text.update_fn) referenced from timer.o(.text.update_fn)
 <LI><a href="#[40]">usb_event_cb</a> from usb_main.o(.text.usb_event_cb) referenced from usb_main.o(.rodata.usbcfg)
 <LI><a href="#[41]">usb_get_descriptor_cb</a> from usb_main.o(.text.usb_get_descriptor_cb) referenced from usb_main.o(.rodata.usbcfg)
 <LI><a href="#[42]">usb_requests_hook_cb</a> from usb_main.o(.text.usb_requests_hook_cb) referenced from usb_main.o(.rodata.usbcfg)
 <LI><a href="#[43]">usb_sof_cb</a> from usb_main.o(.text.usb_sof_cb) referenced from usb_main.o(.rodata.usbcfg)
</UL>
<P>
<H3>
Global Symbols
</H3>
<P><STRONG><a name="[30]"></a>__main</STRONG> (Thumb, 0 bytes, Stack size unknown bytes, entry.o(.ARM.Collect$$$$00000000))
<BR>[Address Reference Count : 1]<UL><LI> cstartup_1.o(.text)
</UL>
<P><STRONG><a name="[2c9]"></a>_main_stk</STRONG> (Thumb, 0 bytes, Stack size unknown bytes, entry2.o(.ARM.Collect$$$$00000001))

<P><STRONG><a name="[52]"></a>_main_scatterload</STRONG> (Thumb, 0 bytes, Stack size unknown bytes, entry5.o(.ARM.Collect$$$$00000004))
<BR><BR>[Calls]<UL><LI><a href="#[53]">&gt;&gt;</a>&nbsp;&nbsp;&nbsp;__scatterload
</UL>

<P><STRONG><a name="[6a]"></a>__main_after_scatterload</STRONG> (Thumb, 0 bytes, Stack size unknown bytes, entry5.o(.ARM.Collect$$$$00000004))
<BR><BR>[Called By]<UL><LI><a href="#[53]">&gt;&gt;</a>&nbsp;&nbsp;&nbsp;__scatterload
</UL>

<P><STRONG><a name="[2ca]"></a>_main_clock</STRONG> (Thumb, 0 bytes, Stack size unknown bytes, entry7b.o(.ARM.Collect$$$$00000008))

<P><STRONG><a name="[2cb]"></a>_main_cpp_init</STRONG> (Thumb, 0 bytes, Stack size unknown bytes, entry8b.o(.ARM.Collect$$$$0000000A))

<P><STRONG><a name="[2cc]"></a>_main_init</STRONG> (Thumb, 0 bytes, Stack size unknown bytes, entry9a.o(.ARM.Collect$$$$0000000B))

<P><STRONG><a name="[2cd]"></a>__rt_final_cpp</STRONG> (Thumb, 0 bytes, Stack size unknown bytes, entry10a.o(.ARM.Collect$$$$0000000D))

<P><STRONG><a name="[2ce]"></a>__rt_final_exit</STRONG> (Thumb, 0 bytes, Stack size unknown bytes, entry11a.o(.ARM.Collect$$$$0000000F))

<P><STRONG><a name="[0]"></a>Reset_Handler</STRONG> (Thumb, 26 bytes, Stack size 0 bytes, cstartup_1.o(.text))
<BR><BR>[Stack]<UL><LI>Max Depth = 8<LI>Call Chain = Reset_Handler &rArr; __early_init
</UL>
<BR>[Calls]<UL><LI><a href="#[54]">&gt;&gt;</a>&nbsp;&nbsp;&nbsp;__early_init
</UL>
<BR>[Address Reference Count : 1]<UL><LI> vectors_1.o(RESET)
</UL>
<P><STRONG><a name="[4]"></a>BusFault_Handler</STRONG> (Thumb, 0 bytes, Stack size 0 bytes, vectors_1.o(.text))
<BR>[Address Reference Count : 1]<UL><LI> vectors_1.o(RESET)
</UL>
<P><STRONG><a name="[b]"></a>DebugMon_Handler</STRONG> (Thumb, 0 bytes, Stack size 0 bytes, vectors_1.o(.text))
<BR>[Address Reference Count : 1]<UL><LI> vectors_1.o(RESET)
</UL>
<P><STRONG><a name="[3]"></a>MemManage_Handler</STRONG> (Thumb, 0 bytes, Stack size 0 bytes, vectors_1.o(.text))
<BR>[Address Reference Count : 1]<UL><LI> vectors_1.o(RESET)
</UL>
<P><STRONG><a name="[d]"></a>PendSV_Handler</STRONG> (Thumb, 0 bytes, Stack size 0 bytes, vectors_1.o(.text))
<BR>[Address Reference Count : 1]<UL><LI> vectors_1.o(RESET)
</UL>
<P><STRONG><a name="[a]"></a>SVC_Handler</STRONG> (Thumb, 0 bytes, Stack size 0 bytes, vectors_1.o(.text))
<BR>[Address Reference Count : 1]<UL><LI> vectors_1.o(RESET)
</UL>
<P><STRONG><a name="[5]"></a>UsageFault_Handler</STRONG> (Thumb, 0 bytes, Stack size 0 bytes, vectors_1.o(.text))
<BR>[Address Reference Count : 1]<UL><LI> vectors_1.o(RESET)
</UL>
<P><STRONG><a name="[6]"></a>Vector1C</STRONG> (Thumb, 0 bytes, Stack size 0 bytes, vectors_1.o(.text))
<BR>[Address Reference Count : 1]<UL><LI> vectors_1.o(RESET)
</UL>
<P><STRONG><a name="[7]"></a>Vector20</STRONG> (Thumb, 0 bytes, Stack size 0 bytes, vectors_1.o(.text))
<BR>[Address Reference Count : 1]<UL><LI> vectors_1.o(RESET)
</UL>
<P><STRONG><a name="[8]"></a>Vector24</STRONG> (Thumb, 0 bytes, Stack size 0 bytes, vectors_1.o(.text))
<BR>[Address Reference Count : 1]<UL><LI> vectors_1.o(RESET)
</UL>
<P><STRONG><a name="[9]"></a>Vector28</STRONG> (Thumb, 0 bytes, Stack size 0 bytes, vectors_1.o(.text))
<BR>[Address Reference Count : 1]<UL><LI> vectors_1.o(RESET)
</UL>
<P><STRONG><a name="[c]"></a>Vector34</STRONG> (Thumb, 0 bytes, Stack size 0 bytes, vectors_1.o(.text))
<BR>[Address Reference Count : 1]<UL><LI> vectors_1.o(RESET)
</UL>
<P><STRONG><a name="[f]"></a>Vector40</STRONG> (Thumb, 0 bytes, Stack size 0 bytes, vectors_1.o(.text))
<BR>[Address Reference Count : 1]<UL><LI> vectors_1.o(RESET)
</UL>
<P><STRONG><a name="[10]"></a>Vector44</STRONG> (Thumb, 0 bytes, Stack size 0 bytes, vectors_1.o(.text))
<BR>[Address Reference Count : 1]<UL><LI> vectors_1.o(RESET)
</UL>
<P><STRONG><a name="[11]"></a>Vector48</STRONG> (Thumb, 0 bytes, Stack size 0 bytes, vectors_1.o(.text))
<BR>[Address Reference Count : 1]<UL><LI> vectors_1.o(RESET)
</UL>
<P><STRONG><a name="[12]"></a>Vector4C</STRONG> (Thumb, 0 bytes, Stack size 0 bytes, vectors_1.o(.text))
<BR>[Address Reference Count : 1]<UL><LI> vectors_1.o(RESET)
</UL>
<P><STRONG><a name="[13]"></a>Vector50</STRONG> (Thumb, 0 bytes, Stack size 0 bytes, vectors_1.o(.text))
<BR>[Address Reference Count : 1]<UL><LI> vectors_1.o(RESET)
</UL>
<P><STRONG><a name="[14]"></a>Vector54</STRONG> (Thumb, 0 bytes, Stack size 0 bytes, vectors_1.o(.text))
<BR>[Address Reference Count : 1]<UL><LI> vectors_1.o(RESET)
</UL>
<P><STRONG><a name="[15]"></a>Vector58</STRONG> (Thumb, 0 bytes, Stack size 0 bytes, vectors_1.o(.text))
<BR>[Address Reference Count : 1]<UL><LI> vectors_1.o(RESET)
</UL>
<P><STRONG><a name="[16]"></a>Vector5C</STRONG> (Thumb, 0 bytes, Stack size 0 bytes, vectors_1.o(.text))
<BR>[Address Reference Count : 1]<UL><LI> vectors_1.o(RESET)
</UL>
<P><STRONG><a name="[17]"></a>Vector60</STRONG> (Thumb, 0 bytes, Stack size 0 bytes, vectors_1.o(.text))
<BR>[Address Reference Count : 1]<UL><LI> vectors_1.o(RESET)
</UL>
<P><STRONG><a name="[18]"></a>Vector64</STRONG> (Thumb, 0 bytes, Stack size 0 bytes, vectors_1.o(.text))
<BR>[Address Reference Count : 1]<UL><LI> vectors_1.o(RESET)
</UL>
<P><STRONG><a name="[19]"></a>Vector68</STRONG> (Thumb, 0 bytes, Stack size 0 bytes, vectors_1.o(.text))
<BR>[Address Reference Count : 1]<UL><LI> vectors_1.o(RESET)
</UL>
<P><STRONG><a name="[1a]"></a>Vector6C</STRONG> (Thumb, 0 bytes, Stack size 0 bytes, vectors_1.o(.text))
<BR>[Address Reference Count : 1]<UL><LI> vectors_1.o(RESET)
</UL>
<P><STRONG><a name="[1b]"></a>Vector70</STRONG> (Thumb, 0 bytes, Stack size 0 bytes, vectors_1.o(.text))
<BR>[Address Reference Count : 1]<UL><LI> vectors_1.o(RESET)
</UL>
<P><STRONG><a name="[1c]"></a>Vector74</STRONG> (Thumb, 0 bytes, Stack size 0 bytes, vectors_1.o(.text))
<BR>[Address Reference Count : 1]<UL><LI> vectors_1.o(RESET)
</UL>
<P><STRONG><a name="[1d]"></a>Vector78</STRONG> (Thumb, 0 bytes, Stack size 0 bytes, vectors_1.o(.text))
<BR>[Address Reference Count : 1]<UL><LI> vectors_1.o(RESET)
</UL>
<P><STRONG><a name="[1e]"></a>Vector7C</STRONG> (Thumb, 0 bytes, Stack size 0 bytes, vectors_1.o(.text))
<BR>[Address Reference Count : 1]<UL><LI> vectors_1.o(RESET)
</UL>
<P><STRONG><a name="[1f]"></a>Vector80</STRONG> (Thumb, 0 bytes, Stack size 0 bytes, vectors_1.o(.text))
<BR>[Address Reference Count : 1]<UL><LI> vectors_1.o(RESET)
</UL>
<P><STRONG><a name="[20]"></a>Vector84</STRONG> (Thumb, 0 bytes, Stack size 0 bytes, vectors_1.o(.text))
<BR>[Address Reference Count : 1]<UL><LI> vectors_1.o(RESET)
</UL>
<P><STRONG><a name="[21]"></a>Vector88</STRONG> (Thumb, 0 bytes, Stack size 0 bytes, vectors_1.o(.text))
<BR>[Address Reference Count : 1]<UL><LI> vectors_1.o(RESET)
</UL>
<P><STRONG><a name="[22]"></a>Vector8C</STRONG> (Thumb, 0 bytes, Stack size 0 bytes, vectors_1.o(.text))
<BR>[Address Reference Count : 1]<UL><LI> vectors_1.o(RESET)
</UL>
<P><STRONG><a name="[23]"></a>Vector90</STRONG> (Thumb, 0 bytes, Stack size 0 bytes, vectors_1.o(.text))
<BR>[Address Reference Count : 1]<UL><LI> vectors_1.o(RESET)
</UL>
<P><STRONG><a name="[24]"></a>Vector94</STRONG> (Thumb, 0 bytes, Stack size 0 bytes, vectors_1.o(.text))
<BR>[Address Reference Count : 1]<UL><LI> vectors_1.o(RESET)
</UL>
<P><STRONG><a name="[25]"></a>Vector98</STRONG> (Thumb, 0 bytes, Stack size 0 bytes, vectors_1.o(.text))
<BR>[Address Reference Count : 1]<UL><LI> vectors_1.o(RESET)
</UL>
<P><STRONG><a name="[26]"></a>Vector9C</STRONG> (Thumb, 0 bytes, Stack size 0 bytes, vectors_1.o(.text))
<BR>[Address Reference Count : 1]<UL><LI> vectors_1.o(RESET)
</UL>
<P><STRONG><a name="[27]"></a>VectorA0</STRONG> (Thumb, 0 bytes, Stack size 0 bytes, vectors_1.o(.text))
<BR>[Address Reference Count : 1]<UL><LI> vectors_1.o(RESET)
</UL>
<P><STRONG><a name="[28]"></a>VectorA4</STRONG> (Thumb, 0 bytes, Stack size 0 bytes, vectors_1.o(.text))
<BR>[Address Reference Count : 1]<UL><LI> vectors_1.o(RESET)
</UL>
<P><STRONG><a name="[29]"></a>VectorA8</STRONG> (Thumb, 0 bytes, Stack size 0 bytes, vectors_1.o(.text))
<BR>[Address Reference Count : 1]<UL><LI> vectors_1.o(RESET)
</UL>
<P><STRONG><a name="[2a]"></a>VectorAC</STRONG> (Thumb, 0 bytes, Stack size 0 bytes, vectors_1.o(.text))
<BR>[Address Reference Count : 1]<UL><LI> vectors_1.o(RESET)
</UL>
<P><STRONG><a name="[2b]"></a>VectorB0</STRONG> (Thumb, 0 bytes, Stack size 0 bytes, vectors_1.o(.text))
<BR>[Address Reference Count : 1]<UL><LI> vectors_1.o(RESET)
</UL>
<P><STRONG><a name="[2c]"></a>VectorB4</STRONG> (Thumb, 0 bytes, Stack size 0 bytes, vectors_1.o(.text))
<BR>[Address Reference Count : 1]<UL><LI> vectors_1.o(RESET)
</UL>
<P><STRONG><a name="[2d]"></a>VectorB8</STRONG> (Thumb, 0 bytes, Stack size 0 bytes, vectors_1.o(.text))
<BR>[Address Reference Count : 1]<UL><LI> vectors_1.o(RESET)
</UL>
<P><STRONG><a name="[55]"></a>_unhandled_exception</STRONG> (Thumb, 2 bytes, Stack size 0 bytes, vectors_1.o(.text), UNUSED)
<BR><BR>[Calls]<UL><LI><a href="#[55]">&gt;&gt;</a>&nbsp;&nbsp;&nbsp;_unhandled_exception
</UL>
<BR>[Called By]<UL><LI><a href="#[55]">&gt;&gt;</a>&nbsp;&nbsp;&nbsp;_unhandled_exception
</UL>

<P><STRONG><a name="[8e]"></a>__port_switch</STRONG> (Thumb, 32 bytes, Stack size 0 bytes, chcoreasm_1.o(.text))
<BR><BR>[Called By]<UL><LI><a href="#[57]">&gt;&gt;</a>&nbsp;&nbsp;&nbsp;chSchDoPreemption
<LI><a href="#[8c]">&gt;&gt;</a>&nbsp;&nbsp;&nbsp;__sch_reschedule_ahead
<LI><a href="#[d3]">&gt;&gt;</a>&nbsp;&nbsp;&nbsp;chSchGoSleepS
</UL>

<P><STRONG><a name="[35]"></a>__port_thread_start</STRONG> (Thumb, 14 bytes, Stack size 0 bytes, chcoreasm_1.o(.text))
<BR><BR>[Stack]<UL><LI>Max Depth = 64<LI>Call Chain = __port_thread_start &rArr; chThdExit &rArr; chThdExitS &rArr; chSchGoSleepS &rArr; ch_pqueue_remove_highest
</UL>
<BR>[Calls]<UL><LI><a href="#[56]">&gt;&gt;</a>&nbsp;&nbsp;&nbsp;chThdExit
</UL>
<BR>[Address Reference Count : 1]<UL><LI> chthreads.o(.text.chThdCreateSuspendedI)
</UL>
<P><STRONG><a name="[32]"></a>__port_switch_from_isr</STRONG> (Thumb, 14 bytes, Stack size 0 bytes, chcoreasm_1.o(.text))
<BR><BR>[Stack]<UL><LI>Max Depth = 48<LI>Call Chain = __port_switch_from_isr &rArr; chSchDoPreemption &rArr; __sch_ready_ahead &rArr; ch_pqueue_insert_ahead
</UL>
<BR>[Calls]<UL><LI><a href="#[57]">&gt;&gt;</a>&nbsp;&nbsp;&nbsp;chSchDoPreemption
</UL>
<BR>[Address Reference Count : 1]<UL><LI> chcore.o(.text.__port_irq_epilogue)
</UL>
<P><STRONG><a name="[31]"></a>__port_exit_from_isr</STRONG> (Thumb, 0 bytes, Stack size unknown bytes, chcoreasm_1.o(.text))
<BR>[Address Reference Count : 1]<UL><LI> chcore.o(.text.__port_irq_epilogue)
</UL>
<P><STRONG><a name="[58]"></a>__aeabi_uldivmod</STRONG> (Thumb, 96 bytes, Stack size 48 bytes, uldiv.o(.text))
<BR><BR>[Stack]<UL><LI>Max Depth = 56<LI>Call Chain = __aeabi_uldivmod &rArr; __aeabi_llsr
</UL>
<BR>[Calls]<UL><LI><a href="#[59]">&gt;&gt;</a>&nbsp;&nbsp;&nbsp;__aeabi_llsr
<LI><a href="#[5a]">&gt;&gt;</a>&nbsp;&nbsp;&nbsp;__aeabi_llsl
</UL>
<BR>[Called By]<UL><LI><a href="#[186]">&gt;&gt;</a>&nbsp;&nbsp;&nbsp;md_rcu_pll0_init
<LI><a href="#[1c0]">&gt;&gt;</a>&nbsp;&nbsp;&nbsp;timer_read32
<LI><a href="#[36]">&gt;&gt;</a>&nbsp;&nbsp;&nbsp;keyboard_idle_timer_cb
<LI><a href="#[42]">&gt;&gt;</a>&nbsp;&nbsp;&nbsp;usb_requests_hook_cb
</UL>

<P><STRONG><a name="[1ad]"></a>__aeabi_lmul</STRONG> (Thumb, 48 bytes, Stack size 12 bytes, llmul.o(.text))
<BR><BR>[Stack]<UL><LI>Max Depth = 12<LI>Call Chain = __aeabi_lmul
</UL>
<BR>[Called By]<UL><LI><a href="#[1c0]">&gt;&gt;</a>&nbsp;&nbsp;&nbsp;timer_read32
<LI><a href="#[36]">&gt;&gt;</a>&nbsp;&nbsp;&nbsp;keyboard_idle_timer_cb
<LI><a href="#[42]">&gt;&gt;</a>&nbsp;&nbsp;&nbsp;usb_requests_hook_cb
</UL>

<P><STRONG><a name="[2cf]"></a>_ll_mul</STRONG> (Thumb, 0 bytes, Stack size 12 bytes, llmul.o(.text), UNUSED)

<P><STRONG><a name="[13d]"></a>__aeabi_memcpy</STRONG> (Thumb, 36 bytes, Stack size 0 bytes, memcpya.o(.text))
<BR><BR>[Called By]<UL><LI><a href="#[a3]">&gt;&gt;</a>&nbsp;&nbsp;&nbsp;obqWriteTimeout
<LI><a href="#[98]">&gt;&gt;</a>&nbsp;&nbsp;&nbsp;ibqReadTimeout
<LI><a href="#[4d]">&gt;&gt;</a>&nbsp;&nbsp;&nbsp;send_keyboard
<LI><a href="#[139]">&gt;&gt;</a>&nbsp;&nbsp;&nbsp;debounce
<LI><a href="#[1e7]">&gt;&gt;</a>&nbsp;&nbsp;&nbsp;matrix_scan
<LI><a href="#[298]">&gt;&gt;</a>&nbsp;&nbsp;&nbsp;send_6kro_report
<LI><a href="#[16d]">&gt;&gt;</a>&nbsp;&nbsp;&nbsp;eeprom_write_block
<LI><a href="#[16a]">&gt;&gt;</a>&nbsp;&nbsp;&nbsp;eeprom_read_block
</UL>

<P><STRONG><a name="[2d0]"></a>__aeabi_memcpy4</STRONG> (Thumb, 0 bytes, Stack size 0 bytes, memcpya.o(.text), UNUSED)

<P><STRONG><a name="[2d1]"></a>__aeabi_memcpy8</STRONG> (Thumb, 0 bytes, Stack size 0 bytes, memcpya.o(.text), UNUSED)

<P><STRONG><a name="[5c]"></a>__aeabi_memset</STRONG> (Thumb, 14 bytes, Stack size 0 bytes, memseta.o(.text))
<BR><BR>[Called By]<UL><LI><a href="#[5d]">&gt;&gt;</a>&nbsp;&nbsp;&nbsp;_memset$wrapper
<LI><a href="#[5b]">&gt;&gt;</a>&nbsp;&nbsp;&nbsp;__aeabi_memclr
</UL>

<P><STRONG><a name="[2d2]"></a>__aeabi_memset4</STRONG> (Thumb, 0 bytes, Stack size 0 bytes, memseta.o(.text), UNUSED)

<P><STRONG><a name="[2d3]"></a>__aeabi_memset8</STRONG> (Thumb, 0 bytes, Stack size 0 bytes, memseta.o(.text), UNUSED)

<P><STRONG><a name="[5b]"></a>__aeabi_memclr</STRONG> (Thumb, 4 bytes, Stack size 0 bytes, memseta.o(.text))
<BR><BR>[Calls]<UL><LI><a href="#[5c]">&gt;&gt;</a>&nbsp;&nbsp;&nbsp;__aeabi_memset
</UL>
<BR>[Called By]<UL><LI><a href="#[28d]">&gt;&gt;</a>&nbsp;&nbsp;&nbsp;qmkusbSOFHookI
<LI><a href="#[282]">&gt;&gt;</a>&nbsp;&nbsp;&nbsp;usb_event_queue_init
<LI><a href="#[16a]">&gt;&gt;</a>&nbsp;&nbsp;&nbsp;eeprom_read_block
</UL>

<P><STRONG><a name="[168]"></a>__aeabi_memclr4</STRONG> (Thumb, 0 bytes, Stack size 0 bytes, memseta.o(.text))
<BR><BR>[Called By]<UL><LI><a href="#[155]">&gt;&gt;</a>&nbsp;&nbsp;&nbsp;eeprom_driver_erase
</UL>

<P><STRONG><a name="[73]"></a>__aeabi_memclr8</STRONG> (Thumb, 0 bytes, Stack size 0 bytes, memseta.o(.text))
<BR><BR>[Called By]<UL><LI><a href="#[2e]">&gt;&gt;</a>&nbsp;&nbsp;&nbsp;VectorBC
</UL>

<P><STRONG><a name="[5d]"></a>_memset$wrapper</STRONG> (Thumb, 18 bytes, Stack size 8 bytes, memseta.o(.text), UNUSED)
<BR><BR>[Calls]<UL><LI><a href="#[5c]">&gt;&gt;</a>&nbsp;&nbsp;&nbsp;__aeabi_memset
</UL>

<P><STRONG><a name="[13c]"></a>memcmp</STRONG> (Thumb, 26 bytes, Stack size 12 bytes, memcmp.o(.text))
<BR><BR>[Stack]<UL><LI>Max Depth = 12<LI>Call Chain = memcmp
</UL>
<BR>[Called By]<UL><LI><a href="#[139]">&gt;&gt;</a>&nbsp;&nbsp;&nbsp;debounce
<LI><a href="#[1e7]">&gt;&gt;</a>&nbsp;&nbsp;&nbsp;matrix_scan
<LI><a href="#[298]">&gt;&gt;</a>&nbsp;&nbsp;&nbsp;send_6kro_report
<LI><a href="#[15e]">&gt;&gt;</a>&nbsp;&nbsp;&nbsp;eeprom_update_block
</UL>

<P><STRONG><a name="[5e]"></a>__aeabi_dadd</STRONG> (Thumb, 328 bytes, Stack size 48 bytes, dadd.o(.text))
<BR><BR>[Stack]<UL><LI>Max Depth = 104<LI>Call Chain = __aeabi_dadd &rArr; _double_epilogue &rArr; __aeabi_llsr
</UL>
<BR>[Calls]<UL><LI><a href="#[5f]">&gt;&gt;</a>&nbsp;&nbsp;&nbsp;__aeabi_lasr
<LI><a href="#[5a]">&gt;&gt;</a>&nbsp;&nbsp;&nbsp;__aeabi_llsl
<LI><a href="#[61]">&gt;&gt;</a>&nbsp;&nbsp;&nbsp;_double_round
<LI><a href="#[60]">&gt;&gt;</a>&nbsp;&nbsp;&nbsp;_double_epilogue
</UL>
<BR>[Called By]<UL><LI><a href="#[187]">&gt;&gt;</a>&nbsp;&nbsp;&nbsp;md_rcu_sys_init
<LI><a href="#[63]">&gt;&gt;</a>&nbsp;&nbsp;&nbsp;__aeabi_drsub
<LI><a href="#[62]">&gt;&gt;</a>&nbsp;&nbsp;&nbsp;__aeabi_dsub
</UL>

<P><STRONG><a name="[62]"></a>__aeabi_dsub</STRONG> (Thumb, 12 bytes, Stack size 8 bytes, dadd.o(.text), UNUSED)
<BR><BR>[Calls]<UL><LI><a href="#[5e]">&gt;&gt;</a>&nbsp;&nbsp;&nbsp;__aeabi_dadd
</UL>

<P><STRONG><a name="[63]"></a>__aeabi_drsub</STRONG> (Thumb, 12 bytes, Stack size 8 bytes, dadd.o(.text), UNUSED)
<BR><BR>[Calls]<UL><LI><a href="#[5e]">&gt;&gt;</a>&nbsp;&nbsp;&nbsp;__aeabi_dadd
</UL>

<P><STRONG><a name="[64]"></a>__aeabi_dmul</STRONG> (Thumb, 202 bytes, Stack size 72 bytes, dmul.o(.text))
<BR><BR>[Stack]<UL><LI>Max Depth = 128<LI>Call Chain = __aeabi_dmul &rArr; _double_epilogue &rArr; __aeabi_llsr
</UL>
<BR>[Calls]<UL><LI><a href="#[60]">&gt;&gt;</a>&nbsp;&nbsp;&nbsp;_double_epilogue
</UL>
<BR>[Called By]<UL><LI><a href="#[187]">&gt;&gt;</a>&nbsp;&nbsp;&nbsp;md_rcu_sys_init
</UL>

<P><STRONG><a name="[65]"></a>__aeabi_ddiv</STRONG> (Thumb, 234 bytes, Stack size 40 bytes, ddiv.o(.text))
<BR><BR>[Stack]<UL><LI>Max Depth = 48<LI>Call Chain = __aeabi_ddiv &rArr; _double_round
</UL>
<BR>[Calls]<UL><LI><a href="#[61]">&gt;&gt;</a>&nbsp;&nbsp;&nbsp;_double_round
</UL>
<BR>[Called By]<UL><LI><a href="#[187]">&gt;&gt;</a>&nbsp;&nbsp;&nbsp;md_rcu_sys_init
</UL>

<P><STRONG><a name="[66]"></a>__aeabi_i2d</STRONG> (Thumb, 34 bytes, Stack size 16 bytes, dflti.o(.text))
<BR><BR>[Stack]<UL><LI>Max Depth = 72<LI>Call Chain = __aeabi_i2d &rArr; _double_epilogue &rArr; __aeabi_llsr
</UL>
<BR>[Calls]<UL><LI><a href="#[60]">&gt;&gt;</a>&nbsp;&nbsp;&nbsp;_double_epilogue
</UL>
<BR>[Called By]<UL><LI><a href="#[187]">&gt;&gt;</a>&nbsp;&nbsp;&nbsp;md_rcu_sys_init
</UL>

<P><STRONG><a name="[67]"></a>__aeabi_ui2d</STRONG> (Thumb, 24 bytes, Stack size 16 bytes, dfltui.o(.text))
<BR><BR>[Stack]<UL><LI>Max Depth = 72<LI>Call Chain = __aeabi_ui2d &rArr; _double_epilogue &rArr; __aeabi_llsr
</UL>
<BR>[Calls]<UL><LI><a href="#[60]">&gt;&gt;</a>&nbsp;&nbsp;&nbsp;_double_epilogue
</UL>
<BR>[Called By]<UL><LI><a href="#[187]">&gt;&gt;</a>&nbsp;&nbsp;&nbsp;md_rcu_sys_init
</UL>

<P><STRONG><a name="[68]"></a>__aeabi_d2uiz</STRONG> (Thumb, 50 bytes, Stack size 8 bytes, dfixui.o(.text))
<BR><BR>[Stack]<UL><LI>Max Depth = 16<LI>Call Chain = __aeabi_d2uiz &rArr; __aeabi_llsr
</UL>
<BR>[Calls]<UL><LI><a href="#[59]">&gt;&gt;</a>&nbsp;&nbsp;&nbsp;__aeabi_llsr
</UL>
<BR>[Called By]<UL><LI><a href="#[187]">&gt;&gt;</a>&nbsp;&nbsp;&nbsp;md_rcu_sys_init
</UL>

<P><STRONG><a name="[1f0]"></a>__aeabi_uidiv</STRONG> (Thumb, 0 bytes, Stack size 16 bytes, uidiv_div0.o(.text))
<BR><BR>[Stack]<UL><LI>Max Depth = 16<LI>Call Chain = __aeabi_uidiv
</UL>
<BR>[Called By]<UL><LI><a href="#[187]">&gt;&gt;</a>&nbsp;&nbsp;&nbsp;md_rcu_sys_init
<LI><a href="#[186]">&gt;&gt;</a>&nbsp;&nbsp;&nbsp;md_rcu_pll0_init
<LI><a href="#[72]">&gt;&gt;</a>&nbsp;&nbsp;&nbsp;md_delay_1us
<LI><a href="#[228]">&gt;&gt;</a>&nbsp;&nbsp;&nbsp;md_uart_setting_baudrate
</UL>

<P><STRONG><a name="[9a]"></a>__aeabi_uidivmod</STRONG> (Thumb, 62 bytes, Stack size 16 bytes, uidiv_div0.o(.text))
<BR><BR>[Stack]<UL><LI>Max Depth = 16<LI>Call Chain = __aeabi_uidivmod
</UL>
<BR>[Called By]<UL><LI><a href="#[3d]">&gt;&gt;</a>&nbsp;&nbsp;&nbsp;_usb_ep0in
</UL>

<P><STRONG><a name="[5a]"></a>__aeabi_llsl</STRONG> (Thumb, 32 bytes, Stack size 8 bytes, llshl.o(.text))
<BR><BR>[Stack]<UL><LI>Max Depth = 8<LI>Call Chain = __aeabi_llsl
</UL>
<BR>[Called By]<UL><LI><a href="#[5e]">&gt;&gt;</a>&nbsp;&nbsp;&nbsp;__aeabi_dadd
<LI><a href="#[60]">&gt;&gt;</a>&nbsp;&nbsp;&nbsp;_double_epilogue
<LI><a href="#[58]">&gt;&gt;</a>&nbsp;&nbsp;&nbsp;__aeabi_uldivmod
</UL>

<P><STRONG><a name="[2d4]"></a>_ll_shift_l</STRONG> (Thumb, 0 bytes, Stack size 8 bytes, llshl.o(.text), UNUSED)

<P><STRONG><a name="[59]"></a>__aeabi_llsr</STRONG> (Thumb, 34 bytes, Stack size 8 bytes, llushr.o(.text))
<BR><BR>[Stack]<UL><LI>Max Depth = 8<LI>Call Chain = __aeabi_llsr
</UL>
<BR>[Called By]<UL><LI><a href="#[68]">&gt;&gt;</a>&nbsp;&nbsp;&nbsp;__aeabi_d2uiz
<LI><a href="#[60]">&gt;&gt;</a>&nbsp;&nbsp;&nbsp;_double_epilogue
<LI><a href="#[58]">&gt;&gt;</a>&nbsp;&nbsp;&nbsp;__aeabi_uldivmod
</UL>

<P><STRONG><a name="[2d5]"></a>_ll_ushift_r</STRONG> (Thumb, 0 bytes, Stack size 8 bytes, llushr.o(.text), UNUSED)

<P><STRONG><a name="[5f]"></a>__aeabi_lasr</STRONG> (Thumb, 38 bytes, Stack size 8 bytes, llsshr.o(.text))
<BR><BR>[Stack]<UL><LI>Max Depth = 8<LI>Call Chain = __aeabi_lasr
</UL>
<BR>[Called By]<UL><LI><a href="#[5e]">&gt;&gt;</a>&nbsp;&nbsp;&nbsp;__aeabi_dadd
</UL>

<P><STRONG><a name="[2d6]"></a>_ll_sshift_r</STRONG> (Thumb, 0 bytes, Stack size 8 bytes, llsshr.o(.text), UNUSED)

<P><STRONG><a name="[2d7]"></a>__I$use$fp</STRONG> (Thumb, 0 bytes, Stack size 8 bytes, iusefp.o(.text), UNUSED)

<P><STRONG><a name="[61]"></a>_double_round</STRONG> (Thumb, 26 bytes, Stack size 8 bytes, depilogue.o(.text))
<BR><BR>[Stack]<UL><LI>Max Depth = 8<LI>Call Chain = _double_round
</UL>
<BR>[Called By]<UL><LI><a href="#[5e]">&gt;&gt;</a>&nbsp;&nbsp;&nbsp;__aeabi_dadd
<LI><a href="#[65]">&gt;&gt;</a>&nbsp;&nbsp;&nbsp;__aeabi_ddiv
<LI><a href="#[60]">&gt;&gt;</a>&nbsp;&nbsp;&nbsp;_double_epilogue
</UL>

<P><STRONG><a name="[60]"></a>_double_epilogue</STRONG> (Thumb, 164 bytes, Stack size 48 bytes, depilogue.o(.text))
<BR><BR>[Stack]<UL><LI>Max Depth = 56<LI>Call Chain = _double_epilogue &rArr; __aeabi_llsr
</UL>
<BR>[Calls]<UL><LI><a href="#[69]">&gt;&gt;</a>&nbsp;&nbsp;&nbsp;__ARM_clz
<LI><a href="#[59]">&gt;&gt;</a>&nbsp;&nbsp;&nbsp;__aeabi_llsr
<LI><a href="#[5a]">&gt;&gt;</a>&nbsp;&nbsp;&nbsp;__aeabi_llsl
<LI><a href="#[61]">&gt;&gt;</a>&nbsp;&nbsp;&nbsp;_double_round
</UL>
<BR>[Called By]<UL><LI><a href="#[5e]">&gt;&gt;</a>&nbsp;&nbsp;&nbsp;__aeabi_dadd
<LI><a href="#[66]">&gt;&gt;</a>&nbsp;&nbsp;&nbsp;__aeabi_i2d
<LI><a href="#[64]">&gt;&gt;</a>&nbsp;&nbsp;&nbsp;__aeabi_dmul
<LI><a href="#[67]">&gt;&gt;</a>&nbsp;&nbsp;&nbsp;__aeabi_ui2d
</UL>

<P><STRONG><a name="[53]"></a>__scatterload</STRONG> (Thumb, 28 bytes, Stack size 0 bytes, init.o(.text))
<BR><BR>[Calls]<UL><LI><a href="#[6a]">&gt;&gt;</a>&nbsp;&nbsp;&nbsp;__main_after_scatterload
</UL>
<BR>[Called By]<UL><LI><a href="#[52]">&gt;&gt;</a>&nbsp;&nbsp;&nbsp;_main_scatterload
</UL>

<P><STRONG><a name="[2d8]"></a>__scatterload_rt2</STRONG> (Thumb, 0 bytes, Stack size 0 bytes, init.o(.text), UNUSED)

<P><STRONG><a name="[2]"></a>HardFault_Handler</STRONG> (Thumb, 14 bytes, Stack size 0 bytes, hal_lld.o(.text.HardFault_Handler))
<BR><BR>[Stack]<UL><LI>Max Depth = 36<LI>Call Chain = HardFault_Handler &rArr; rt_hw_hard_fault_exception &rArr; es_test_printf
</UL>
<BR>[Calls]<UL><LI><a href="#[6b]">&gt;&gt;</a>&nbsp;&nbsp;&nbsp;rt_hw_hard_fault_exception
</UL>
<BR>[Address Reference Count : 1]<UL><LI> vectors_1.o(RESET)
</UL>
<P><STRONG><a name="[1]"></a>NMI_Handler</STRONG> (Thumb, 38 bytes, Stack size 24 bytes, chcore.o(.text.NMI_Handler))
<BR><BR>[Stack]<UL><LI>Max Depth = 32<LI>Call Chain = NMI_Handler &rArr; port_unlock_from_isr
</UL>
<BR>[Calls]<UL><LI><a href="#[6c]">&gt;&gt;</a>&nbsp;&nbsp;&nbsp;port_unlock_from_isr
</UL>
<BR>[Address Reference Count : 1]<UL><LI> vectors_1.o(RESET)
</UL>
<P><STRONG><a name="[e]"></a>SysTick_Handler</STRONG> (Thumb, 30 bytes, Stack size 16 bytes, hal_st_lld.o(.text.SysTick_Handler))
<BR><BR>[Stack]<UL><LI>Max Depth = 84<LI>Call Chain = SysTick_Handler &rArr; osalOsTimerHandlerI &rArr; chSysTimerHandlerI &rArr; chVTDoTickI &rArr; ch_dlist_insert &rArr; ch_dlist_insert_before
</UL>
<BR>[Calls]<UL><LI><a href="#[70]">&gt;&gt;</a>&nbsp;&nbsp;&nbsp;__port_irq_epilogue
<LI><a href="#[6f]">&gt;&gt;</a>&nbsp;&nbsp;&nbsp;osalSysUnlockFromISR
<LI><a href="#[6e]">&gt;&gt;</a>&nbsp;&nbsp;&nbsp;osalOsTimerHandlerI
<LI><a href="#[6d]">&gt;&gt;</a>&nbsp;&nbsp;&nbsp;osalSysLockFromISR
</UL>
<BR>[Address Reference Count : 1]<UL><LI> vectors_1.o(RESET)
</UL>
<P><STRONG><a name="[2e]"></a>VectorBC</STRONG> (Thumb, 1072 bytes, Stack size 80 bytes, hal_usb_lld.o(.text.VectorBC))
<BR><BR>[Stack]<UL><LI>Max Depth = 352<LI>Call Chain = VectorBC &rArr; handle_ep0 &rArr; _usb_ep0in &rArr; usbStartTransmitI &rArr; usb_lld_start_in &rArr; usbd_ep_start_write &rArr; usbd_write_packet &rArr; usb_ep_in_data_avail &rArr; es_usbd_ep_tx_ready_state
</UL>
<BR>[Calls]<UL><LI><a href="#[70]">&gt;&gt;</a>&nbsp;&nbsp;&nbsp;__port_irq_epilogue
<LI><a href="#[72]">&gt;&gt;</a>&nbsp;&nbsp;&nbsp;md_delay_1us
<LI><a href="#[75]">&gt;&gt;</a>&nbsp;&nbsp;&nbsp;handle_ep0
<LI><a href="#[79]">&gt;&gt;</a>&nbsp;&nbsp;&nbsp;usbd_write_packet
<LI><a href="#[7a]">&gt;&gt;</a>&nbsp;&nbsp;&nbsp;es_usb_ep_out_data_avail
<LI><a href="#[78]">&gt;&gt;</a>&nbsp;&nbsp;&nbsp;osalSysUnlockFromISR
<LI><a href="#[77]">&gt;&gt;</a>&nbsp;&nbsp;&nbsp;osalThreadResumeI
<LI><a href="#[76]">&gt;&gt;</a>&nbsp;&nbsp;&nbsp;osalSysLockFromISR
<LI><a href="#[7b]">&gt;&gt;</a>&nbsp;&nbsp;&nbsp;es_usbd_ep_read_packet_8bit
<LI><a href="#[74]">&gt;&gt;</a>&nbsp;&nbsp;&nbsp;musb_set_active_ep
<LI><a href="#[71]">&gt;&gt;</a>&nbsp;&nbsp;&nbsp;musb_get_active_ep
<LI><a href="#[73]">&gt;&gt;</a>&nbsp;&nbsp;&nbsp;__aeabi_memclr8
</UL>
<BR>[Address Reference Count : 1]<UL><LI> vectors_1.o(RESET)
</UL>
<P><STRONG><a name="[7d]"></a>__chibios_override___early_init</STRONG> (Thumb, 2 bytes, Stack size 0 bytes, board.o(.text.__chibios_override___early_init))
<BR><BR>[Called By]<UL><LI><a href="#[54]">&gt;&gt;</a>&nbsp;&nbsp;&nbsp;__early_init
</UL>

<P><STRONG><a name="[c7]"></a>__chibios_override_boardInit</STRONG> (Thumb, 2 bytes, Stack size 0 bytes, board.o(.text.__chibios_override_boardInit))
<BR><BR>[Called By]<UL><LI><a href="#[c6]">&gt;&gt;</a>&nbsp;&nbsp;&nbsp;boardInit
</UL>

<P><STRONG><a name="[85]"></a>__core_init</STRONG> (Thumb, 12 bytes, Stack size 0 bytes, chmemcore.o(.text.__core_init))
<BR><BR>[Called By]<UL><LI><a href="#[84]">&gt;&gt;</a>&nbsp;&nbsp;&nbsp;__oslib_init
</UL>

<P><STRONG><a name="[54]"></a>__early_init</STRONG> (Thumb, 16 bytes, Stack size 8 bytes, chibios.o(.text.__early_init))
<BR><BR>[Stack]<UL><LI>Max Depth = 8<LI>Call Chain = __early_init
</UL>
<BR>[Calls]<UL><LI><a href="#[7d]">&gt;&gt;</a>&nbsp;&nbsp;&nbsp;__chibios_override___early_init
<LI><a href="#[7e]">&gt;&gt;</a>&nbsp;&nbsp;&nbsp;early_hardware_init_post
<LI><a href="#[7c]">&gt;&gt;</a>&nbsp;&nbsp;&nbsp;early_hardware_init_pre
</UL>
<BR>[Called By]<UL><LI><a href="#[0]">&gt;&gt;</a>&nbsp;&nbsp;&nbsp;Reset_Handler
</UL>

<P><STRONG><a name="[70]"></a>__port_irq_epilogue</STRONG> (Thumb, 88 bytes, Stack size 24 bytes, chcore.o(.text.__port_irq_epilogue))
<BR><BR>[Stack]<UL><LI>Max Depth = 48<LI>Call Chain = __port_irq_epilogue &rArr; chSchIsPreemptionRequired
</UL>
<BR>[Calls]<UL><LI><a href="#[87]">&gt;&gt;</a>&nbsp;&nbsp;&nbsp;chSchIsPreemptionRequired
<LI><a href="#[86]">&gt;&gt;</a>&nbsp;&nbsp;&nbsp;port_lock_from_isr
</UL>
<BR>[Called By]<UL><LI><a href="#[2e]">&gt;&gt;</a>&nbsp;&nbsp;&nbsp;VectorBC
<LI><a href="#[e]">&gt;&gt;</a>&nbsp;&nbsp;&nbsp;SysTick_Handler
</UL>

<P><STRONG><a name="[d1]"></a>__thd_object_init</STRONG> (Thumb, 54 bytes, Stack size 16 bytes, chthreads.o(.text.__thd_object_init))
<BR><BR>[Stack]<UL><LI>Max Depth = 16<LI>Call Chain = __thd_object_init
</UL>
<BR>[Called By]<UL><LI><a href="#[112]">&gt;&gt;</a>&nbsp;&nbsp;&nbsp;chThdCreateSuspendedI
<LI><a href="#[cc]">&gt;&gt;</a>&nbsp;&nbsp;&nbsp;chInstanceObjectInit
</UL>

<P><STRONG><a name="[182]"></a>_pal_lld_init</STRONG> (Thumb, 8 bytes, Stack size 4 bytes, hal_pal_lld.o(.text._pal_lld_init))
<BR><BR>[Stack]<UL><LI>Max Depth = 4<LI>Call Chain = _pal_lld_init
</UL>
<BR>[Called By]<UL><LI><a href="#[17f]">&gt;&gt;</a>&nbsp;&nbsp;&nbsp;halInit
</UL>

<P><STRONG><a name="[1cd]"></a>_pal_lld_setgroupmode</STRONG> (Thumb, 12 bytes, Stack size 12 bytes, hal_pal_lld.o(.text._pal_lld_setgroupmode))
<BR><BR>[Stack]<UL><LI>Max Depth = 12<LI>Call Chain = _pal_lld_setgroupmode
</UL>
<BR>[Called By]<UL><LI><a href="#[297]">&gt;&gt;</a>&nbsp;&nbsp;&nbsp;setPinOutput_writeLow
<LI><a href="#[1df]">&gt;&gt;</a>&nbsp;&nbsp;&nbsp;setPinInputHigh_atomic
<LI><a href="#[1cc]">&gt;&gt;</a>&nbsp;&nbsp;&nbsp;led_init_ports
</UL>

<P><STRONG><a name="[3d]"></a>_usb_ep0in</STRONG> (Thumb, 322 bytes, Stack size 32 bytes, hal_usb.o(.text._usb_ep0in))
<BR><BR>[Stack]<UL><LI>Max Depth = 224<LI>Call Chain = _usb_ep0in &rArr; usbStartTransmitI &rArr; usb_lld_start_in &rArr; usbd_ep_start_write &rArr; usbd_write_packet &rArr; usb_ep_in_data_avail &rArr; es_usbd_ep_tx_ready_state
</UL>
<BR>[Calls]<UL><LI><a href="#[9f]">&gt;&gt;</a>&nbsp;&nbsp;&nbsp;usb_lld_stall_in
<LI><a href="#[a0]">&gt;&gt;</a>&nbsp;&nbsp;&nbsp;usb_lld_stall_out
<LI><a href="#[9c]">&gt;&gt;</a>&nbsp;&nbsp;&nbsp;usbStartTransmitI
<LI><a href="#[9e]">&gt;&gt;</a>&nbsp;&nbsp;&nbsp;usbStartReceiveI
<LI><a href="#[99]">&gt;&gt;</a>&nbsp;&nbsp;&nbsp;get_hword
<LI><a href="#[9d]">&gt;&gt;</a>&nbsp;&nbsp;&nbsp;osalSysUnlockFromISR
<LI><a href="#[9b]">&gt;&gt;</a>&nbsp;&nbsp;&nbsp;osalSysLockFromISR
<LI><a href="#[9a]">&gt;&gt;</a>&nbsp;&nbsp;&nbsp;__aeabi_uidivmod
</UL>
<BR>[Called By]<UL><LI><a href="#[75]">&gt;&gt;</a>&nbsp;&nbsp;&nbsp;handle_ep0
</UL>
<BR>[Address Reference Count : 1]<UL><LI> hal_usb_lld.o(.rodata.ep0config)
</UL>
<P><STRONG><a name="[3e]"></a>_usb_ep0out</STRONG> (Thumb, 262 bytes, Stack size 24 bytes, hal_usb.o(.text._usb_ep0out))
<BR><BR>[Stack]<UL><LI>Max Depth = 216<LI>Call Chain = _usb_ep0out &rArr; usbStartTransmitI &rArr; usb_lld_start_in &rArr; usbd_ep_start_write &rArr; usbd_write_packet &rArr; usb_ep_in_data_avail &rArr; es_usbd_ep_tx_ready_state
</UL>
<BR>[Calls]<UL><LI><a href="#[9f]">&gt;&gt;</a>&nbsp;&nbsp;&nbsp;usb_lld_stall_in
<LI><a href="#[a0]">&gt;&gt;</a>&nbsp;&nbsp;&nbsp;usb_lld_stall_out
<LI><a href="#[9c]">&gt;&gt;</a>&nbsp;&nbsp;&nbsp;usbStartTransmitI
<LI><a href="#[9d]">&gt;&gt;</a>&nbsp;&nbsp;&nbsp;osalSysUnlockFromISR
<LI><a href="#[9b]">&gt;&gt;</a>&nbsp;&nbsp;&nbsp;osalSysLockFromISR
</UL>
<BR>[Called By]<UL><LI><a href="#[75]">&gt;&gt;</a>&nbsp;&nbsp;&nbsp;handle_ep0
</UL>
<BR>[Address Reference Count : 1]<UL><LI> hal_usb_lld.o(.rodata.ep0config)
</UL>
<P><STRONG><a name="[3c]"></a>_usb_ep0setup</STRONG> (Thumb, 346 bytes, Stack size 24 bytes, hal_usb.o(.text._usb_ep0setup))
<BR><BR>[Stack]<UL><LI>Max Depth = 216<LI>Call Chain = _usb_ep0setup &rArr; usbStartTransmitI &rArr; usb_lld_start_in &rArr; usbd_ep_start_write &rArr; usbd_write_packet &rArr; usb_ep_in_data_avail &rArr; es_usbd_ep_tx_ready_state
</UL>
<BR>[Calls]<UL><LI><a href="#[a1]">&gt;&gt;</a>&nbsp;&nbsp;&nbsp;usb_lld_read_setup
<LI><a href="#[9f]">&gt;&gt;</a>&nbsp;&nbsp;&nbsp;usb_lld_stall_in
<LI><a href="#[a0]">&gt;&gt;</a>&nbsp;&nbsp;&nbsp;usb_lld_stall_out
<LI><a href="#[9c]">&gt;&gt;</a>&nbsp;&nbsp;&nbsp;usbStartTransmitI
<LI><a href="#[9e]">&gt;&gt;</a>&nbsp;&nbsp;&nbsp;usbStartReceiveI
<LI><a href="#[99]">&gt;&gt;</a>&nbsp;&nbsp;&nbsp;get_hword
<LI><a href="#[a2]">&gt;&gt;</a>&nbsp;&nbsp;&nbsp;default_handler
<LI><a href="#[9d]">&gt;&gt;</a>&nbsp;&nbsp;&nbsp;osalSysUnlockFromISR
<LI><a href="#[9b]">&gt;&gt;</a>&nbsp;&nbsp;&nbsp;osalSysLockFromISR
</UL>
<BR>[Called By]<UL><LI><a href="#[75]">&gt;&gt;</a>&nbsp;&nbsp;&nbsp;handle_ep0
</UL>
<BR>[Address Reference Count : 1]<UL><LI> hal_usb_lld.o(.rodata.ep0config)
</UL>
<P><STRONG><a name="[a4]"></a>action_exec</STRONG> (Thumb, 188 bytes, Stack size 56 bytes, action.o(.text.action_exec))
<BR><BR>[Stack]<UL><LI>Max Depth = 708<LI>Call Chain = action_exec &rArr; action_tapping_process &rArr; process_tapping &rArr; waiting_buffer_scan_tap &rArr; process_record &rArr; process_record_handler &rArr; process_action &rArr;  process_record (Cycle)
</UL>
<BR>[Calls]<UL><LI><a href="#[aa]">&gt;&gt;</a>&nbsp;&nbsp;&nbsp;action_tapping_process
<LI><a href="#[a7]">&gt;&gt;</a>&nbsp;&nbsp;&nbsp;clear_weak_mods
<LI><a href="#[a6]">&gt;&gt;</a>&nbsp;&nbsp;&nbsp;debug_event
<LI><a href="#[a8]">&gt;&gt;</a>&nbsp;&nbsp;&nbsp;IS_NOEVENT
<LI><a href="#[a5]">&gt;&gt;</a>&nbsp;&nbsp;&nbsp;IS_EVENT
<LI><a href="#[a9]">&gt;&gt;</a>&nbsp;&nbsp;&nbsp;pre_process_record_quantum
</UL>
<BR>[Called By]<UL><LI><a href="#[172]">&gt;&gt;</a>&nbsp;&nbsp;&nbsp;generate_tick_event
<LI><a href="#[1ba]">&gt;&gt;</a>&nbsp;&nbsp;&nbsp;matrix_task
</UL>

<P><STRONG><a name="[ab]"></a>action_for_key</STRONG> (Thumb, 58 bytes, Stack size 40 bytes, keymap_common.o(.text.action_for_key))
<BR><BR>[Stack]<UL><LI>Max Depth = 116<LI>Call Chain = action_for_key &rArr; action_for_keycode &rArr; keycode_config
</UL>
<BR>[Calls]<UL><LI><a href="#[ac]">&gt;&gt;</a>&nbsp;&nbsp;&nbsp;keymap_key_to_keycode
<LI><a href="#[ad]">&gt;&gt;</a>&nbsp;&nbsp;&nbsp;action_for_keycode
</UL>
<BR>[Called By]<UL><LI><a href="#[1a9]">&gt;&gt;</a>&nbsp;&nbsp;&nbsp;layer_switch_get_action
<LI><a href="#[272]">&gt;&gt;</a>&nbsp;&nbsp;&nbsp;store_or_get_action
<LI><a href="#[175]">&gt;&gt;</a>&nbsp;&nbsp;&nbsp;layer_switch_get_layer
</UL>

<P><STRONG><a name="[ad]"></a>action_for_keycode</STRONG> (Thumb, 704 bytes, Stack size 64 bytes, keymap_common.o(.text.action_for_keycode))
<BR><BR>[Stack]<UL><LI>Max Depth = 76<LI>Call Chain = action_for_keycode &rArr; keycode_config
</UL>
<BR>[Calls]<UL><LI><a href="#[af]">&gt;&gt;</a>&nbsp;&nbsp;&nbsp;mod_config
<LI><a href="#[ae]">&gt;&gt;</a>&nbsp;&nbsp;&nbsp;keycode_config
</UL>
<BR>[Called By]<UL><LI><a href="#[ab]">&gt;&gt;</a>&nbsp;&nbsp;&nbsp;action_for_key
</UL>

<P><STRONG><a name="[aa]"></a>action_tapping_process</STRONG> (Thumb, 344 bytes, Stack size 56 bytes, action_tapping.o(.text.action_tapping_process))
<BR><BR>[Stack]<UL><LI>Max Depth = 652<LI>Call Chain = action_tapping_process &rArr; process_tapping &rArr; waiting_buffer_scan_tap &rArr; process_record &rArr; process_record_handler &rArr; process_action &rArr;  process_record (Cycle)
</UL>
<BR>[Calls]<UL><LI><a href="#[b4]">&gt;&gt;</a>&nbsp;&nbsp;&nbsp;clear_keyboard
<LI><a href="#[b5]">&gt;&gt;</a>&nbsp;&nbsp;&nbsp;waiting_buffer_clear
<LI><a href="#[b3]">&gt;&gt;</a>&nbsp;&nbsp;&nbsp;waiting_buffer_enq
<LI><a href="#[b1]">&gt;&gt;</a>&nbsp;&nbsp;&nbsp;IS_EVENT
<LI><a href="#[b0]">&gt;&gt;</a>&nbsp;&nbsp;&nbsp;process_tapping
<LI><a href="#[b2]">&gt;&gt;</a>&nbsp;&nbsp;&nbsp;debug_record
</UL>
<BR>[Called By]<UL><LI><a href="#[a4]">&gt;&gt;</a>&nbsp;&nbsp;&nbsp;action_exec
</UL>

<P><STRONG><a name="[b6]"></a>add_key</STRONG> (Thumb, 20 bytes, Stack size 16 bytes, action_util.o(.text.add_key))
<BR><BR>[Stack]<UL><LI>Max Depth = 48<LI>Call Chain = add_key &rArr; add_key_to_report &rArr; add_key_byte
</UL>
<BR>[Calls]<UL><LI><a href="#[b7]">&gt;&gt;</a>&nbsp;&nbsp;&nbsp;add_key_to_report
</UL>
<BR>[Called By]<UL><LI><a href="#[26d]">&gt;&gt;</a>&nbsp;&nbsp;&nbsp;process_grave_esc
<LI><a href="#[266]">&gt;&gt;</a>&nbsp;&nbsp;&nbsp;register_code
</UL>

<P><STRONG><a name="[b8]"></a>add_key_byte</STRONG> (Thumb, 158 bytes, Stack size 16 bytes, report.o(.text.add_key_byte))
<BR><BR>[Stack]<UL><LI>Max Depth = 16<LI>Call Chain = add_key_byte
</UL>
<BR>[Called By]<UL><LI><a href="#[b7]">&gt;&gt;</a>&nbsp;&nbsp;&nbsp;add_key_to_report
</UL>

<P><STRONG><a name="[b7]"></a>add_key_to_report</STRONG> (Thumb, 24 bytes, Stack size 16 bytes, report.o(.text.add_key_to_report))
<BR><BR>[Stack]<UL><LI>Max Depth = 32<LI>Call Chain = add_key_to_report &rArr; add_key_byte
</UL>
<BR>[Calls]<UL><LI><a href="#[b8]">&gt;&gt;</a>&nbsp;&nbsp;&nbsp;add_key_byte
</UL>
<BR>[Called By]<UL><LI><a href="#[b6]">&gt;&gt;</a>&nbsp;&nbsp;&nbsp;add_key
</UL>

<P><STRONG><a name="[264]"></a>add_mods</STRONG> (Thumb, 20 bytes, Stack size 4 bytes, action_util.o(.text.add_mods))
<BR><BR>[Stack]<UL><LI>Max Depth = 4<LI>Call Chain = add_mods
</UL>
<BR>[Called By]<UL><LI><a href="#[263]">&gt;&gt;</a>&nbsp;&nbsp;&nbsp;process_action
<LI><a href="#[24f]">&gt;&gt;</a>&nbsp;&nbsp;&nbsp;register_mods
<LI><a href="#[266]">&gt;&gt;</a>&nbsp;&nbsp;&nbsp;register_code
</UL>

<P><STRONG><a name="[b9]"></a>add_oneshot_mods</STRONG> (Thumb, 48 bytes, Stack size 16 bytes, action_util.o(.text.add_oneshot_mods))
<BR><BR>[Stack]<UL><LI>Max Depth = 36<LI>Call Chain = add_oneshot_mods &rArr; oneshot_mods_changed_kb &rArr; oneshot_mods_changed_user
</UL>
<BR>[Calls]<UL><LI><a href="#[ba]">&gt;&gt;</a>&nbsp;&nbsp;&nbsp;oneshot_mods_changed_kb
</UL>
<BR>[Called By]<UL><LI><a href="#[263]">&gt;&gt;</a>&nbsp;&nbsp;&nbsp;process_action
</UL>

<P><STRONG><a name="[265]"></a>add_weak_mods</STRONG> (Thumb, 20 bytes, Stack size 4 bytes, action_util.o(.text.add_weak_mods))
<BR><BR>[Stack]<UL><LI>Max Depth = 4<LI>Call Chain = add_weak_mods
</UL>
<BR>[Called By]<UL><LI><a href="#[263]">&gt;&gt;</a>&nbsp;&nbsp;&nbsp;process_action
</UL>

<P><STRONG><a name="[1a5]"></a>ald_usb_dev_connect</STRONG> (Thumb, 12 bytes, Stack size 0 bytes, ald_usb.o(.text.ald_usb_dev_connect))
<BR><BR>[Called By]<UL><LI><a href="#[19f]">&gt;&gt;</a>&nbsp;&nbsp;&nbsp;init_usb_driver
</UL>

<P><STRONG><a name="[1a2]"></a>ald_usb_dev_disconnect</STRONG> (Thumb, 12 bytes, Stack size 0 bytes, ald_usb.o(.text.ald_usb_dev_disconnect))
<BR><BR>[Called By]<UL><LI><a href="#[19f]">&gt;&gt;</a>&nbsp;&nbsp;&nbsp;init_usb_driver
</UL>

<P><STRONG><a name="[2be]"></a>ald_usb_dev_ep_config</STRONG> (Thumb, 180 bytes, Stack size 16 bytes, ald_usb.o(.text.ald_usb_dev_ep_config))
<BR><BR>[Stack]<UL><LI>Max Depth = 16<LI>Call Chain = ald_usb_dev_ep_config
</UL>
<BR>[Called By]<UL><LI><a href="#[2ab]">&gt;&gt;</a>&nbsp;&nbsp;&nbsp;usb_lld_init_endpoint
</UL>

<P><STRONG><a name="[2c1]"></a>ald_usb_dev_ep_stall</STRONG> (Thumb, 76 bytes, Stack size 8 bytes, ald_usb.o(.text.ald_usb_dev_ep_stall))
<BR><BR>[Stack]<UL><LI>Max Depth = 8<LI>Call Chain = ald_usb_dev_ep_stall
</UL>
<BR>[Called By]<UL><LI><a href="#[9f]">&gt;&gt;</a>&nbsp;&nbsp;&nbsp;usb_lld_stall_in
<LI><a href="#[a0]">&gt;&gt;</a>&nbsp;&nbsp;&nbsp;usb_lld_stall_out
</UL>

<P><STRONG><a name="[2bc]"></a>ald_usb_dev_ep_stall_clear</STRONG> (Thumb, 92 bytes, Stack size 8 bytes, ald_usb.o(.text.ald_usb_dev_ep_stall_clear))
<BR><BR>[Stack]<UL><LI>Max Depth = 8<LI>Call Chain = ald_usb_dev_ep_stall_clear
</UL>
<BR>[Called By]<UL><LI><a href="#[145]">&gt;&gt;</a>&nbsp;&nbsp;&nbsp;usb_lld_clear_out
<LI><a href="#[144]">&gt;&gt;</a>&nbsp;&nbsp;&nbsp;usb_lld_clear_in
</UL>

<P><STRONG><a name="[c0]"></a>ald_usb_dev_suspend_enable</STRONG> (Thumb, 12 bytes, Stack size 0 bytes, ald_usb.o(.text.ald_usb_dev_suspend_enable))
<BR><BR>[Called By]<UL><LI><a href="#[bb]">&gt;&gt;</a>&nbsp;&nbsp;&nbsp;ald_usb_device_components_init
</UL>

<P><STRONG><a name="[bb]"></a>ald_usb_device_components_init</STRONG> (Thumb, 38 bytes, Stack size 16 bytes, ald_usb.o(.text.ald_usb_device_components_init))
<BR><BR>[Stack]<UL><LI>Max Depth = 20<LI>Call Chain = ald_usb_device_components_init &rArr; ald_usb_swcid_cidctrl
</UL>
<BR>[Calls]<UL><LI><a href="#[c0]">&gt;&gt;</a>&nbsp;&nbsp;&nbsp;ald_usb_dev_suspend_enable
<LI><a href="#[be]">&gt;&gt;</a>&nbsp;&nbsp;&nbsp;ald_usb_swcid_cidctrl
<LI><a href="#[bf]">&gt;&gt;</a>&nbsp;&nbsp;&nbsp;ald_usb_swcid_host
<LI><a href="#[bd]">&gt;&gt;</a>&nbsp;&nbsp;&nbsp;ald_usb_dppud_set
<LI><a href="#[bc]">&gt;&gt;</a>&nbsp;&nbsp;&nbsp;ald_usb_otg_session_request
</UL>
<BR>[Called By]<UL><LI><a href="#[2ac]">&gt;&gt;</a>&nbsp;&nbsp;&nbsp;usb_lld_start
</UL>

<P><STRONG><a name="[bd]"></a>ald_usb_dppud_set</STRONG> (Thumb, 32 bytes, Stack size 4 bytes, ald_usb.o(.text.ald_usb_dppud_set))
<BR><BR>[Stack]<UL><LI>Max Depth = 4<LI>Call Chain = ald_usb_dppud_set
</UL>
<BR>[Called By]<UL><LI><a href="#[bb]">&gt;&gt;</a>&nbsp;&nbsp;&nbsp;ald_usb_device_components_init
</UL>

<P><STRONG><a name="[171]"></a>ald_usb_ep_data_avail</STRONG> (Thumb, 84 bytes, Stack size 8 bytes, ald_usb.o(.text.ald_usb_ep_data_avail))
<BR><BR>[Stack]<UL><LI>Max Depth = 8<LI>Call Chain = ald_usb_ep_data_avail
</UL>
<BR>[Called By]<UL><LI><a href="#[7a]">&gt;&gt;</a>&nbsp;&nbsp;&nbsp;es_usb_ep_out_data_avail
</UL>

<P><STRONG><a name="[2c0]"></a>ald_usb_fifo_config_set_no_assert</STRONG> (Thumb, 120 bytes, Stack size 16 bytes, hal_usb_lld.o(.text.ald_usb_fifo_config_set_no_assert))
<BR><BR>[Stack]<UL><LI>Max Depth = 16<LI>Call Chain = ald_usb_fifo_config_set_no_assert
</UL>
<BR>[Called By]<UL><LI><a href="#[2ab]">&gt;&gt;</a>&nbsp;&nbsp;&nbsp;usb_lld_init_endpoint
</UL>

<P><STRONG><a name="[2c4]"></a>ald_usb_int_enable</STRONG> (Thumb, 32 bytes, Stack size 4 bytes, ald_usb.o(.text.ald_usb_int_enable))
<BR><BR>[Stack]<UL><LI>Max Depth = 4<LI>Call Chain = ald_usb_int_enable
</UL>
<BR>[Called By]<UL><LI><a href="#[2ac]">&gt;&gt;</a>&nbsp;&nbsp;&nbsp;usb_lld_start
</UL>

<P><STRONG><a name="[2c5]"></a>ald_usb_int_enable_ep</STRONG> (Thumb, 40 bytes, Stack size 4 bytes, ald_usb.o(.text.ald_usb_int_enable_ep))
<BR><BR>[Stack]<UL><LI>Max Depth = 4<LI>Call Chain = ald_usb_int_enable_ep
</UL>
<BR>[Called By]<UL><LI><a href="#[2ac]">&gt;&gt;</a>&nbsp;&nbsp;&nbsp;usb_lld_start
</UL>

<P><STRONG><a name="[c1]"></a>ald_usb_int_register</STRONG> (Thumb, 24 bytes, Stack size 16 bytes, ald_usb.o(.text.ald_usb_int_register))
<BR><BR>[Stack]<UL><LI>Max Depth = 40<LI>Call Chain = ald_usb_int_register &rArr; __NVIC_SetPriority
</UL>
<BR>[Calls]<UL><LI><a href="#[c3]">&gt;&gt;</a>&nbsp;&nbsp;&nbsp;__NVIC_EnableIRQ
<LI><a href="#[c2]">&gt;&gt;</a>&nbsp;&nbsp;&nbsp;__NVIC_SetPriority
</UL>
<BR>[Called By]<UL><LI><a href="#[2ac]">&gt;&gt;</a>&nbsp;&nbsp;&nbsp;usb_lld_start
</UL>

<P><STRONG><a name="[2c3]"></a>ald_usb_int_status_ep_get</STRONG> (Thumb, 48 bytes, Stack size 4 bytes, ald_usb.o(.text.ald_usb_int_status_ep_get))
<BR><BR>[Stack]<UL><LI>Max Depth = 4<LI>Call Chain = ald_usb_int_status_ep_get
</UL>
<BR>[Called By]<UL><LI><a href="#[2ac]">&gt;&gt;</a>&nbsp;&nbsp;&nbsp;usb_lld_start
</UL>

<P><STRONG><a name="[2c2]"></a>ald_usb_int_status_get</STRONG> (Thumb, 28 bytes, Stack size 4 bytes, ald_usb.o(.text.ald_usb_int_status_get))
<BR><BR>[Stack]<UL><LI>Max Depth = 4<LI>Call Chain = ald_usb_int_status_get
</UL>
<BR>[Called By]<UL><LI><a href="#[2ac]">&gt;&gt;</a>&nbsp;&nbsp;&nbsp;usb_lld_start
</UL>

<P><STRONG><a name="[c4]"></a>ald_usb_int_unregister</STRONG> (Thumb, 10 bytes, Stack size 8 bytes, ald_usb.o(.text.ald_usb_int_unregister))
<BR><BR>[Stack]<UL><LI>Max Depth = 12<LI>Call Chain = ald_usb_int_unregister &rArr; __NVIC_DisableIRQ
</UL>
<BR>[Calls]<UL><LI><a href="#[c5]">&gt;&gt;</a>&nbsp;&nbsp;&nbsp;__NVIC_DisableIRQ
</UL>
<BR>[Called By]<UL><LI><a href="#[2af]">&gt;&gt;</a>&nbsp;&nbsp;&nbsp;usb_lld_stop
</UL>

<P><STRONG><a name="[bc]"></a>ald_usb_otg_session_request</STRONG> (Thumb, 48 bytes, Stack size 4 bytes, ald_usb.o(.text.ald_usb_otg_session_request))
<BR><BR>[Stack]<UL><LI>Max Depth = 4<LI>Call Chain = ald_usb_otg_session_request
</UL>
<BR>[Called By]<UL><LI><a href="#[bb]">&gt;&gt;</a>&nbsp;&nbsp;&nbsp;ald_usb_device_components_init
</UL>

<P><STRONG><a name="[be]"></a>ald_usb_swcid_cidctrl</STRONG> (Thumb, 44 bytes, Stack size 4 bytes, ald_usb.o(.text.ald_usb_swcid_cidctrl))
<BR><BR>[Stack]<UL><LI>Max Depth = 4<LI>Call Chain = ald_usb_swcid_cidctrl
</UL>
<BR>[Called By]<UL><LI><a href="#[bb]">&gt;&gt;</a>&nbsp;&nbsp;&nbsp;ald_usb_device_components_init
</UL>

<P><STRONG><a name="[bf]"></a>ald_usb_swcid_host</STRONG> (Thumb, 44 bytes, Stack size 4 bytes, ald_usb.o(.text.ald_usb_swcid_host))
<BR><BR>[Stack]<UL><LI>Max Depth = 4<LI>Call Chain = ald_usb_swcid_host
</UL>
<BR>[Called By]<UL><LI><a href="#[bb]">&gt;&gt;</a>&nbsp;&nbsp;&nbsp;ald_usb_device_components_init
</UL>

<P><STRONG><a name="[c6]"></a>boardInit</STRONG> (Thumb, 12 bytes, Stack size 8 bytes, chibios.o(.text.boardInit))
<BR><BR>[Stack]<UL><LI>Max Depth = 8<LI>Call Chain = boardInit
</UL>
<BR>[Calls]<UL><LI><a href="#[c7]">&gt;&gt;</a>&nbsp;&nbsp;&nbsp;__chibios_override_boardInit
<LI><a href="#[c8]">&gt;&gt;</a>&nbsp;&nbsp;&nbsp;board_init
</UL>
<BR>[Called By]<UL><LI><a href="#[17f]">&gt;&gt;</a>&nbsp;&nbsp;&nbsp;halInit
</UL>

<P><STRONG><a name="[c8]"></a>board_init</STRONG> (Thumb, 2 bytes, Stack size 0 bytes, chibios.o(.text.board_init))
<BR><BR>[Called By]<UL><LI><a href="#[c6]">&gt;&gt;</a>&nbsp;&nbsp;&nbsp;boardInit
</UL>

<P><STRONG><a name="[295]"></a>bootloader_jump</STRONG> (Thumb, 2 bytes, Stack size 0 bytes, custom.o(.text.bootloader_jump))
<BR><BR>[Called By]<UL><LI><a href="#[277]">&gt;&gt;</a>&nbsp;&nbsp;&nbsp;reset_keyboard
</UL>

<P><STRONG><a name="[1d5]"></a>bootmagic</STRONG> (Thumb, 2 bytes, Stack size 0 bytes, magic.o(.text.bootmagic))
<BR><BR>[Called By]<UL><LI><a href="#[1d4]">&gt;&gt;</a>&nbsp;&nbsp;&nbsp;magic
</UL>

<P><STRONG><a name="[c9]"></a>chEvtBroadcastFlagsI</STRONG> (Thumb, 84 bytes, Stack size 24 bytes, chevents.o(.text.chEvtBroadcastFlagsI))
<BR><BR>[Stack]<UL><LI>Max Depth = 80<LI>Call Chain = chEvtBroadcastFlagsI &rArr; chEvtSignalI &rArr; chSchReadyI &rArr; __sch_ready_behind &rArr; ch_pqueue_insert_behind
</UL>
<BR>[Calls]<UL><LI><a href="#[ca]">&gt;&gt;</a>&nbsp;&nbsp;&nbsp;chEvtSignalI
</UL>
<BR>[Called By]<UL><LI><a href="#[241]">&gt;&gt;</a>&nbsp;&nbsp;&nbsp;osalEventBroadcastFlagsI
</UL>

<P><STRONG><a name="[ca]"></a>chEvtSignalI</STRONG> (Thumb, 86 bytes, Stack size 16 bytes, chevents.o(.text.chEvtSignalI))
<BR><BR>[Stack]<UL><LI>Max Depth = 56<LI>Call Chain = chEvtSignalI &rArr; chSchReadyI &rArr; __sch_ready_behind &rArr; ch_pqueue_insert_behind
</UL>
<BR>[Calls]<UL><LI><a href="#[cb]">&gt;&gt;</a>&nbsp;&nbsp;&nbsp;chSchReadyI
</UL>
<BR>[Called By]<UL><LI><a href="#[c9]">&gt;&gt;</a>&nbsp;&nbsp;&nbsp;chEvtBroadcastFlagsI
</UL>

<P><STRONG><a name="[cc]"></a>chInstanceObjectInit</STRONG> (Thumb, 140 bytes, Stack size 48 bytes, chinstances.o(.text.chInstanceObjectInit))
<BR><BR>[Stack]<UL><LI>Max Depth = 104<LI>Call Chain = chInstanceObjectInit &rArr; chThdCreateI &rArr; chSchReadyI &rArr; __sch_ready_behind &rArr; ch_pqueue_insert_behind
</UL>
<BR>[Calls]<UL><LI><a href="#[d0]">&gt;&gt;</a>&nbsp;&nbsp;&nbsp;__dbg_object_init
<LI><a href="#[93]">&gt;&gt;</a>&nbsp;&nbsp;&nbsp;__vt_object_init
<LI><a href="#[cf]">&gt;&gt;</a>&nbsp;&nbsp;&nbsp;__rfcu_object_init
<LI><a href="#[ce]">&gt;&gt;</a>&nbsp;&nbsp;&nbsp;ch_pqueue_init
<LI><a href="#[d2]">&gt;&gt;</a>&nbsp;&nbsp;&nbsp;chThdCreateI
<LI><a href="#[d1]">&gt;&gt;</a>&nbsp;&nbsp;&nbsp;__thd_object_init
<LI><a href="#[cd]">&gt;&gt;</a>&nbsp;&nbsp;&nbsp;port_init
</UL>
<BR>[Called By]<UL><LI><a href="#[d9]">&gt;&gt;</a>&nbsp;&nbsp;&nbsp;chSysInit
</UL>

<P><STRONG><a name="[57]"></a>chSchDoPreemption</STRONG> (Thumb, 68 bytes, Stack size 24 bytes, chschd.o(.text.chSchDoPreemption))
<BR><BR>[Stack]<UL><LI>Max Depth = 48<LI>Call Chain = chSchDoPreemption &rArr; __sch_ready_ahead &rArr; ch_pqueue_insert_ahead
</UL>
<BR>[Calls]<UL><LI><a href="#[8e]">&gt;&gt;</a>&nbsp;&nbsp;&nbsp;__port_switch
<LI><a href="#[88]">&gt;&gt;</a>&nbsp;&nbsp;&nbsp;__sch_ready_ahead
<LI><a href="#[8d]">&gt;&gt;</a>&nbsp;&nbsp;&nbsp;ch_pqueue_remove_highest
</UL>
<BR>[Called By]<UL><LI><a href="#[32]">&gt;&gt;</a>&nbsp;&nbsp;&nbsp;__port_switch_from_isr
</UL>

<P><STRONG><a name="[d3]"></a>chSchGoSleepS</STRONG> (Thumb, 76 bytes, Stack size 24 bytes, chschd.o(.text.chSchGoSleepS))
<BR><BR>[Stack]<UL><LI>Max Depth = 32<LI>Call Chain = chSchGoSleepS &rArr; ch_pqueue_remove_highest
</UL>
<BR>[Calls]<UL><LI><a href="#[8e]">&gt;&gt;</a>&nbsp;&nbsp;&nbsp;__port_switch
<LI><a href="#[8d]">&gt;&gt;</a>&nbsp;&nbsp;&nbsp;ch_pqueue_remove_highest
</UL>
<BR>[Called By]<UL><LI><a href="#[11a]">&gt;&gt;</a>&nbsp;&nbsp;&nbsp;chThdExitS
<LI><a href="#[d4]">&gt;&gt;</a>&nbsp;&nbsp;&nbsp;chSchGoSleepTimeoutS
</UL>

<P><STRONG><a name="[d4]"></a>chSchGoSleepTimeoutS</STRONG> (Thumb, 88 bytes, Stack size 48 bytes, chschd.o(.text.chSchGoSleepTimeoutS))
<BR><BR>[Stack]<UL><LI>Max Depth = 140<LI>Call Chain = chSchGoSleepTimeoutS &rArr; chVTDoSetI &rArr; vt_enqueue &rArr; ch_dlist_insert &rArr; ch_dlist_insert_before
</UL>
<BR>[Calls]<UL><LI><a href="#[d7]">&gt;&gt;</a>&nbsp;&nbsp;&nbsp;chVTDoResetI
<LI><a href="#[d5]">&gt;&gt;</a>&nbsp;&nbsp;&nbsp;chVTDoSetI
<LI><a href="#[d6]">&gt;&gt;</a>&nbsp;&nbsp;&nbsp;chVTIsArmedI
<LI><a href="#[d3]">&gt;&gt;</a>&nbsp;&nbsp;&nbsp;chSchGoSleepS
</UL>
<BR>[Called By]<UL><LI><a href="#[117]">&gt;&gt;</a>&nbsp;&nbsp;&nbsp;chThdEnqueueTimeoutS
<LI><a href="#[120]">&gt;&gt;</a>&nbsp;&nbsp;&nbsp;chThdSuspendTimeoutS
<LI><a href="#[11f]">&gt;&gt;</a>&nbsp;&nbsp;&nbsp;chThdSleepS
</UL>

<P><STRONG><a name="[87]"></a>chSchIsPreemptionRequired</STRONG> (Thumb, 52 bytes, Stack size 24 bytes, chschd.o(.text.chSchIsPreemptionRequired))
<BR><BR>[Stack]<UL><LI>Max Depth = 24<LI>Call Chain = chSchIsPreemptionRequired
</UL>
<BR>[Called By]<UL><LI><a href="#[70]">&gt;&gt;</a>&nbsp;&nbsp;&nbsp;__port_irq_epilogue
</UL>

<P><STRONG><a name="[cb]"></a>chSchReadyI</STRONG> (Thumb, 20 bytes, Stack size 16 bytes, chschd.o(.text.chSchReadyI))
<BR><BR>[Stack]<UL><LI>Max Depth = 40<LI>Call Chain = chSchReadyI &rArr; __sch_ready_behind &rArr; ch_pqueue_insert_behind
</UL>
<BR>[Calls]<UL><LI><a href="#[8a]">&gt;&gt;</a>&nbsp;&nbsp;&nbsp;__sch_ready_behind
</UL>
<BR>[Called By]<UL><LI><a href="#[11d]">&gt;&gt;</a>&nbsp;&nbsp;&nbsp;chThdResumeI
<LI><a href="#[d2]">&gt;&gt;</a>&nbsp;&nbsp;&nbsp;chThdCreateI
<LI><a href="#[115]">&gt;&gt;</a>&nbsp;&nbsp;&nbsp;chThdDoDequeueNextI
<LI><a href="#[ca]">&gt;&gt;</a>&nbsp;&nbsp;&nbsp;chEvtSignalI
</UL>

<P><STRONG><a name="[d8]"></a>chSchRescheduleS</STRONG> (Thumb, 40 bytes, Stack size 16 bytes, chschd.o(.text.chSchRescheduleS))
<BR><BR>[Stack]<UL><LI>Max Depth = 64<LI>Call Chain = chSchRescheduleS &rArr; __sch_reschedule_ahead &rArr; __sch_ready_ahead &rArr; ch_pqueue_insert_ahead
</UL>
<BR>[Calls]<UL><LI><a href="#[8c]">&gt;&gt;</a>&nbsp;&nbsp;&nbsp;__sch_reschedule_ahead
</UL>
<BR>[Called By]<UL><LI><a href="#[244]">&gt;&gt;</a>&nbsp;&nbsp;&nbsp;osalOsRescheduleS
</UL>

<P><STRONG><a name="[d9]"></a>chSysInit</STRONG> (Thumb, 72 bytes, Stack size 16 bytes, chsys.o(.text.chSysInit))
<BR><BR>[Stack]<UL><LI>Max Depth = 120<LI>Call Chain = chSysInit &rArr; chInstanceObjectInit &rArr; chThdCreateI &rArr; chSchReadyI &rArr; __sch_ready_behind &rArr; ch_pqueue_insert_behind
</UL>
<BR>[Calls]<UL><LI><a href="#[cc]">&gt;&gt;</a>&nbsp;&nbsp;&nbsp;chInstanceObjectInit
<LI><a href="#[da]">&gt;&gt;</a>&nbsp;&nbsp;&nbsp;chSysUnlock
<LI><a href="#[84]">&gt;&gt;</a>&nbsp;&nbsp;&nbsp;__oslib_init
</UL>
<BR>[Called By]<UL><LI><a href="#[1d6]">&gt;&gt;</a>&nbsp;&nbsp;&nbsp;platform_setup
</UL>

<P><STRONG><a name="[f5]"></a>chSysTimerHandlerI</STRONG> (Thumb, 8 bytes, Stack size 8 bytes, chsys.o(.text.chSysTimerHandlerI))
<BR><BR>[Stack]<UL><LI>Max Depth = 60<LI>Call Chain = chSysTimerHandlerI &rArr; chVTDoTickI &rArr; ch_dlist_insert &rArr; ch_dlist_insert_before
</UL>
<BR>[Calls]<UL><LI><a href="#[f6]">&gt;&gt;</a>&nbsp;&nbsp;&nbsp;chVTDoTickI
</UL>
<BR>[Called By]<UL><LI><a href="#[6e]">&gt;&gt;</a>&nbsp;&nbsp;&nbsp;osalOsTimerHandlerI
</UL>

<P><STRONG><a name="[d2]"></a>chThdCreateI</STRONG> (Thumb, 20 bytes, Stack size 16 bytes, chthreads.o(.text.chThdCreateI))
<BR><BR>[Stack]<UL><LI>Max Depth = 56<LI>Call Chain = chThdCreateI &rArr; chSchReadyI &rArr; __sch_ready_behind &rArr; ch_pqueue_insert_behind
</UL>
<BR>[Calls]<UL><LI><a href="#[112]">&gt;&gt;</a>&nbsp;&nbsp;&nbsp;chThdCreateSuspendedI
<LI><a href="#[cb]">&gt;&gt;</a>&nbsp;&nbsp;&nbsp;chSchReadyI
</UL>
<BR>[Called By]<UL><LI><a href="#[cc]">&gt;&gt;</a>&nbsp;&nbsp;&nbsp;chInstanceObjectInit
</UL>

<P><STRONG><a name="[112]"></a>chThdCreateSuspendedI</STRONG> (Thumb, 84 bytes, Stack size 16 bytes, chthreads.o(.text.chThdCreateSuspendedI))
<BR><BR>[Stack]<UL><LI>Max Depth = 32<LI>Call Chain = chThdCreateSuspendedI &rArr; __thd_object_init
</UL>
<BR>[Calls]<UL><LI><a href="#[d1]">&gt;&gt;</a>&nbsp;&nbsp;&nbsp;__thd_object_init
</UL>
<BR>[Called By]<UL><LI><a href="#[d2]">&gt;&gt;</a>&nbsp;&nbsp;&nbsp;chThdCreateI
</UL>

<P><STRONG><a name="[113]"></a>chThdDequeueAllI</STRONG> (Thumb, 36 bytes, Stack size 16 bytes, chthreads.o(.text.chThdDequeueAllI))
<BR><BR>[Stack]<UL><LI>Max Depth = 80<LI>Call Chain = chThdDequeueAllI &rArr; chThdDoDequeueNextI &rArr; chSchReadyI &rArr; __sch_ready_behind &rArr; ch_pqueue_insert_behind
</UL>
<BR>[Calls]<UL><LI><a href="#[115]">&gt;&gt;</a>&nbsp;&nbsp;&nbsp;chThdDoDequeueNextI
<LI><a href="#[114]">&gt;&gt;</a>&nbsp;&nbsp;&nbsp;ch_queue_notempty
</UL>
<BR>[Called By]<UL><LI><a href="#[19e]">&gt;&gt;</a>&nbsp;&nbsp;&nbsp;osalThreadDequeueAllI
<LI><a href="#[24b]">&gt;&gt;</a>&nbsp;&nbsp;&nbsp;osalThreadDequeueAllI
</UL>

<P><STRONG><a name="[117]"></a>chThdEnqueueTimeoutS</STRONG> (Thumb, 56 bytes, Stack size 24 bytes, chthreads.o(.text.chThdEnqueueTimeoutS))
<BR><BR>[Stack]<UL><LI>Max Depth = 164<LI>Call Chain = chThdEnqueueTimeoutS &rArr; chSchGoSleepTimeoutS &rArr; chVTDoSetI &rArr; vt_enqueue &rArr; ch_dlist_insert &rArr; ch_dlist_insert_before
</UL>
<BR>[Calls]<UL><LI><a href="#[119]">&gt;&gt;</a>&nbsp;&nbsp;&nbsp;ch_queue_insert
<LI><a href="#[118]">&gt;&gt;</a>&nbsp;&nbsp;&nbsp;chThdGetSelfX
<LI><a href="#[d4]">&gt;&gt;</a>&nbsp;&nbsp;&nbsp;chSchGoSleepTimeoutS
</UL>
<BR>[Called By]<UL><LI><a href="#[197]">&gt;&gt;</a>&nbsp;&nbsp;&nbsp;osalThreadEnqueueTimeoutS
</UL>

<P><STRONG><a name="[56]"></a>chThdExit</STRONG> (Thumb, 20 bytes, Stack size 16 bytes, chthreads.o(.text.chThdExit))
<BR><BR>[Stack]<UL><LI>Max Depth = 64<LI>Call Chain = chThdExit &rArr; chThdExitS &rArr; chSchGoSleepS &rArr; ch_pqueue_remove_highest
</UL>
<BR>[Calls]<UL><LI><a href="#[11a]">&gt;&gt;</a>&nbsp;&nbsp;&nbsp;chThdExitS
<LI><a href="#[db]">&gt;&gt;</a>&nbsp;&nbsp;&nbsp;chSysLock
</UL>
<BR>[Called By]<UL><LI><a href="#[35]">&gt;&gt;</a>&nbsp;&nbsp;&nbsp;__port_thread_start
</UL>

<P><STRONG><a name="[11a]"></a>chThdExitS</STRONG> (Thumb, 32 bytes, Stack size 16 bytes, chthreads.o(.text.chThdExitS))
<BR><BR>[Stack]<UL><LI>Max Depth = 48<LI>Call Chain = chThdExitS &rArr; chSchGoSleepS &rArr; ch_pqueue_remove_highest
</UL>
<BR>[Calls]<UL><LI><a href="#[118]">&gt;&gt;</a>&nbsp;&nbsp;&nbsp;chThdGetSelfX
<LI><a href="#[d3]">&gt;&gt;</a>&nbsp;&nbsp;&nbsp;chSchGoSleepS
</UL>
<BR>[Called By]<UL><LI><a href="#[56]">&gt;&gt;</a>&nbsp;&nbsp;&nbsp;chThdExit
</UL>

<P><STRONG><a name="[11d]"></a>chThdResumeI</STRONG> (Thumb, 52 bytes, Stack size 24 bytes, chthreads.o(.text.chThdResumeI))
<BR><BR>[Stack]<UL><LI>Max Depth = 64<LI>Call Chain = chThdResumeI &rArr; chSchReadyI &rArr; __sch_ready_behind &rArr; ch_pqueue_insert_behind
</UL>
<BR>[Calls]<UL><LI><a href="#[cb]">&gt;&gt;</a>&nbsp;&nbsp;&nbsp;chSchReadyI
</UL>
<BR>[Called By]<UL><LI><a href="#[24c]">&gt;&gt;</a>&nbsp;&nbsp;&nbsp;osalThreadResumeI
<LI><a href="#[77]">&gt;&gt;</a>&nbsp;&nbsp;&nbsp;osalThreadResumeI
</UL>

<P><STRONG><a name="[11e]"></a>chThdSleep</STRONG> (Thumb, 24 bytes, Stack size 16 bytes, chthreads.o(.text.chThdSleep))
<BR><BR>[Stack]<UL><LI>Max Depth = 172<LI>Call Chain = chThdSleep &rArr; chThdSleepS &rArr; chSchGoSleepTimeoutS &rArr; chVTDoSetI &rArr; vt_enqueue &rArr; ch_dlist_insert &rArr; ch_dlist_insert_before
</UL>
<BR>[Calls]<UL><LI><a href="#[11f]">&gt;&gt;</a>&nbsp;&nbsp;&nbsp;chThdSleepS
<LI><a href="#[f8]">&gt;&gt;</a>&nbsp;&nbsp;&nbsp;chSysUnlock
<LI><a href="#[db]">&gt;&gt;</a>&nbsp;&nbsp;&nbsp;chSysLock
</UL>
<BR>[Called By]<UL><LI><a href="#[263]">&gt;&gt;</a>&nbsp;&nbsp;&nbsp;process_action
<LI><a href="#[294]">&gt;&gt;</a>&nbsp;&nbsp;&nbsp;shutdown_quantum
<LI><a href="#[19f]">&gt;&gt;</a>&nbsp;&nbsp;&nbsp;init_usb_driver
<LI><a href="#[27f]">&gt;&gt;</a>&nbsp;&nbsp;&nbsp;protocol_pre_init
<LI><a href="#[1e0]">&gt;&gt;</a>&nbsp;&nbsp;&nbsp;matrix_io_delay
<LI><a href="#[2a3]">&gt;&gt;</a>&nbsp;&nbsp;&nbsp;tap_code_delay
</UL>

<P><STRONG><a name="[120]"></a>chThdSuspendTimeoutS</STRONG> (Thumb, 64 bytes, Stack size 24 bytes, chthreads.o(.text.chThdSuspendTimeoutS))
<BR><BR>[Stack]<UL><LI>Max Depth = 164<LI>Call Chain = chThdSuspendTimeoutS &rArr; chSchGoSleepTimeoutS &rArr; chVTDoSetI &rArr; vt_enqueue &rArr; ch_dlist_insert &rArr; ch_dlist_insert_before
</UL>
<BR>[Calls]<UL><LI><a href="#[118]">&gt;&gt;</a>&nbsp;&nbsp;&nbsp;chThdGetSelfX
<LI><a href="#[d4]">&gt;&gt;</a>&nbsp;&nbsp;&nbsp;chSchGoSleepTimeoutS
</UL>
<BR>[Called By]<UL><LI><a href="#[24d]">&gt;&gt;</a>&nbsp;&nbsp;&nbsp;osalThreadSuspendTimeoutS
</UL>

<P><STRONG><a name="[d7]"></a>chVTDoResetI</STRONG> (Thumb, 56 bytes, Stack size 16 bytes, chvt.o(.text.chVTDoResetI))
<BR><BR>[Stack]<UL><LI>Max Depth = 20<LI>Call Chain = chVTDoResetI &rArr; ch_dlist_dequeue
</UL>
<BR>[Calls]<UL><LI><a href="#[121]">&gt;&gt;</a>&nbsp;&nbsp;&nbsp;ch_dlist_dequeue
</UL>
<BR>[Called By]<UL><LI><a href="#[d4]">&gt;&gt;</a>&nbsp;&nbsp;&nbsp;chSchGoSleepTimeoutS
<LI><a href="#[127]">&gt;&gt;</a>&nbsp;&nbsp;&nbsp;chVTResetI
<LI><a href="#[125]">&gt;&gt;</a>&nbsp;&nbsp;&nbsp;chVTResetI
</UL>

<P><STRONG><a name="[d5]"></a>chVTDoSetI</STRONG> (Thumb, 56 bytes, Stack size 32 bytes, chvt.o(.text.chVTDoSetI))
<BR><BR>[Stack]<UL><LI>Max Depth = 92<LI>Call Chain = chVTDoSetI &rArr; vt_enqueue &rArr; ch_dlist_insert &rArr; ch_dlist_insert_before
</UL>
<BR>[Calls]<UL><LI><a href="#[122]">&gt;&gt;</a>&nbsp;&nbsp;&nbsp;vt_enqueue
</UL>
<BR>[Called By]<UL><LI><a href="#[d4]">&gt;&gt;</a>&nbsp;&nbsp;&nbsp;chSchGoSleepTimeoutS
<LI><a href="#[12a]">&gt;&gt;</a>&nbsp;&nbsp;&nbsp;chVTSetI
<LI><a href="#[12b]">&gt;&gt;</a>&nbsp;&nbsp;&nbsp;chVTSetI
</UL>

<P><STRONG><a name="[f6]"></a>chVTDoTickI</STRONG> (Thumb, 120 bytes, Stack size 16 bytes, chvt.o(.text.chVTDoTickI))
<BR><BR>[Stack]<UL><LI>Max Depth = 52<LI>Call Chain = chVTDoTickI &rArr; ch_dlist_insert &rArr; ch_dlist_insert_before
</UL>
<BR>[Calls]<UL><LI><a href="#[e9]">&gt;&gt;</a>&nbsp;&nbsp;&nbsp;chSysLockFromISR
<LI><a href="#[106]">&gt;&gt;</a>&nbsp;&nbsp;&nbsp;chSysUnlockFromISR
<LI><a href="#[123]">&gt;&gt;</a>&nbsp;&nbsp;&nbsp;ch_dlist_notempty
<LI><a href="#[121]">&gt;&gt;</a>&nbsp;&nbsp;&nbsp;ch_dlist_dequeue
<LI><a href="#[124]">&gt;&gt;</a>&nbsp;&nbsp;&nbsp;ch_dlist_insert
</UL>
<BR>[Called By]<UL><LI><a href="#[f5]">&gt;&gt;</a>&nbsp;&nbsp;&nbsp;chSysTimerHandlerI
</UL>

<P><STRONG><a name="[16b]"></a>clamp_length</STRONG> (Thumb, 34 bytes, Stack size 8 bytes, eeprom_transient.o(.text.clamp_length))
<BR><BR>[Stack]<UL><LI>Max Depth = 8<LI>Call Chain = clamp_length
</UL>
<BR>[Called By]<UL><LI><a href="#[16d]">&gt;&gt;</a>&nbsp;&nbsp;&nbsp;eeprom_write_block
<LI><a href="#[16a]">&gt;&gt;</a>&nbsp;&nbsp;&nbsp;eeprom_read_block
</UL>

<P><STRONG><a name="[b4]"></a>clear_keyboard</STRONG> (Thumb, 12 bytes, Stack size 8 bytes, action.o(.text.clear_keyboard))
<BR><BR>[Stack]<UL><LI>Max Depth = 92<LI>Call Chain = clear_keyboard &rArr; clear_keyboard_but_mods &rArr; clear_keyboard_but_mods_and_keys &rArr; send_keyboard_report &rArr; send_6kro_report &rArr; get_mods_for_report &rArr; clear_oneshot_mods &rArr; oneshot_mods_changed_kb &rArr; oneshot_mods_changed_user
</UL>
<BR>[Calls]<UL><LI><a href="#[12e]">&gt;&gt;</a>&nbsp;&nbsp;&nbsp;clear_keyboard_but_mods
<LI><a href="#[12d]">&gt;&gt;</a>&nbsp;&nbsp;&nbsp;clear_mods
</UL>
<BR>[Called By]<UL><LI><a href="#[aa]">&gt;&gt;</a>&nbsp;&nbsp;&nbsp;action_tapping_process
<LI><a href="#[26f]">&gt;&gt;</a>&nbsp;&nbsp;&nbsp;process_magic
<LI><a href="#[294]">&gt;&gt;</a>&nbsp;&nbsp;&nbsp;shutdown_quantum
</UL>

<P><STRONG><a name="[12e]"></a>clear_keyboard_but_mods</STRONG> (Thumb, 12 bytes, Stack size 8 bytes, action.o(.text.clear_keyboard_but_mods))
<BR><BR>[Stack]<UL><LI>Max Depth = 84<LI>Call Chain = clear_keyboard_but_mods &rArr; clear_keyboard_but_mods_and_keys &rArr; send_keyboard_report &rArr; send_6kro_report &rArr; get_mods_for_report &rArr; clear_oneshot_mods &rArr; oneshot_mods_changed_kb &rArr; oneshot_mods_changed_user
</UL>
<BR>[Calls]<UL><LI><a href="#[130]">&gt;&gt;</a>&nbsp;&nbsp;&nbsp;clear_keyboard_but_mods_and_keys
<LI><a href="#[12f]">&gt;&gt;</a>&nbsp;&nbsp;&nbsp;clear_keys
</UL>
<BR>[Called By]<UL><LI><a href="#[b4]">&gt;&gt;</a>&nbsp;&nbsp;&nbsp;clear_keyboard
</UL>

<P><STRONG><a name="[130]"></a>clear_keyboard_but_mods_and_keys</STRONG> (Thumb, 12 bytes, Stack size 8 bytes, action.o(.text.clear_keyboard_but_mods_and_keys))
<BR><BR>[Stack]<UL><LI>Max Depth = 76<LI>Call Chain = clear_keyboard_but_mods_and_keys &rArr; send_keyboard_report &rArr; send_6kro_report &rArr; get_mods_for_report &rArr; clear_oneshot_mods &rArr; oneshot_mods_changed_kb &rArr; oneshot_mods_changed_user
</UL>
<BR>[Calls]<UL><LI><a href="#[131]">&gt;&gt;</a>&nbsp;&nbsp;&nbsp;send_keyboard_report
<LI><a href="#[a7]">&gt;&gt;</a>&nbsp;&nbsp;&nbsp;clear_weak_mods
</UL>
<BR>[Called By]<UL><LI><a href="#[12e]">&gt;&gt;</a>&nbsp;&nbsp;&nbsp;clear_keyboard_but_mods
</UL>

<P><STRONG><a name="[12f]"></a>clear_keys</STRONG> (Thumb, 8 bytes, Stack size 8 bytes, action_util.o(.text.clear_keys))
<BR><BR>[Stack]<UL><LI>Max Depth = 8<LI>Call Chain = clear_keys
</UL>
<BR>[Calls]<UL><LI><a href="#[132]">&gt;&gt;</a>&nbsp;&nbsp;&nbsp;clear_keys_from_report
</UL>
<BR>[Called By]<UL><LI><a href="#[12e]">&gt;&gt;</a>&nbsp;&nbsp;&nbsp;clear_keyboard_but_mods
</UL>

<P><STRONG><a name="[132]"></a>clear_keys_from_report</STRONG> (Thumb, 20 bytes, Stack size 0 bytes, report.o(.text.clear_keys_from_report))
<BR><BR>[Called By]<UL><LI><a href="#[12f]">&gt;&gt;</a>&nbsp;&nbsp;&nbsp;clear_keys
</UL>

<P><STRONG><a name="[12d]"></a>clear_mods</STRONG> (Thumb, 8 bytes, Stack size 0 bytes, action_util.o(.text.clear_mods))
<BR><BR>[Called By]<UL><LI><a href="#[b4]">&gt;&gt;</a>&nbsp;&nbsp;&nbsp;clear_keyboard
</UL>

<P><STRONG><a name="[133]"></a>clear_oneshot_layer_state</STRONG> (Thumb, 80 bytes, Stack size 16 bytes, action_util.o(.text.clear_oneshot_layer_state))
<BR><BR>[Stack]<UL><LI>Max Depth = 68<LI>Call Chain = clear_oneshot_layer_state &rArr; layer_off &rArr; layer_state_set &rArr; layer_state_set_kb &rArr; layer_state_set_user
</UL>
<BR>[Calls]<UL><LI><a href="#[136]">&gt;&gt;</a>&nbsp;&nbsp;&nbsp;layer_off
<LI><a href="#[137]">&gt;&gt;</a>&nbsp;&nbsp;&nbsp;reset_oneshot_layer
<LI><a href="#[135]">&gt;&gt;</a>&nbsp;&nbsp;&nbsp;get_oneshot_layer
<LI><a href="#[134]">&gt;&gt;</a>&nbsp;&nbsp;&nbsp;get_oneshot_layer_state
</UL>
<BR>[Called By]<UL><LI><a href="#[263]">&gt;&gt;</a>&nbsp;&nbsp;&nbsp;process_action
<LI><a href="#[26c]">&gt;&gt;</a>&nbsp;&nbsp;&nbsp;process_record
<LI><a href="#[23a]">&gt;&gt;</a>&nbsp;&nbsp;&nbsp;oneshot_set
</UL>

<P><STRONG><a name="[138]"></a>clear_oneshot_mods</STRONG> (Thumb, 28 bytes, Stack size 8 bytes, action_util.o(.text.clear_oneshot_mods))
<BR><BR>[Stack]<UL><LI>Max Depth = 28<LI>Call Chain = clear_oneshot_mods &rArr; oneshot_mods_changed_kb &rArr; oneshot_mods_changed_user
</UL>
<BR>[Calls]<UL><LI><a href="#[ba]">&gt;&gt;</a>&nbsp;&nbsp;&nbsp;oneshot_mods_changed_kb
</UL>
<BR>[Called By]<UL><LI><a href="#[178]">&gt;&gt;</a>&nbsp;&nbsp;&nbsp;get_mods_for_report
</UL>

<P><STRONG><a name="[a7]"></a>clear_weak_mods</STRONG> (Thumb, 8 bytes, Stack size 0 bytes, action_util.o(.text.clear_weak_mods))
<BR><BR>[Called By]<UL><LI><a href="#[a4]">&gt;&gt;</a>&nbsp;&nbsp;&nbsp;action_exec
<LI><a href="#[130]">&gt;&gt;</a>&nbsp;&nbsp;&nbsp;clear_keyboard_but_mods_and_keys
</UL>

<P><STRONG><a name="[139]"></a>debounce</STRONG> (Thumb, 140 bytes, Stack size 32 bytes, sym_defer_g.o(.text.debounce))
<BR><BR>[Stack]<UL><LI>Max Depth = 144<LI>Call Chain = debounce &rArr; timer_elapsed_fast &rArr; timer_elapsed32 &rArr; timer_read32 &rArr; __aeabi_uldivmod &rArr; __aeabi_llsr
</UL>
<BR>[Calls]<UL><LI><a href="#[13b]">&gt;&gt;</a>&nbsp;&nbsp;&nbsp;timer_elapsed_fast
<LI><a href="#[13a]">&gt;&gt;</a>&nbsp;&nbsp;&nbsp;timer_read_fast
<LI><a href="#[13c]">&gt;&gt;</a>&nbsp;&nbsp;&nbsp;memcmp
<LI><a href="#[13d]">&gt;&gt;</a>&nbsp;&nbsp;&nbsp;__aeabi_memcpy
</UL>
<BR>[Called By]<UL><LI><a href="#[1e7]">&gt;&gt;</a>&nbsp;&nbsp;&nbsp;matrix_scan
</UL>

<P><STRONG><a name="[1db]"></a>debounce_init</STRONG> (Thumb, 10 bytes, Stack size 4 bytes, sym_defer_g.o(.text.debounce_init))
<BR><BR>[Stack]<UL><LI>Max Depth = 4<LI>Call Chain = debounce_init
</UL>
<BR>[Called By]<UL><LI><a href="#[1b0]">&gt;&gt;</a>&nbsp;&nbsp;&nbsp;matrix_init
</UL>

<P><STRONG><a name="[273]"></a>debug_action</STRONG> (Thumb, 160 bytes, Stack size 12 bytes, action.o(.text.debug_action))
<BR><BR>[Stack]<UL><LI>Max Depth = 12<LI>Call Chain = debug_action
</UL>
<BR>[Called By]<UL><LI><a href="#[271]">&gt;&gt;</a>&nbsp;&nbsp;&nbsp;process_record_handler
</UL>

<P><STRONG><a name="[a6]"></a>debug_event</STRONG> (Thumb, 24 bytes, Stack size 16 bytes, action.o(.text.debug_event))
<BR><BR>[Stack]<UL><LI>Max Depth = 16<LI>Call Chain = debug_event
</UL>
<BR>[Called By]<UL><LI><a href="#[a4]">&gt;&gt;</a>&nbsp;&nbsp;&nbsp;action_exec
<LI><a href="#[b0]">&gt;&gt;</a>&nbsp;&nbsp;&nbsp;process_tapping
<LI><a href="#[b2]">&gt;&gt;</a>&nbsp;&nbsp;&nbsp;debug_record
</UL>

<P><STRONG><a name="[b2]"></a>debug_record</STRONG> (Thumb, 46 bytes, Stack size 24 bytes, action.o(.text.debug_record))
<BR><BR>[Stack]<UL><LI>Max Depth = 40<LI>Call Chain = debug_record &rArr; debug_event
</UL>
<BR>[Calls]<UL><LI><a href="#[a6]">&gt;&gt;</a>&nbsp;&nbsp;&nbsp;debug_event
</UL>
<BR>[Called By]<UL><LI><a href="#[aa]">&gt;&gt;</a>&nbsp;&nbsp;&nbsp;action_tapping_process
<LI><a href="#[13f]">&gt;&gt;</a>&nbsp;&nbsp;&nbsp;debug_waiting_buffer
<LI><a href="#[13e]">&gt;&gt;</a>&nbsp;&nbsp;&nbsp;debug_tapping_key
</UL>

<P><STRONG><a name="[146]"></a>default_layer_and</STRONG> (Thumb, 24 bytes, Stack size 16 bytes, action_layer.o(.text.default_layer_and))
<BR><BR>[Stack]<UL><LI>Max Depth = 52<LI>Call Chain = default_layer_and &rArr; default_layer_state_set &rArr; default_layer_state_set_kb &rArr; default_layer_state_set_user
</UL>
<BR>[Calls]<UL><LI><a href="#[147]">&gt;&gt;</a>&nbsp;&nbsp;&nbsp;default_layer_state_set
</UL>
<BR>[Called By]<UL><LI><a href="#[263]">&gt;&gt;</a>&nbsp;&nbsp;&nbsp;process_action
</UL>

<P><STRONG><a name="[14b]"></a>default_layer_debug</STRONG> (Thumb, 6 bytes, Stack size 0 bytes, action_layer.o(.text.default_layer_debug))
<BR><BR>[Called By]<UL><LI><a href="#[271]">&gt;&gt;</a>&nbsp;&nbsp;&nbsp;process_record_handler
<LI><a href="#[147]">&gt;&gt;</a>&nbsp;&nbsp;&nbsp;default_layer_state_set
</UL>

<P><STRONG><a name="[148]"></a>default_layer_or</STRONG> (Thumb, 24 bytes, Stack size 16 bytes, action_layer.o(.text.default_layer_or))
<BR><BR>[Stack]<UL><LI>Max Depth = 52<LI>Call Chain = default_layer_or &rArr; default_layer_state_set &rArr; default_layer_state_set_kb &rArr; default_layer_state_set_user
</UL>
<BR>[Calls]<UL><LI><a href="#[147]">&gt;&gt;</a>&nbsp;&nbsp;&nbsp;default_layer_state_set
</UL>
<BR>[Called By]<UL><LI><a href="#[263]">&gt;&gt;</a>&nbsp;&nbsp;&nbsp;process_action
</UL>

<P><STRONG><a name="[149]"></a>default_layer_set</STRONG> (Thumb, 20 bytes, Stack size 16 bytes, action_layer.o(.text.default_layer_set))
<BR><BR>[Stack]<UL><LI>Max Depth = 52<LI>Call Chain = default_layer_set &rArr; default_layer_state_set &rArr; default_layer_state_set_kb &rArr; default_layer_state_set_user
</UL>
<BR>[Calls]<UL><LI><a href="#[147]">&gt;&gt;</a>&nbsp;&nbsp;&nbsp;default_layer_state_set
</UL>
<BR>[Called By]<UL><LI><a href="#[263]">&gt;&gt;</a>&nbsp;&nbsp;&nbsp;process_action
<LI><a href="#[1d4]">&gt;&gt;</a>&nbsp;&nbsp;&nbsp;magic
</UL>

<P><STRONG><a name="[14a]"></a>default_layer_state_set_kb</STRONG> (Thumb, 20 bytes, Stack size 16 bytes, action_layer.o(.text.default_layer_state_set_kb))
<BR><BR>[Stack]<UL><LI>Max Depth = 20<LI>Call Chain = default_layer_state_set_kb &rArr; default_layer_state_set_user
</UL>
<BR>[Calls]<UL><LI><a href="#[14c]">&gt;&gt;</a>&nbsp;&nbsp;&nbsp;default_layer_state_set_user
</UL>
<BR>[Called By]<UL><LI><a href="#[147]">&gt;&gt;</a>&nbsp;&nbsp;&nbsp;default_layer_state_set
</UL>

<P><STRONG><a name="[14c]"></a>default_layer_state_set_user</STRONG> (Thumb, 14 bytes, Stack size 4 bytes, action_layer.o(.text.default_layer_state_set_user))
<BR><BR>[Stack]<UL><LI>Max Depth = 4<LI>Call Chain = default_layer_state_set_user
</UL>
<BR>[Called By]<UL><LI><a href="#[14a]">&gt;&gt;</a>&nbsp;&nbsp;&nbsp;default_layer_state_set_kb
</UL>

<P><STRONG><a name="[14d]"></a>default_layer_xor</STRONG> (Thumb, 24 bytes, Stack size 16 bytes, action_layer.o(.text.default_layer_xor))
<BR><BR>[Stack]<UL><LI>Max Depth = 52<LI>Call Chain = default_layer_xor &rArr; default_layer_state_set &rArr; default_layer_state_set_kb &rArr; default_layer_state_set_user
</UL>
<BR>[Calls]<UL><LI><a href="#[147]">&gt;&gt;</a>&nbsp;&nbsp;&nbsp;default_layer_state_set
</UL>
<BR>[Called By]<UL><LI><a href="#[263]">&gt;&gt;</a>&nbsp;&nbsp;&nbsp;process_action
</UL>

<P><STRONG><a name="[14e]"></a>del_key</STRONG> (Thumb, 20 bytes, Stack size 16 bytes, action_util.o(.text.del_key))
<BR><BR>[Stack]<UL><LI>Max Depth = 44<LI>Call Chain = del_key &rArr; del_key_from_report &rArr; del_key_byte
</UL>
<BR>[Calls]<UL><LI><a href="#[14f]">&gt;&gt;</a>&nbsp;&nbsp;&nbsp;del_key_from_report
</UL>
<BR>[Called By]<UL><LI><a href="#[26d]">&gt;&gt;</a>&nbsp;&nbsp;&nbsp;process_grave_esc
<LI><a href="#[267]">&gt;&gt;</a>&nbsp;&nbsp;&nbsp;unregister_code
<LI><a href="#[266]">&gt;&gt;</a>&nbsp;&nbsp;&nbsp;register_code
</UL>

<P><STRONG><a name="[150]"></a>del_key_byte</STRONG> (Thumb, 76 bytes, Stack size 12 bytes, report.o(.text.del_key_byte))
<BR><BR>[Stack]<UL><LI>Max Depth = 12<LI>Call Chain = del_key_byte
</UL>
<BR>[Called By]<UL><LI><a href="#[14f]">&gt;&gt;</a>&nbsp;&nbsp;&nbsp;del_key_from_report
</UL>

<P><STRONG><a name="[14f]"></a>del_key_from_report</STRONG> (Thumb, 24 bytes, Stack size 16 bytes, report.o(.text.del_key_from_report))
<BR><BR>[Stack]<UL><LI>Max Depth = 28<LI>Call Chain = del_key_from_report &rArr; del_key_byte
</UL>
<BR>[Calls]<UL><LI><a href="#[150]">&gt;&gt;</a>&nbsp;&nbsp;&nbsp;del_key_byte
</UL>
<BR>[Called By]<UL><LI><a href="#[14e]">&gt;&gt;</a>&nbsp;&nbsp;&nbsp;del_key
</UL>

<P><STRONG><a name="[268]"></a>del_mods</STRONG> (Thumb, 20 bytes, Stack size 4 bytes, action_util.o(.text.del_mods))
<BR><BR>[Stack]<UL><LI>Max Depth = 4<LI>Call Chain = del_mods
</UL>
<BR>[Called By]<UL><LI><a href="#[263]">&gt;&gt;</a>&nbsp;&nbsp;&nbsp;process_action
<LI><a href="#[251]">&gt;&gt;</a>&nbsp;&nbsp;&nbsp;unregister_mods
<LI><a href="#[267]">&gt;&gt;</a>&nbsp;&nbsp;&nbsp;unregister_code
</UL>

<P><STRONG><a name="[151]"></a>del_oneshot_locked_mods</STRONG> (Thumb, 44 bytes, Stack size 16 bytes, action_util.o(.text.del_oneshot_locked_mods))
<BR><BR>[Stack]<UL><LI>Max Depth = 36<LI>Call Chain = del_oneshot_locked_mods &rArr; oneshot_locked_mods_changed_kb &rArr; oneshot_locked_mods_changed_user
</UL>
<BR>[Calls]<UL><LI><a href="#[152]">&gt;&gt;</a>&nbsp;&nbsp;&nbsp;oneshot_locked_mods_changed_kb
</UL>
<BR>[Called By]<UL><LI><a href="#[263]">&gt;&gt;</a>&nbsp;&nbsp;&nbsp;process_action
</UL>

[...]
</UL>
<BR>[Called By]<UL><LI><a href="#[284]">&gt;&gt;</a>&nbsp;&nbsp;&nbsp;usb_event_queue_task
</UL>

<P><STRONG><a name="[2b9]"></a>usb_event_wakeup_handler</STRONG> (Thumb, 24 bytes, Stack size 8 bytes, usb_main.o(.text.usb_event_wakeup_handler))
<BR><BR>[Stack]<UL><LI>Max Depth = 68<LI>Call Chain = usb_event_wakeup_handler &rArr; usb_device_state_set_resume &rArr; notify_usb_device_state_change &rArr; notify_usb_device_state_change_kb &rArr; notify_usb_device_state_change_user
</UL>
<BR>[Calls]<UL><LI><a href="#[2b2]">&gt;&gt;</a>&nbsp;&nbsp;&nbsp;usb_device_state_set_resume
<LI><a href="#[2ba]">&gt;&gt;</a>&nbsp;&nbsp;&nbsp;suspend_wakeup_init
</UL>
<BR>[Called By]<UL><LI><a href="#[284]">&gt;&gt;</a>&nbsp;&nbsp;&nbsp;usb_event_queue_task
</UL>

<P><STRONG><a name="[1a6]"></a>chVTObjectInit</STRONG> (Thumb, 14 bytes, Stack size 4 bytes, usb_main.o(.text.chVTObjectInit))
<BR><BR>[Stack]<UL><LI>Max Depth = 4<LI>Call Chain = chVTObjectInit
</UL>
<BR>[Called By]<UL><LI><a href="#[19f]">&gt;&gt;</a>&nbsp;&nbsp;&nbsp;init_usb_driver
</UL>

<P><STRONG><a name="[247]"></a>osalSysLock</STRONG> (Thumb, 8 bytes, Stack size 8 bytes, usb_main.o(.text.osalSysLock))
<BR><BR>[Stack]<UL><LI>Max Depth = 20<LI>Call Chain = osalSysLock &rArr; chSysLock &rArr; port_lock
</UL>
<BR>[Calls]<UL><LI><a href="#[e4]">&gt;&gt;</a>&nbsp;&nbsp;&nbsp;chSysLock
</UL>
<BR>[Called By]<UL><LI><a href="#[29a]">&gt;&gt;</a>&nbsp;&nbsp;&nbsp;send_report
</UL>

<P><STRONG><a name="[24a]"></a>osalSysUnlock</STRONG> (Thumb, 8 bytes, Stack size 8 bytes, usb_main.o(.text.osalSysUnlock))
<BR><BR>[Stack]<UL><LI>Max Depth = 16<LI>Call Chain = osalSysUnlock &rArr; chSysUnlock
</UL>
<BR>[Calls]<UL><LI><a href="#[101]">&gt;&gt;</a>&nbsp;&nbsp;&nbsp;chSysUnlock
</UL>
<BR>[Called By]<UL><LI><a href="#[29a]">&gt;&gt;</a>&nbsp;&nbsp;&nbsp;send_report
</UL>

<P><STRONG><a name="[24d]"></a>osalThreadSuspendTimeoutS</STRONG> (Thumb, 20 bytes, Stack size 16 bytes, usb_main.o(.text.osalThreadSuspendTimeoutS))
<BR><BR>[Stack]<UL><LI>Max Depth = 180<LI>Call Chain = osalThreadSuspendTimeoutS &rArr; chThdSuspendTimeoutS &rArr; chSchGoSleepTimeoutS &rArr; chVTDoSetI &rArr; vt_enqueue &rArr; ch_dlist_insert &rArr; ch_dlist_insert_before
</UL>
<BR>[Calls]<UL><LI><a href="#[120]">&gt;&gt;</a>&nbsp;&nbsp;&nbsp;chThdSuspendTimeoutS
</UL>
<BR>[Called By]<UL><LI><a href="#[29a]">&gt;&gt;</a>&nbsp;&nbsp;&nbsp;send_report
</UL>

<P><STRONG><a name="[e4]"></a>chSysLock</STRONG> (Thumb, 8 bytes, Stack size 8 bytes, usb_main.o(.text.chSysLock))
<BR><BR>[Stack]<UL><LI>Max Depth = 12<LI>Call Chain = chSysLock &rArr; port_lock
</UL>
<BR>[Calls]<UL><LI><a href="#[e5]">&gt;&gt;</a>&nbsp;&nbsp;&nbsp;port_lock
</UL>
<BR>[Called By]<UL><LI><a href="#[247]">&gt;&gt;</a>&nbsp;&nbsp;&nbsp;osalSysLock
</UL>

<P><STRONG><a name="[101]"></a>chSysUnlock</STRONG> (Thumb, 12 bytes, Stack size 8 bytes, usb_main.o(.text.chSysUnlock))
<BR><BR>[Stack]<UL><LI>Max Depth = 8<LI>Call Chain = chSysUnlock
</UL>
<BR>[Calls]<UL><LI><a href="#[102]">&gt;&gt;</a>&nbsp;&nbsp;&nbsp;port_unlock
</UL>
<BR>[Called By]<UL><LI><a href="#[24a]">&gt;&gt;</a>&nbsp;&nbsp;&nbsp;osalSysUnlock
</UL>

<P><STRONG><a name="[40]"></a>usb_event_cb</STRONG> (Thumb, 372 bytes, Stack size 40 bytes, usb_main.o(.text.usb_event_cb))
<BR><BR>[Stack]<UL><LI>Max Depth = 188<LI>Call Chain = usb_event_cb &rArr; qmkusbConfigureHookI &rArr; qmkusb_start_receive &rArr; usbStartReceiveI &rArr; usb_lld_start_out &rArr; usbd_ep_start_read &rArr; musb_set_active_ep
</UL>
<BR>[Calls]<UL><LI><a href="#[2aa]">&gt;&gt;</a>&nbsp;&nbsp;&nbsp;usbInitEndpointI
<LI><a href="#[f1]">&gt;&gt;</a>&nbsp;&nbsp;&nbsp;chSysLockFromISR
<LI><a href="#[2b6]">&gt;&gt;</a>&nbsp;&nbsp;&nbsp;usb_event_queue_enqueue
<LI><a href="#[1ac]">&gt;&gt;</a>&nbsp;&nbsp;&nbsp;osalSysUnlockFromISR
<LI><a href="#[1ab]">&gt;&gt;</a>&nbsp;&nbsp;&nbsp;osalSysLockFromISR
<LI><a href="#[28c]">&gt;&gt;</a>&nbsp;&nbsp;&nbsp;qmkusbConfigureHookI
<LI><a href="#[290]">&gt;&gt;</a>&nbsp;&nbsp;&nbsp;qmkusbWakeupHookI
<LI><a href="#[28f]">&gt;&gt;</a>&nbsp;&nbsp;&nbsp;qmkusbSuspendHookI
<LI><a href="#[10e]">&gt;&gt;</a>&nbsp;&nbsp;&nbsp;chSysUnlockFromISR
</UL>
<BR>[Address Reference Count : 1]<UL><LI> usb_main.o(.rodata.usbcfg)
</UL>
<P><STRONG><a name="[1ab]"></a>osalSysLockFromISR</STRONG> (Thumb, 8 bytes, Stack size 8 bytes, usb_main.o(.text.osalSysLockFromISR))
<BR><BR>[Stack]<UL><LI>Max Depth = 28<LI>Call Chain = osalSysLockFromISR &rArr; chSysLockFromISR &rArr; port_lock_from_isr &rArr; port_lock
</UL>
<BR>[Calls]<UL><LI><a href="#[f1]">&gt;&gt;</a>&nbsp;&nbsp;&nbsp;chSysLockFromISR
</UL>
<BR>[Called By]<UL><LI><a href="#[40]">&gt;&gt;</a>&nbsp;&nbsp;&nbsp;usb_event_cb
<LI><a href="#[43]">&gt;&gt;</a>&nbsp;&nbsp;&nbsp;usb_sof_cb
<LI><a href="#[36]">&gt;&gt;</a>&nbsp;&nbsp;&nbsp;keyboard_idle_timer_cb
<LI><a href="#[42]">&gt;&gt;</a>&nbsp;&nbsp;&nbsp;usb_requests_hook_cb
</UL>

<P><STRONG><a name="[1ac]"></a>osalSysUnlockFromISR</STRONG> (Thumb, 8 bytes, Stack size 8 bytes, usb_main.o(.text.osalSysUnlockFromISR))
<BR><BR>[Stack]<UL><LI>Max Depth = 24<LI>Call Chain = osalSysUnlockFromISR &rArr; chSysUnlockFromISR &rArr; port_unlock_from_isr
</UL>
<BR>[Calls]<UL><LI><a href="#[10e]">&gt;&gt;</a>&nbsp;&nbsp;&nbsp;chSysUnlockFromISR
</UL>
<BR>[Called By]<UL><LI><a href="#[40]">&gt;&gt;</a>&nbsp;&nbsp;&nbsp;usb_event_cb
<LI><a href="#[43]">&gt;&gt;</a>&nbsp;&nbsp;&nbsp;usb_sof_cb
<LI><a href="#[36]">&gt;&gt;</a>&nbsp;&nbsp;&nbsp;keyboard_idle_timer_cb
<LI><a href="#[42]">&gt;&gt;</a>&nbsp;&nbsp;&nbsp;usb_requests_hook_cb
</UL>

<P><STRONG><a name="[2b6]"></a>usb_event_queue_enqueue</STRONG> (Thumb, 72 bytes, Stack size 12 bytes, usb_main.o(.text.usb_event_queue_enqueue))
<BR><BR>[Stack]<UL><LI>Max Depth = 12<LI>Call Chain = usb_event_queue_enqueue
</UL>
<BR>[Called By]<UL><LI><a href="#[40]">&gt;&gt;</a>&nbsp;&nbsp;&nbsp;usb_event_cb
</UL>

<P><STRONG><a name="[f1]"></a>chSysLockFromISR</STRONG> (Thumb, 8 bytes, Stack size 8 bytes, usb_main.o(.text.chSysLockFromISR))
<BR><BR>[Stack]<UL><LI>Max Depth = 20<LI>Call Chain = chSysLockFromISR &rArr; port_lock_from_isr &rArr; port_lock
</UL>
<BR>[Calls]<UL><LI><a href="#[f2]">&gt;&gt;</a>&nbsp;&nbsp;&nbsp;port_lock_from_isr
</UL>
<BR>[Called By]<UL><LI><a href="#[1ab]">&gt;&gt;</a>&nbsp;&nbsp;&nbsp;osalSysLockFromISR
<LI><a href="#[40]">&gt;&gt;</a>&nbsp;&nbsp;&nbsp;usb_event_cb
</UL>

<P><STRONG><a name="[10e]"></a>chSysUnlockFromISR</STRONG> (Thumb, 8 bytes, Stack size 8 bytes, usb_main.o(.text.chSysUnlockFromISR))
<BR><BR>[Stack]<UL><LI>Max Depth = 16<LI>Call Chain = chSysUnlockFromISR &rArr; port_unlock_from_isr
</UL>
<BR>[Calls]<UL><LI><a href="#[10f]">&gt;&gt;</a>&nbsp;&nbsp;&nbsp;port_unlock_from_isr
</UL>
<BR>[Called By]<UL><LI><a href="#[1ac]">&gt;&gt;</a>&nbsp;&nbsp;&nbsp;osalSysUnlockFromISR
<LI><a href="#[40]">&gt;&gt;</a>&nbsp;&nbsp;&nbsp;usb_event_cb
</UL>

<P><STRONG><a name="[41]"></a>usb_get_descriptor_cb</STRONG> (Thumb, 96 bytes, Stack size 40 bytes, usb_main.o(.text.usb_get_descriptor_cb))
<BR><BR>[Stack]<UL><LI>Max Depth = 88<LI>Call Chain = usb_get_descriptor_cb &rArr; get_usb_descriptor
</UL>
<BR>[Calls]<UL><LI><a href="#[2bb]">&gt;&gt;</a>&nbsp;&nbsp;&nbsp;get_usb_descriptor
</UL>
<BR>[Address Reference Count : 1]<UL><LI> usb_main.o(.rodata.usbcfg)
</UL>
<P><STRONG><a name="[42]"></a>usb_requests_hook_cb</STRONG> (Thumb, 688 bytes, Stack size 56 bytes, usb_main.o(.text.usb_requests_hook_cb))
<BR><BR>[Stack]<UL><LI>Max Depth = 172<LI>Call Chain = usb_requests_hook_cb &rArr; chVTSetI &rArr; chVTDoSetI &rArr; vt_enqueue &rArr; ch_dlist_insert &rArr; ch_dlist_insert_before
</UL>
<BR>[Calls]<UL><LI><a href="#[1ac]">&gt;&gt;</a>&nbsp;&nbsp;&nbsp;osalSysUnlockFromISR
<LI><a href="#[1ab]">&gt;&gt;</a>&nbsp;&nbsp;&nbsp;osalSysLockFromISR
<LI><a href="#[2c7]">&gt;&gt;</a>&nbsp;&nbsp;&nbsp;qmkusbRequestsHook
<LI><a href="#[1ad]">&gt;&gt;</a>&nbsp;&nbsp;&nbsp;__aeabi_lmul
<LI><a href="#[58]">&gt;&gt;</a>&nbsp;&nbsp;&nbsp;__aeabi_uldivmod
<LI><a href="#[12b]">&gt;&gt;</a>&nbsp;&nbsp;&nbsp;chVTSetI
</UL>
<BR>[Address Reference Count : 1]<UL><LI> usb_main.o(.rodata.usbcfg)
</UL>
<P><STRONG><a name="[12b]"></a>chVTSetI</STRONG> (Thumb, 34 bytes, Stack size 24 bytes, usb_main.o(.text.chVTSetI))
<BR><BR>[Stack]<UL><LI>Max Depth = 116<LI>Call Chain = chVTSetI &rArr; chVTDoSetI &rArr; vt_enqueue &rArr; ch_dlist_insert &rArr; ch_dlist_insert_before
</UL>
<BR>[Calls]<UL><LI><a href="#[d5]">&gt;&gt;</a>&nbsp;&nbsp;&nbsp;chVTDoSetI
<LI><a href="#[125]">&gt;&gt;</a>&nbsp;&nbsp;&nbsp;chVTResetI
</UL>
<BR>[Called By]<UL><LI><a href="#[36]">&gt;&gt;</a>&nbsp;&nbsp;&nbsp;keyboard_idle_timer_cb
<LI><a href="#[42]">&gt;&gt;</a>&nbsp;&nbsp;&nbsp;usb_requests_hook_cb
</UL>

<P><STRONG><a name="[36]"></a>keyboard_idle_timer_cb</STRONG> (Thumb, 136 bytes, Stack size 24 bytes, usb_main.o(.text.keyboard_idle_timer_cb))
<BR><BR>[Stack]<UL><LI>Max Depth = 216<LI>Call Chain = keyboard_idle_timer_cb &rArr; usbStartTransmitI &rArr; usb_lld_start_in &rArr; usbd_ep_start_write &rArr; usbd_write_packet &rArr; usb_ep_in_data_avail &rArr; es_usbd_ep_tx_ready_state
</UL>
<BR>[Calls]<UL><LI><a href="#[9c]">&gt;&gt;</a>&nbsp;&nbsp;&nbsp;usbStartTransmitI
<LI><a href="#[1ac]">&gt;&gt;</a>&nbsp;&nbsp;&nbsp;osalSysUnlockFromISR
<LI><a href="#[1ab]">&gt;&gt;</a>&nbsp;&nbsp;&nbsp;osalSysLockFromISR
<LI><a href="#[1ad]">&gt;&gt;</a>&nbsp;&nbsp;&nbsp;__aeabi_lmul
<LI><a href="#[58]">&gt;&gt;</a>&nbsp;&nbsp;&nbsp;__aeabi_uldivmod
<LI><a href="#[12b]">&gt;&gt;</a>&nbsp;&nbsp;&nbsp;chVTSetI
</UL>
<BR>[Address Reference Count : 2]<UL><LI> usb_main.o(.text.usb_requests_hook_cb)
<LI> usb_main.o(.text.keyboard_idle_timer_cb)
</UL>
<P><STRONG><a name="[3b]"></a>set_led_transfer_cb</STRONG> (Thumb, 80 bytes, Stack size 12 bytes, usb_main.o(.text.set_led_transfer_cb))
<BR><BR>[Stack]<UL><LI>Max Depth = 12<LI>Call Chain = set_led_transfer_cb
</UL>
<BR>[Address Reference Count : 1]<UL><LI> usb_main.o(.text.usb_requests_hook_cb)
</UL>
<P><STRONG><a name="[43]"></a>usb_sof_cb</STRONG> (Thumb, 60 bytes, Stack size 16 bytes, usb_main.o(.text.usb_sof_cb))
<BR><BR>[Stack]<UL><LI>Max Depth = 232<LI>Call Chain = usb_sof_cb &rArr; qmkusbSOFHookI &rArr; usbStartTransmitI &rArr; usb_lld_start_in &rArr; usbd_ep_start_write &rArr; usbd_write_packet &rArr; usb_ep_in_data_avail &rArr; es_usbd_ep_tx_ready_state
</UL>
<BR>[Calls]<UL><LI><a href="#[1ac]">&gt;&gt;</a>&nbsp;&nbsp;&nbsp;osalSysUnlockFromISR
<LI><a href="#[1ab]">&gt;&gt;</a>&nbsp;&nbsp;&nbsp;osalSysLockFromISR
<LI><a href="#[28d]">&gt;&gt;</a>&nbsp;&nbsp;&nbsp;qmkusbSOFHookI
</UL>
<BR>[Address Reference Count : 1]<UL><LI> usb_main.o(.rodata.usbcfg)
</UL>
<P><STRONG><a name="[f2]"></a>port_lock_from_isr</STRONG> (Thumb, 8 bytes, Stack size 8 bytes, usb_main.o(.text.port_lock_from_isr))
<BR><BR>[Stack]<UL><LI>Max Depth = 12<LI>Call Chain = port_lock_from_isr &rArr; port_lock
</UL>
<BR>[Calls]<UL><LI><a href="#[e5]">&gt;&gt;</a>&nbsp;&nbsp;&nbsp;port_lock
</UL>
<BR>[Called By]<UL><LI><a href="#[f1]">&gt;&gt;</a>&nbsp;&nbsp;&nbsp;chSysLockFromISR
</UL>

<P><STRONG><a name="[10f]"></a>port_unlock_from_isr</STRONG> (Thumb, 8 bytes, Stack size 8 bytes, usb_main.o(.text.port_unlock_from_isr))
<BR><BR>[Stack]<UL><LI>Max Depth = 8<LI>Call Chain = port_unlock_from_isr
</UL>
<BR>[Calls]<UL><LI><a href="#[102]">&gt;&gt;</a>&nbsp;&nbsp;&nbsp;port_unlock
</UL>
<BR>[Called By]<UL><LI><a href="#[10e]">&gt;&gt;</a>&nbsp;&nbsp;&nbsp;chSysUnlockFromISR
</UL>

<P><STRONG><a name="[3f]"></a>dummy_usb_cb</STRONG> (Thumb, 12 bytes, Stack size 8 bytes, usb_main.o(.text.dummy_usb_cb))
<BR><BR>[Stack]<UL><LI>Max Depth = 8<LI>Call Chain = dummy_usb_cb
</UL>
<BR>[Address Reference Count : 1]<UL><LI> usb_main.o(.rodata.shared_ep_config)
</UL>
<P><STRONG><a name="[e5]"></a>port_lock</STRONG> (Thumb, 14 bytes, Stack size 4 bytes, usb_main.o(.text.port_lock))
<BR><BR>[Stack]<UL><LI>Max Depth = 4<LI>Call Chain = port_lock
</UL>
<BR>[Called By]<UL><LI><a href="#[e4]">&gt;&gt;</a>&nbsp;&nbsp;&nbsp;chSysLock
<LI><a href="#[f2]">&gt;&gt;</a>&nbsp;&nbsp;&nbsp;port_lock_from_isr
</UL>

<P><STRONG><a name="[102]"></a>port_unlock</STRONG> (Thumb, 4 bytes, Stack size 0 bytes, usb_main.o(.text.port_unlock))
<BR><BR>[Called By]<UL><LI><a href="#[101]">&gt;&gt;</a>&nbsp;&nbsp;&nbsp;chSysUnlock
<LI><a href="#[10f]">&gt;&gt;</a>&nbsp;&nbsp;&nbsp;port_unlock_from_isr
</UL>

<P><STRONG><a name="[125]"></a>chVTResetI</STRONG> (Thumb, 30 bytes, Stack size 16 bytes, usb_main.o(.text.chVTResetI))
<BR><BR>[Stack]<UL><LI>Max Depth = 36<LI>Call Chain = chVTResetI &rArr; chVTDoResetI &rArr; ch_dlist_dequeue
</UL>
<BR>[Calls]<UL><LI><a href="#[d7]">&gt;&gt;</a>&nbsp;&nbsp;&nbsp;chVTDoResetI
<LI><a href="#[126]">&gt;&gt;</a>&nbsp;&nbsp;&nbsp;chVTIsArmedI
</UL>
<BR>[Called By]<UL><LI><a href="#[12b]">&gt;&gt;</a>&nbsp;&nbsp;&nbsp;chVTSetI
</UL>

<P><STRONG><a name="[126]"></a>chVTIsArmedI</STRONG> (Thumb, 16 bytes, Stack size 4 bytes, usb_main.o(.text.chVTIsArmedI))
<BR><BR>[Stack]<UL><LI>Max Depth = 4<LI>Call Chain = chVTIsArmedI
</UL>
<BR>[Called By]<UL><LI><a href="#[125]">&gt;&gt;</a>&nbsp;&nbsp;&nbsp;chVTResetI
</UL>

<P><STRONG><a name="[2a6]"></a>chVTObjectInit</STRONG> (Thumb, 14 bytes, Stack size 4 bytes, timer.o(.text.chVTObjectInit))
<BR><BR>[Stack]<UL><LI>Max Depth = 4<LI>Call Chain = chVTObjectInit
</UL>
<BR>[Called By]<UL><LI><a href="#[1af]">&gt;&gt;</a>&nbsp;&nbsp;&nbsp;timer_init
</UL>

<P><STRONG><a name="[129]"></a>chVTSet</STRONG> (Thumb, 36 bytes, Stack size 24 bytes, timer.o(.text.chVTSet))
<BR><BR>[Stack]<UL><LI>Max Depth = 140<LI>Call Chain = chVTSet &rArr; chVTSetI &rArr; chVTDoSetI &rArr; vt_enqueue &rArr; ch_dlist_insert &rArr; ch_dlist_insert_before
</UL>
<BR>[Calls]<UL><LI><a href="#[12a]">&gt;&gt;</a>&nbsp;&nbsp;&nbsp;chVTSetI
<LI><a href="#[103]">&gt;&gt;</a>&nbsp;&nbsp;&nbsp;chSysUnlock
<LI><a href="#[e6]">&gt;&gt;</a>&nbsp;&nbsp;&nbsp;chSysLock
</UL>
<BR>[Called By]<UL><LI><a href="#[1af]">&gt;&gt;</a>&nbsp;&nbsp;&nbsp;timer_init
</UL>

<P><STRONG><a name="[3a]"></a>update_fn</STRONG> (Thumb, 40 bytes, Stack size 16 bytes, timer.o(.text.update_fn))
<BR><BR>[Stack]<UL><LI>Max Depth = 132<LI>Call Chain = update_fn &rArr; chVTSetI &rArr; chVTDoSetI &rArr; vt_enqueue &rArr; ch_dlist_insert &rArr; ch_dlist_insert_before
</UL>
<BR>[Calls]<UL><LI><a href="#[110]">&gt;&gt;</a>&nbsp;&nbsp;&nbsp;chSysUnlockFromISR
<LI><a href="#[f3]">&gt;&gt;</a>&nbsp;&nbsp;&nbsp;chSysLockFromISR
<LI><a href="#[12a]">&gt;&gt;</a>&nbsp;&nbsp;&nbsp;chVTSetI
<LI><a href="#[17b]">&gt;&gt;</a>&nbsp;&nbsp;&nbsp;get_system_time_ticks
</UL>
<BR>[Address Reference Count : 1]<UL><LI> timer.o(.text.update_fn)
</UL>
<P><STRONG><a name="[e6]"></a>chSysLock</STRONG> (Thumb, 8 bytes, Stack size 8 bytes, timer.o(.text.chSysLock))
<BR><BR>[Stack]<UL><LI>Max Depth = 12<LI>Call Chain = chSysLock &rArr; port_lock
</UL>
<BR>[Calls]<UL><LI><a href="#[e7]">&gt;&gt;</a>&nbsp;&nbsp;&nbsp;port_lock
</UL>
<BR>[Called By]<UL><LI><a href="#[1c0]">&gt;&gt;</a>&nbsp;&nbsp;&nbsp;timer_read32
<LI><a href="#[2a4]">&gt;&gt;</a>&nbsp;&nbsp;&nbsp;timer_clear
<LI><a href="#[129]">&gt;&gt;</a>&nbsp;&nbsp;&nbsp;chVTSet
</UL>

<P><STRONG><a name="[17b]"></a>get_system_time_ticks</STRONG> (Thumb, 60 bytes, Stack size 16 bytes, timer.o(.text.get_system_time_ticks))
<BR><BR>[Stack]<UL><LI>Max Depth = 16<LI>Call Chain = get_system_time_ticks
</UL>
<BR>[Calls]<UL><LI><a href="#[17c]">&gt;&gt;</a>&nbsp;&nbsp;&nbsp;chVTGetSystemTimeX
</UL>
<BR>[Called By]<UL><LI><a href="#[1c0]">&gt;&gt;</a>&nbsp;&nbsp;&nbsp;timer_read32
<LI><a href="#[2a4]">&gt;&gt;</a>&nbsp;&nbsp;&nbsp;timer_clear
<LI><a href="#[3a]">&gt;&gt;</a>&nbsp;&nbsp;&nbsp;update_fn
</UL>

<P><STRONG><a name="[103]"></a>chSysUnlock</STRONG> (Thumb, 12 bytes, Stack size 8 bytes, timer.o(.text.chSysUnlock))
<BR><BR>[Stack]<UL><LI>Max Depth = 8<LI>Call Chain = chSysUnlock
</UL>
<BR>[Calls]<UL><LI><a href="#[104]">&gt;&gt;</a>&nbsp;&nbsp;&nbsp;port_unlock
</UL>
<BR>[Called By]<UL><LI><a href="#[1c0]">&gt;&gt;</a>&nbsp;&nbsp;&nbsp;timer_read32
<LI><a href="#[2a4]">&gt;&gt;</a>&nbsp;&nbsp;&nbsp;timer_clear
<LI><a href="#[129]">&gt;&gt;</a>&nbsp;&nbsp;&nbsp;chVTSet
</UL>

<P><STRONG><a name="[12a]"></a>chVTSetI</STRONG> (Thumb, 34 bytes, Stack size 24 bytes, timer.o(.text.chVTSetI))
<BR><BR>[Stack]<UL><LI>Max Depth = 116<LI>Call Chain = chVTSetI &rArr; chVTDoSetI &rArr; vt_enqueue &rArr; ch_dlist_insert &rArr; ch_dlist_insert_before
</UL>
<BR>[Calls]<UL><LI><a href="#[d5]">&gt;&gt;</a>&nbsp;&nbsp;&nbsp;chVTDoSetI
<LI><a href="#[127]">&gt;&gt;</a>&nbsp;&nbsp;&nbsp;chVTResetI
</UL>
<BR>[Called By]<UL><LI><a href="#[3a]">&gt;&gt;</a>&nbsp;&nbsp;&nbsp;update_fn
<LI><a href="#[129]">&gt;&gt;</a>&nbsp;&nbsp;&nbsp;chVTSet
</UL>

<P><STRONG><a name="[f3]"></a>chSysLockFromISR</STRONG> (Thumb, 8 bytes, Stack size 8 bytes, timer.o(.text.chSysLockFromISR))
<BR><BR>[Stack]<UL><LI>Max Depth = 20<LI>Call Chain = chSysLockFromISR &rArr; port_lock_from_isr &rArr; port_lock
</UL>
<BR>[Calls]<UL><LI><a href="#[f4]">&gt;&gt;</a>&nbsp;&nbsp;&nbsp;port_lock_from_isr
</UL>
<BR>[Called By]<UL><LI><a href="#[3a]">&gt;&gt;</a>&nbsp;&nbsp;&nbsp;update_fn
</UL>

<P><STRONG><a name="[110]"></a>chSysUnlockFromISR</STRONG> (Thumb, 8 bytes, Stack size 8 bytes, timer.o(.text.chSysUnlockFromISR))
<BR><BR>[Stack]<UL><LI>Max Depth = 16<LI>Call Chain = chSysUnlockFromISR &rArr; port_unlock_from_isr
</UL>
<BR>[Calls]<UL><LI><a href="#[111]">&gt;&gt;</a>&nbsp;&nbsp;&nbsp;port_unlock_from_isr
</UL>
<BR>[Called By]<UL><LI><a href="#[3a]">&gt;&gt;</a>&nbsp;&nbsp;&nbsp;update_fn
</UL>

<P><STRONG><a name="[e7]"></a>port_lock</STRONG> (Thumb, 14 bytes, Stack size 4 bytes, timer.o(.text.port_lock))
<BR><BR>[Stack]<UL><LI>Max Depth = 4<LI>Call Chain = port_lock
</UL>
<BR>[Called By]<UL><LI><a href="#[f4]">&gt;&gt;</a>&nbsp;&nbsp;&nbsp;port_lock_from_isr
<LI><a href="#[e6]">&gt;&gt;</a>&nbsp;&nbsp;&nbsp;chSysLock
</UL>

<P><STRONG><a name="[17c]"></a>chVTGetSystemTimeX</STRONG> (Thumb, 8 bytes, Stack size 0 bytes, timer.o(.text.chVTGetSystemTimeX))
<BR><BR>[Called By]<UL><LI><a href="#[17b]">&gt;&gt;</a>&nbsp;&nbsp;&nbsp;get_system_time_ticks
</UL>

<P><STRONG><a name="[104]"></a>port_unlock</STRONG> (Thumb, 4 bytes, Stack size 0 bytes, timer.o(.text.port_unlock))
<BR><BR>[Called By]<UL><LI><a href="#[111]">&gt;&gt;</a>&nbsp;&nbsp;&nbsp;port_unlock_from_isr
<LI><a href="#[103]">&gt;&gt;</a>&nbsp;&nbsp;&nbsp;chSysUnlock
</UL>

<P><STRONG><a name="[127]"></a>chVTResetI</STRONG> (Thumb, 30 bytes, Stack size 16 bytes, timer.o(.text.chVTResetI))
<BR><BR>[Stack]<UL><LI>Max Depth = 36<LI>Call Chain = chVTResetI &rArr; chVTDoResetI &rArr; ch_dlist_dequeue
</UL>
<BR>[Calls]<UL><LI><a href="#[d7]">&gt;&gt;</a>&nbsp;&nbsp;&nbsp;chVTDoResetI
<LI><a href="#[128]">&gt;&gt;</a>&nbsp;&nbsp;&nbsp;chVTIsArmedI
</UL>
<BR>[Called By]<UL><LI><a href="#[12a]">&gt;&gt;</a>&nbsp;&nbsp;&nbsp;chVTSetI
</UL>

<P><STRONG><a name="[128]"></a>chVTIsArmedI</STRONG> (Thumb, 16 bytes, Stack size 4 bytes, timer.o(.text.chVTIsArmedI))
<BR><BR>[Stack]<UL><LI>Max Depth = 4<LI>Call Chain = chVTIsArmedI
</UL>
<BR>[Called By]<UL><LI><a href="#[127]">&gt;&gt;</a>&nbsp;&nbsp;&nbsp;chVTResetI
</UL>

<P><STRONG><a name="[f4]"></a>port_lock_from_isr</STRONG> (Thumb, 8 bytes, Stack size 8 bytes, timer.o(.text.port_lock_from_isr))
<BR><BR>[Stack]<UL><LI>Max Depth = 12<LI>Call Chain = port_lock_from_isr &rArr; port_lock
</UL>
<BR>[Calls]<UL><LI><a href="#[e7]">&gt;&gt;</a>&nbsp;&nbsp;&nbsp;port_lock
</UL>
<BR>[Called By]<UL><LI><a href="#[f3]">&gt;&gt;</a>&nbsp;&nbsp;&nbsp;chSysLockFromISR
</UL>

<P><STRONG><a name="[111]"></a>port_unlock_from_isr</STRONG> (Thumb, 8 bytes, Stack size 8 bytes, timer.o(.text.port_unlock_from_isr))
<BR><BR>[Stack]<UL><LI>Max Depth = 8<LI>Call Chain = port_unlock_from_isr
</UL>
<BR>[Calls]<UL><LI><a href="#[104]">&gt;&gt;</a>&nbsp;&nbsp;&nbsp;port_unlock
</UL>
<BR>[Called By]<UL><LI><a href="#[110]">&gt;&gt;</a>&nbsp;&nbsp;&nbsp;chSysUnlockFromISR
</UL>
<P>
<H3>
Undefined Global Symbols
</H3><HR></body></html>
