<!doctype html public "-//w3c//dtd html 4.0 transitional//en">
<html><head>
<title>Static Call Graph - [Objects\essemi_es32f0283.axf]</title></head>
<body><HR>
<H1>Static Call Graph for image Objects\essemi_es32f0283.axf</H1><HR>
<BR><P>#&#060CALLGRAPH&#062# ARM Linker, 6180002: Last Updated: Tue Feb 20 10:56:00 2024
<BR><P>
<H3>Maximum Stack Usage =        424 bytes + Unknown(Functions without stacksize, Cycles, Untraceable Function Pointers)</H3><H3>
Call chain for Maximum Stack Depth:</H3>
main &rArr; protocol_task &rArr; keyboard_task &rArr; action_exec &rArr; action_tapping_process &rArr; process_tapping &rArr; waiting_buffer_scan_tap &rArr; process_record &rArr; process_record_quantum &rArr; process_record_via &rArr; dynamic_keymap_macro_send &rArr; send_string_with_delay &rArr; send_char &rArr; tap_code &rArr; tap_code_delay &rArr; chThdSleep &rArr; chSchGoSleepTimeoutS &rArr; chVTDoSetI &rArr; vt_enqueue
<P>
<H3>
Functions with no stack information
</H3><UL>
 <LI><a href="#[3b]">__port_exit_from_isr</a>
</UL>
</UL>
<P>
<H3>
Mutually Recursive functions
</H3> <LI><a href="#[169]">process_action</a>&nbsp;&nbsp;&nbsp;&rArr;&nbsp;&nbsp;&nbsp;<a href="#[174]">process_record</a><BR>
 <LI><a href="#[3c]">__idle_thread</a>&nbsp;&nbsp;&nbsp;&rArr;&nbsp;&nbsp;&nbsp;<a href="#[3c]">__idle_thread</a><BR>
</UL>
<P>
<H3>
Function Pointers
</H3><UL>
 <LI><a href="#[d]">BusFault_Handler</a> from vectors_1.o(.text) referenced from vectors_1.o(RESET)
 <LI><a href="#[14]">DebugMon_Handler</a> from vectors_1.o(.text) referenced from vectors_1.o(RESET)
 <LI><a href="#[b]">HardFault_Handler</a> from hal_lld.o(.text.HardFault_Handler) referenced from vectors_1.o(RESET)
 <LI><a href="#[c]">MemManage_Handler</a> from vectors_1.o(.text) referenced from vectors_1.o(RESET)
 <LI><a href="#[a]">NMI_Handler</a> from chcore.o(.text.NMI_Handler) referenced from vectors_1.o(RESET)
 <LI><a href="#[16]">PendSV_Handler</a> from vectors_1.o(.text) referenced from vectors_1.o(RESET)
 <LI><a href="#[9]">Reset_Handler</a> from cstartup_1.o(.text) referenced from vectors_1.o(RESET)
 <LI><a href="#[13]">SVC_Handler</a> from vectors_1.o(.text) referenced from vectors_1.o(RESET)
 <LI><a href="#[17]">SysTick_Handler</a> from hal_st_lld.o(.text.SysTick_Handler) referenced from vectors_1.o(RESET)
 <LI><a href="#[e]">UsageFault_Handler</a> from vectors_1.o(.text) referenced from vectors_1.o(RESET)
 <LI><a href="#[f]">Vector1C</a> from vectors_1.o(.text) referenced from vectors_1.o(RESET)
 <LI><a href="#[10]">Vector20</a> from vectors_1.o(.text) referenced from vectors_1.o(RESET)
 <LI><a href="#[11]">Vector24</a> from vectors_1.o(.text) referenced from vectors_1.o(RESET)
 <LI><a href="#[12]">Vector28</a> from vectors_1.o(.text) referenced from vectors_1.o(RESET)
 <LI><a href="#[15]">Vector34</a> from vectors_1.o(.text) referenced from vectors_1.o(RESET)
 <LI><a href="#[18]">Vector40</a> from vectors_1.o(.text) referenced from vectors_1.o(RESET)
 <LI><a href="#[19]">Vector44</a> from vectors_1.o(.text) referenced from vectors_1.o(RESET)
 <LI><a href="#[1a]">Vector48</a> from vectors_1.o(.text) referenced from vectors_1.o(RESET)
 <LI><a href="#[1b]">Vector4C</a> from vectors_1.o(.text) referenced from vectors_1.o(RESET)
 <LI><a href="#[1c]">Vector50</a> from vectors_1.o(.text) referenced from vectors_1.o(RESET)
 <LI><a href="#[1d]">Vector54</a> from vectors_1.o(.text) referenced from vectors_1.o(RESET)
 <LI><a href="#[1e]">Vector58</a> from vectors_1.o(.text) referenced from vectors_1.o(RESET)
 <LI><a href="#[1f]">Vector5C</a> from vectors_1.o(.text) referenced from vectors_1.o(RESET)
 <LI><a href="#[20]">Vector60</a> from vectors_1.o(.text) referenced from vectors_1.o(RESET)
 <LI><a href="#[21]">Vector64</a> from vectors_1.o(.text) referenced from vectors_1.o(RESET)
 <LI><a href="#[22]">Vector68</a> from vectors_1.o(.text) referenced from vectors_1.o(RESET)
 <LI><a href="#[23]">Vector6C</a> from vectors_1.o(.text) referenced from vectors_1.o(RESET)
 <LI><a href="#[24]">Vector70</a> from vectors_1.o(.text) referenced from vectors_1.o(RESET)
 <LI><a href="#[25]">Vector74</a> from vectors_1.o(.text) referenced from vectors_1.o(RESET)
 <LI><a href="#[26]">Vector78</a> from vectors_1.o(.text) referenced from vectors_1.o(RESET)
 <LI><a href="#[27]">Vector7C</a> from vectors_1.o(.text) referenced from vectors_1.o(RESET)
 <LI><a href="#[28]">Vector80</a> from vectors_1.o(.text) referenced from vectors_1.o(RESET)
 <LI><a href="#[29]">Vector84</a> from vectors_1.o(.text) referenced from vectors_1.o(RESET)
 <LI><a href="#[2a]">Vector88</a> from vectors_1.o(.text) referenced from vectors_1.o(RESET)
 <LI><a href="#[2b]">Vector8C</a> from vectors_1.o(.text) referenced from vectors_1.o(RESET)
 <LI><a href="#[2c]">Vector90</a> from vectors_1.o(.text) referenced from vectors_1.o(RESET)
 <LI><a href="#[2d]">Vector94</a> from vectors_1.o(.text) referenced from vectors_1.o(RESET)
 <LI><a href="#[2e]">Vector98</a> from vectors_1.o(.text) referenced from vectors_1.o(RESET)
 <LI><a href="#[2f]">Vector9C</a> from vectors_1.o(.text) referenced from vectors_1.o(RESET)
 <LI><a href="#[30]">VectorA0</a> from vectors_1.o(.text) referenced from vectors_1.o(RESET)
 <LI><a href="#[31]">VectorA4</a> from vectors_1.o(.text) referenced from vectors_1.o(RESET)
 <LI><a href="#[32]">VectorA8</a> from vectors_1.o(.text) referenced from vectors_1.o(RESET)
 <LI><a href="#[33]">VectorAC</a> from vectors_1.o(.text) referenced from vectors_1.o(RESET)
 <LI><a href="#[34]">VectorB0</a> from vectors_1.o(.text) referenced from vectors_1.o(RESET)
 <LI><a href="#[35]">VectorB4</a> from vectors_1.o(.text) referenced from vectors_1.o(RESET)
 <LI><a href="#[36]">VectorB8</a> from vectors_1.o(.text) referenced from vectors_1.o(RESET)
 <LI><a href="#[37]">VectorBC</a> from hal_usb_lld.o(.text.VectorBC) referenced from vectors_1.o(RESET)
 <LI><a href="#[3c]">__idle_thread</a> from chinstances.o(.text.__idle_thread) referenced from chinstances.o(.text.chInstanceObjectInit)
 <LI><a href="#[39]">__main</a> from entry.o(.ARM.Collect$$$$00000000) referenced from cstartup_1.o(.text)
 <LI><a href="#[3b]">__port_exit_from_isr</a> from chcoreasm_1.o(.text) referenced from chcore.o(.text.__port_irq_epilogue)
 <LI><a href="#[3a]">__port_switch_from_isr</a> from chcoreasm_1.o(.text) referenced from chcore.o(.text.__port_irq_epilogue)
 <LI><a href="#[3e]">__port_thread_start</a> from chcoreasm_1.o(.text) referenced from chthreads.o(.text.chThdCreateSuspendedI)
 <LI><a href="#[3d]">__sch_wakeup</a> from chschd.o(.text.__sch_wakeup) referenced from chschd.o(.text.chSchGoSleepTimeoutS)
 <LI><a href="#[50]">_get</a> from usb_driver.o(.text._get) referenced from usb_driver.o(.rodata.vmt)
 <LI><a href="#[52]">_gett</a> from usb_driver.o(.text._gett) referenced from usb_driver.o(.rodata.vmt)
 <LI><a href="#[4f]">_put</a> from usb_driver.o(.text._put) referenced from usb_driver.o(.rodata.vmt)
 <LI><a href="#[51]">_putt</a> from usb_driver.o(.text._putt) referenced from usb_driver.o(.rodata.vmt)
 <LI><a href="#[4e]">_read</a> from usb_driver.o(.text._read) referenced from usb_driver.o(.rodata.vmt)
 <LI><a href="#[54]">_readt</a> from usb_driver.o(.text._readt) referenced from usb_driver.o(.rodata.vmt)
 <LI><a href="#[46]">_usb_ep0in</a> from hal_usb.o(.text._usb_ep0in) referenced from hal_usb_lld.o(.rodata.ep0config)
 <LI><a href="#[47]">_usb_ep0out</a> from hal_usb.o(.text._usb_ep0out) referenced from hal_usb_lld.o(.rodata.ep0config)
 <LI><a href="#[45]">_usb_ep0setup</a> from hal_usb.o(.text._usb_ep0setup) referenced from hal_usb_lld.o(.rodata.ep0config)
 <LI><a href="#[4d]">_write</a> from usb_driver.o(.text._write) referenced from usb_driver.o(.rodata.vmt)
 <LI><a href="#[53]">_writet</a> from usb_driver.o(.text._writet) referenced from usb_driver.o(.rodata.vmt)
 <LI><a href="#[48]">dummy_usb_cb</a> from usb_main.o(.text.dummy_usb_cb) referenced from usb_main.o(.rodata.shared_ep_config)
 <LI><a href="#[41]">ibnotify</a> from usb_driver.o(.text.ibnotify) referenced from usb_driver.o(.text.qmkusbObjectInit)
 <LI><a href="#[3f]">keyboard_idle_timer_cb</a> from usb_main.o(.text.keyboard_idle_timer_cb) referenced from usb_main.o(.text.chVTSetI)
 <LI><a href="#[3f]">keyboard_idle_timer_cb</a> from usb_main.o(.text.keyboard_idle_timer_cb) referenced from usb_main.o(.text.keyboard_idle_timer_cb)
 <LI><a href="#[3f]">keyboard_idle_timer_cb</a> from usb_main.o(.text.keyboard_idle_timer_cb) referenced from usb_main.o(.text.usb_requests_hook_cb)
 <LI><a href="#[0]">keyboard_leds</a> from usb_main.o(.text.keyboard_leds) referenced 2 times from chibios.o(.data.chibios_driver)
 <LI><a href="#[38]">main</a> from main.o(.text.main) referenced from entry9a.o(.ARM.Collect$$$$0000000B)
 <LI><a href="#[8]">null_sendchar_func</a> from print.o(.text.null_sendchar_func) referenced 2 times from print.o(.data.func)
 <LI><a href="#[42]">obnotify</a> from usb_driver.o(.text.obnotify) referenced from usb_driver.o(.text.qmkusbObjectInit)
 <LI><a href="#[6]">qmkusbDataReceived</a> from usb_driver.o(.text.qmkusbDataReceived) referenced 2 times from usb_main.o(.data.drivers)
 <LI><a href="#[5]">qmkusbDataTransmitted</a> from usb_driver.o(.text.qmkusbDataTransmitted) referenced 2 times from usb_main.o(.data.drivers)
 <LI><a href="#[7]">qmkusbInterruptTransmitted</a> from usb_driver.o(.text.qmkusbInterruptTransmitted) referenced 2 times from usb_main.o(.data.drivers)
 <LI><a href="#[4]">send_extra</a> from usb_main.o(.text.send_extra) referenced 2 times from chibios.o(.data.chibios_driver)
 <LI><a href="#[1]">send_keyboard</a> from usb_main.o(.text.send_keyboard) referenced 2 times from chibios.o(.data.chibios_driver)
 <LI><a href="#[3]">send_mouse</a> from usb_main.o(.text.send_mouse) referenced 2 times from chibios.o(.data.chibios_driver)
 <LI><a href="#[2]">send_nkro</a> from usb_main.o(.text.send_nkro) referenced 2 times from chibios.o(.data.chibios_driver)
 <LI><a href="#[40]">sendchar</a> from sendchar.o(.text.sendchar) referenced from keyboard.o(.text.keyboard_setup)
 <LI><a href="#[44]">set_led_transfer_cb</a> from usb_main.o(.text.set_led_transfer_cb) referenced from usb_main.o(.text.usb_requests_hook_cb)
 <LI><a href="#[43]">update_fn</a> from timer.o(.text.update_fn) referenced from timer.o(.text.update_fn)
 <LI><a href="#[49]">usb_event_cb</a> from usb_main.o(.text.usb_event_cb) referenced from usb_main.o(.rodata.usbcfg)
 <LI><a href="#[4a]">usb_get_descriptor_cb</a> from usb_main.o(.text.usb_get_descriptor_cb) referenced from usb_main.o(.rodata.usbcfg)
 <LI><a href="#[4b]">usb_requests_hook_cb</a> from usb_main.o(.text.usb_requests_hook_cb) referenced from usb_main.o(.rodata.usbcfg)
 <LI><a href="#[4c]">usb_sof_cb</a> from usb_main.o(.text.usb_sof_cb) referenced from usb_main.o(.rodata.usbcfg)
</UL>
<P>
<H3>
Global Symbols
</H3>
<P><STRONG><a name="[39]"></a>__main</STRONG> (Thumb, 0 bytes, Stack size unknown bytes, entry.o(.ARM.Collect$$$$00000000))
<BR>[Address Reference Count : 1]<UL><LI> cstartup_1.o(.text)
</UL>
<P><STRONG><a name="[1da]"></a>_main_stk</STRONG> (Thumb, 0 bytes, Stack size unknown bytes, entry2.o(.ARM.Collect$$$$00000001))

<P><STRONG><a name="[55]"></a>_main_scatterload</STRONG> (Thumb, 0 bytes, Stack size unknown bytes, entry5.o(.ARM.Collect$$$$00000004))
<BR><BR>[Calls]<UL><LI><a href="#[56]">&gt;&gt;</a>&nbsp;&nbsp;&nbsp;__scatterload
</UL>

<P><STRONG><a name="[6d]"></a>__main_after_scatterload</STRONG> (Thumb, 0 bytes, Stack size unknown bytes, entry5.o(.ARM.Collect$$$$00000004))
<BR><BR>[Called By]<UL><LI><a href="#[56]">&gt;&gt;</a>&nbsp;&nbsp;&nbsp;__scatterload
</UL>

<P><STRONG><a name="[1db]"></a>_main_clock</STRONG> (Thumb, 0 bytes, Stack size unknown bytes, entry7b.o(.ARM.Collect$$$$00000008))

<P><STRONG><a name="[1dc]"></a>_main_cpp_init</STRONG> (Thumb, 0 bytes, Stack size unknown bytes, entry8b.o(.ARM.Collect$$$$0000000A))

<P><STRONG><a name="[1dd]"></a>_main_init</STRONG> (Thumb, 0 bytes, Stack size unknown bytes, entry9a.o(.ARM.Collect$$$$0000000B))

<P><STRONG><a name="[1de]"></a>__rt_final_cpp</STRONG> (Thumb, 0 bytes, Stack size unknown bytes, entry10a.o(.ARM.Collect$$$$0000000D))

<P><STRONG><a name="[1df]"></a>__rt_final_exit</STRONG> (Thumb, 0 bytes, Stack size unknown bytes, entry11a.o(.ARM.Collect$$$$0000000F))

<P><STRONG><a name="[9]"></a>Reset_Handler</STRONG> (Thumb, 26 bytes, Stack size 0 bytes, cstartup_1.o(.text))
<BR><BR>[Stack]<UL><LI>Max Depth = 8<LI>Call Chain = Reset_Handler &rArr; __early_init
</UL>
<BR>[Calls]<UL><LI><a href="#[57]">&gt;&gt;</a>&nbsp;&nbsp;&nbsp;__early_init
</UL>
<BR>[Address Reference Count : 1]<UL><LI> vectors_1.o(RESET)
</UL>
<P><STRONG><a name="[d]"></a>BusFault_Handler</STRONG> (Thumb, 0 bytes, Stack size 0 bytes, vectors_1.o(.text))
<BR>[Address Reference Count : 1]<UL><LI> vectors_1.o(RESET)
</UL>
<P><STRONG><a name="[14]"></a>DebugMon_Handler</STRONG> (Thumb, 0 bytes, Stack size 0 bytes, vectors_1.o(.text))
<BR>[Address Reference Count : 1]<UL><LI> vectors_1.o(RESET)
</UL>
<P><STRONG><a name="[c]"></a>MemManage_Handler</STRONG> (Thumb, 0 bytes, Stack size 0 bytes, vectors_1.o(.text))
<BR>[Address Reference Count : 1]<UL><LI> vectors_1.o(RESET)
</UL>
<P><STRONG><a name="[16]"></a>PendSV_Handler</STRONG> (Thumb, 0 bytes, Stack size 0 bytes, vectors_1.o(.text))
<BR>[Address Reference Count : 1]<UL><LI> vectors_1.o(RESET)
</UL>
<P><STRONG><a name="[13]"></a>SVC_Handler</STRONG> (Thumb, 0 bytes, Stack size 0 bytes, vectors_1.o(.text))
<BR>[Address Reference Count : 1]<UL><LI> vectors_1.o(RESET)
</UL>
<P><STRONG><a name="[e]"></a>UsageFault_Handler</STRONG> (Thumb, 0 bytes, Stack size 0 bytes, vectors_1.o(.text))
<BR>[Address Reference Count : 1]<UL><LI> vectors_1.o(RESET)
</UL>
<P><STRONG><a name="[f]"></a>Vector1C</STRONG> (Thumb, 0 bytes, Stack size 0 bytes, vectors_1.o(.text))
<BR>[Address Reference Count : 1]<UL><LI> vectors_1.o(RESET)
</UL>
<P><STRONG><a name="[10]"></a>Vector20</STRONG> (Thumb, 0 bytes, Stack size 0 bytes, vectors_1.o(.text))
<BR>[Address Reference Count : 1]<UL><LI> vectors_1.o(RESET)
</UL>
<P><STRONG><a name="[11]"></a>Vector24</STRONG> (Thumb, 0 bytes, Stack size 0 bytes, vectors_1.o(.text))
<BR>[Address Reference Count : 1]<UL><LI> vectors_1.o(RESET)
</UL>
<P><STRONG><a name="[12]"></a>Vector28</STRONG> (Thumb, 0 bytes, Stack size 0 bytes, vectors_1.o(.text))
<BR>[Address Reference Count : 1]<UL><LI> vectors_1.o(RESET)
</UL>
<P><STRONG><a name="[15]"></a>Vector34</STRONG> (Thumb, 0 bytes, Stack size 0 bytes, vectors_1.o(.text))
<BR>[Address Reference Count : 1]<UL><LI> vectors_1.o(RESET)
</UL>
<P><STRONG><a name="[18]"></a>Vector40</STRONG> (Thumb, 0 bytes, Stack size 0 bytes, vectors_1.o(.text))
<BR>[Address Reference Count : 1]<UL><LI> vectors_1.o(RESET)
</UL>
<P><STRONG><a name="[19]"></a>Vector44</STRONG> (Thumb, 0 bytes, Stack size 0 bytes, vectors_1.o(.text))
<BR>[Address Reference Count : 1]<UL><LI> vectors_1.o(RESET)
</UL>
<P><STRONG><a name="[1a]"></a>Vector48</STRONG> (Thumb, 0 bytes, Stack size 0 bytes, vectors_1.o(.text))
<BR>[Address Reference Count : 1]<UL><LI> vectors_1.o(RESET)
</UL>
<P><STRONG><a name="[1b]"></a>Vector4C</STRONG> (Thumb, 0 bytes, Stack size 0 bytes, vectors_1.o(.text))
<BR>[Address Reference Count : 1]<UL><LI> vectors_1.o(RESET)
</UL>
<P><STRONG><a name="[1c]"></a>Vector50</STRONG> (Thumb, 0 bytes, Stack size 0 bytes, vectors_1.o(.text))
<BR>[Address Reference Count : 1]<UL><LI> vectors_1.o(RESET)
</UL>
<P><STRONG><a name="[1d]"></a>Vector54</STRONG> (Thumb, 0 bytes, Stack size 0 bytes, vectors_1.o(.text))
<BR>[Address Reference Count : 1]<UL><LI> vectors_1.o(RESET)
</UL>
<P><STRONG><a name="[1e]"></a>Vector58</STRONG> (Thumb, 0 bytes, Stack size 0 bytes, vectors_1.o(.text))
<BR>[Address Reference Count : 1]<UL><LI> vectors_1.o(RESET)
</UL>
<P><STRONG><a name="[1f]"></a>Vector5C</STRONG> (Thumb, 0 bytes, Stack size 0 bytes, vectors_1.o(.text))
<BR>[Address Reference Count : 1]<UL><LI> vectors_1.o(RESET)
</UL>
<P><STRONG><a name="[20]"></a>Vector60</STRONG> (Thumb, 0 bytes, Stack size 0 bytes, vectors_1.o(.text))
<BR>[Address Reference Count : 1]<UL><LI> vectors_1.o(RESET)
</UL>
<P><STRONG><a name="[21]"></a>Vector64</STRONG> (Thumb, 0 bytes, Stack size 0 bytes, vectors_1.o(.text))
<BR>[Address Reference Count : 1]<UL><LI> vectors_1.o(RESET)
</UL>
<P><STRONG><a name="[22]"></a>Vector68</STRONG> (Thumb, 0 bytes, Stack size 0 bytes, vectors_1.o(.text))
<BR>[Address Reference Count : 1]<UL><LI> vectors_1.o(RESET)
</UL>
<P><STRONG><a name="[23]"></a>Vector6C</STRONG> (Thumb, 0 bytes, Stack size 0 bytes, vectors_1.o(.text))
<BR>[Address Reference Count : 1]<UL><LI> vectors_1.o(RESET)
</UL>
<P><STRONG><a name="[24]"></a>Vector70</STRONG> (Thumb, 0 bytes, Stack size 0 bytes, vectors_1.o(.text))
<BR>[Address Reference Count : 1]<UL><LI> vectors_1.o(RESET)
</UL>
<P><STRONG><a name="[25]"></a>Vector74</STRONG> (Thumb, 0 bytes, Stack size 0 bytes, vectors_1.o(.text))
<BR>[Address Reference Count : 1]<UL><LI> vectors_1.o(RESET)
</UL>
<P><STRONG><a name="[26]"></a>Vector78</STRONG> (Thumb, 0 bytes, Stack size 0 bytes, vectors_1.o(.text))
<BR>[Address Reference Count : 1]<UL><LI> vectors_1.o(RESET)
</UL>
<P><STRONG><a name="[27]"></a>Vector7C</STRONG> (Thumb, 0 bytes, Stack size 0 bytes, vectors_1.o(.text))
<BR>[Address Reference Count : 1]<UL><LI> vectors_1.o(RESET)
</UL>
<P><STRONG><a name="[28]"></a>Vector80</STRONG> (Thumb, 0 bytes, Stack size 0 bytes, vectors_1.o(.text))
<BR>[Address Reference Count : 1]<UL><LI> vectors_1.o(RESET)
</UL>
<P><STRONG><a name="[29]"></a>Vector84</STRONG> (Thumb, 0 bytes, Stack size 0 bytes, vectors_1.o(.text))
<BR>[Address Reference Count : 1]<UL><LI> vectors_1.o(RESET)
</UL>
<P><STRONG><a name="[2a]"></a>Vector88</STRONG> (Thumb, 0 bytes, Stack size 0 bytes, vectors_1.o(.text))
<BR>[Address Reference Count : 1]<UL><LI> vectors_1.o(RESET)
</UL>
<P><STRONG><a name="[2b]"></a>Vector8C</STRONG> (Thumb, 0 bytes, Stack size 0 bytes, vectors_1.o(.text))
<BR>[Address Reference Count : 1]<UL><LI> vectors_1.o(RESET)
</UL>
<P><STRONG><a name="[2c]"></a>Vector90</STRONG> (Thumb, 0 bytes, Stack size 0 bytes, vectors_1.o(.text))
<BR>[Address Reference Count : 1]<UL><LI> vectors_1.o(RESET)
</UL>
<P><STRONG><a name="[2d]"></a>Vector94</STRONG> (Thumb, 0 bytes, Stack size 0 bytes, vectors_1.o(.text))
<BR>[Address Reference Count : 1]<UL><LI> vectors_1.o(RESET)
</UL>
<P><STRONG><a name="[2e]"></a>Vector98</STRONG> (Thumb, 0 bytes, Stack size 0 bytes, vectors_1.o(.text))
<BR>[Address Reference Count : 1]<UL><LI> vectors_1.o(RESET)
</UL>
<P><STRONG><a name="[2f]"></a>Vector9C</STRONG> (Thumb, 0 bytes, Stack size 0 bytes, vectors_1.o(.text))
<BR>[Address Reference Count : 1]<UL><LI> vectors_1.o(RESET)
</UL>
<P><STRONG><a name="[30]"></a>VectorA0</STRONG> (Thumb, 0 bytes, Stack size 0 bytes, vectors_1.o(.text))
<BR>[Address Reference Count : 1]<UL><LI> vectors_1.o(RESET)
</UL>
<P><STRONG><a name="[31]"></a>VectorA4</STRONG> (Thumb, 0 bytes, Stack size 0 bytes, vectors_1.o(.text))
<BR>[Address Reference Count : 1]<UL><LI> vectors_1.o(RESET)
</UL>
<P><STRONG><a name="[32]"></a>VectorA8</STRONG> (Thumb, 0 bytes, Stack size 0 bytes, vectors_1.o(.text))
<BR>[Address Reference Count : 1]<UL><LI> vectors_1.o(RESET)
</UL>
<P><STRONG><a name="[33]"></a>VectorAC</STRONG> (Thumb, 0 bytes, Stack size 0 bytes, vectors_1.o(.text))
<BR>[Address Reference Count : 1]<UL><LI> vectors_1.o(RESET)
</UL>
<P><STRONG><a name="[34]"></a>VectorB0</STRONG> (Thumb, 0 bytes, Stack size 0 bytes, vectors_1.o(.text))
<BR>[Address Reference Count : 1]<UL><LI> vectors_1.o(RESET)
</UL>
<P><STRONG><a name="[35]"></a>VectorB4</STRONG> (Thumb, 0 bytes, Stack size 0 bytes, vectors_1.o(.text))
<BR>[Address Reference Count : 1]<UL><LI> vectors_1.o(RESET)
</UL>
<P><STRONG><a name="[36]"></a>VectorB8</STRONG> (Thumb, 0 bytes, Stack size 0 bytes, vectors_1.o(.text))
<BR>[Address Reference Count : 1]<UL><LI> vectors_1.o(RESET)
</UL>
<P><STRONG><a name="[58]"></a>_unhandled_exception</STRONG> (Thumb, 2 bytes, Stack size 0 bytes, vectors_1.o(.text), UNUSED)
<BR><BR>[Calls]<UL><LI><a href="#[58]">&gt;&gt;</a>&nbsp;&nbsp;&nbsp;_unhandled_exception
</UL>
<BR>[Called By]<UL><LI><a href="#[58]">&gt;&gt;</a>&nbsp;&nbsp;&nbsp;_unhandled_exception
</UL>

<P><STRONG><a name="[7c]"></a>__port_switch</STRONG> (Thumb, 32 bytes, Stack size 0 bytes, chcoreasm_1.o(.text))
<BR><BR>[Called By]<UL><LI><a href="#[5a]">&gt;&gt;</a>&nbsp;&nbsp;&nbsp;chSchDoPreemption
<LI><a href="#[7b]">&gt;&gt;</a>&nbsp;&nbsp;&nbsp;__sch_reschedule_ahead
<LI><a href="#[b0]">&gt;&gt;</a>&nbsp;&nbsp;&nbsp;chSchGoSleepTimeoutS
<LI><a href="#[af]">&gt;&gt;</a>&nbsp;&nbsp;&nbsp;chSchGoSleepS
</UL>

<P><STRONG><a name="[3e]"></a>__port_thread_start</STRONG> (Thumb, 14 bytes, Stack size 0 bytes, chcoreasm_1.o(.text))
<BR><BR>[Stack]<UL><LI>Max Depth = 16<LI>Call Chain = __port_thread_start &rArr; chThdExit &rArr; chSchGoSleepS
</UL>
<BR>[Calls]<UL><LI><a href="#[59]">&gt;&gt;</a>&nbsp;&nbsp;&nbsp;chThdExit
</UL>
<BR>[Address Reference Count : 1]<UL><LI> chthreads.o(.text.chThdCreateSuspendedI)
</UL>
<P><STRONG><a name="[3a]"></a>__port_switch_from_isr</STRONG> (Thumb, 14 bytes, Stack size 0 bytes, chcoreasm_1.o(.text))
<BR><BR>[Stack]<UL><LI>Max Depth = 8<LI>Call Chain = __port_switch_from_isr &rArr; chSchDoPreemption
</UL>
<BR>[Calls]<UL><LI><a href="#[5a]">&gt;&gt;</a>&nbsp;&nbsp;&nbsp;chSchDoPreemption
</UL>
<BR>[Address Reference Count : 1]<UL><LI> chcore.o(.text.__port_irq_epilogue)
</UL>
<P><STRONG><a name="[3b]"></a>__port_exit_from_isr</STRONG> (Thumb, 0 bytes, Stack size unknown bytes, chcoreasm_1.o(.text))
<BR>[Address Reference Count : 1]<UL><LI> chcore.o(.text.__port_irq_epilogue)
</UL>
<P><STRONG><a name="[5b]"></a>__aeabi_uldivmod</STRONG> (Thumb, 96 bytes, Stack size 48 bytes, uldiv.o(.text))
<BR><BR>[Stack]<UL><LI>Max Depth = 56<LI>Call Chain = __aeabi_uldivmod &rArr; __aeabi_llsr
</UL>
<BR>[Calls]<UL><LI><a href="#[5c]">&gt;&gt;</a>&nbsp;&nbsp;&nbsp;__aeabi_llsr
<LI><a href="#[5d]">&gt;&gt;</a>&nbsp;&nbsp;&nbsp;__aeabi_llsl
</UL>
<BR>[Called By]<UL><LI><a href="#[105]">&gt;&gt;</a>&nbsp;&nbsp;&nbsp;md_rcu_pll0_init
<LI><a href="#[c5]">&gt;&gt;</a>&nbsp;&nbsp;&nbsp;timer_read32
</UL>

<P><STRONG><a name="[1bd]"></a>__aeabi_lmul</STRONG> (Thumb, 48 bytes, Stack size 12 bytes, llmul.o(.text))
<BR><BR>[Stack]<UL><LI>Max Depth = 12<LI>Call Chain = __aeabi_lmul
</UL>
<BR>[Called By]<UL><LI><a href="#[c5]">&gt;&gt;</a>&nbsp;&nbsp;&nbsp;timer_read32
</UL>

<P><STRONG><a name="[1e0]"></a>_ll_mul</STRONG> (Thumb, 0 bytes, Stack size 12 bytes, llmul.o(.text), UNUSED)

<P><STRONG><a name="[1b5]"></a>__rt_ctype_table</STRONG> (Thumb, 4 bytes, Stack size 0 bytes, ctype_o.o(.text))
<BR><BR>[Called By]<UL><LI><a href="#[d9]">&gt;&gt;</a>&nbsp;&nbsp;&nbsp;send_string_with_delay
</UL>

<P><STRONG><a name="[f7]"></a>__aeabi_memcpy</STRONG> (Thumb, 36 bytes, Stack size 0 bytes, memcpya.o(.text))
<BR><BR>[Called By]<UL><LI><a href="#[8d]">&gt;&gt;</a>&nbsp;&nbsp;&nbsp;obqWriteTimeout
<LI><a href="#[7f]">&gt;&gt;</a>&nbsp;&nbsp;&nbsp;ibqReadTimeout
<LI><a href="#[1b0]">&gt;&gt;</a>&nbsp;&nbsp;&nbsp;send_6kro_report
<LI><a href="#[f6]">&gt;&gt;</a>&nbsp;&nbsp;&nbsp;eeprom_read_block
<LI><a href="#[f8]">&gt;&gt;</a>&nbsp;&nbsp;&nbsp;eeprom_write_block
<LI><a href="#[1]">&gt;&gt;</a>&nbsp;&nbsp;&nbsp;send_keyboard
</UL>

<P><STRONG><a name="[c8]"></a>__aeabi_memcpy4</STRONG> (Thumb, 0 bytes, Stack size 0 bytes, memcpya.o(.text))
<BR><BR>[Called By]<UL><LI><a href="#[c4]">&gt;&gt;</a>&nbsp;&nbsp;&nbsp;debounce
</UL>

<P><STRONG><a name="[1e1]"></a>__aeabi_memcpy8</STRONG> (Thumb, 0 bytes, Stack size 0 bytes, memcpya.o(.text), UNUSED)

<P><STRONG><a name="[5f]"></a>__aeabi_memset</STRONG> (Thumb, 14 bytes, Stack size 0 bytes, memseta.o(.text))
<BR><BR>[Called By]<UL><LI><a href="#[60]">&gt;&gt;</a>&nbsp;&nbsp;&nbsp;_memset$wrapper
<LI><a href="#[5e]">&gt;&gt;</a>&nbsp;&nbsp;&nbsp;__aeabi_memclr
</UL>

<P><STRONG><a name="[1e2]"></a>__aeabi_memset4</STRONG> (Thumb, 0 bytes, Stack size 0 bytes, memseta.o(.text), UNUSED)

<P><STRONG><a name="[1e3]"></a>__aeabi_memset8</STRONG> (Thumb, 0 bytes, Stack size 0 bytes, memseta.o(.text), UNUSED)

<P><STRONG><a name="[5e]"></a>__aeabi_memclr</STRONG> (Thumb, 4 bytes, Stack size 0 bytes, memseta.o(.text))
<BR><BR>[Calls]<UL><LI><a href="#[5f]">&gt;&gt;</a>&nbsp;&nbsp;&nbsp;__aeabi_memset
</UL>
<BR>[Called By]<UL><LI><a href="#[f6]">&gt;&gt;</a>&nbsp;&nbsp;&nbsp;eeprom_read_block
<LI><a href="#[bf]">&gt;&gt;</a>&nbsp;&nbsp;&nbsp;clear_keys_from_report
<LI><a href="#[1a0]">&gt;&gt;</a>&nbsp;&nbsp;&nbsp;qmkusbSOFHookI
</UL>

<P><STRONG><a name="[f4]"></a>__aeabi_memclr4</STRONG> (Thumb, 0 bytes, Stack size 0 bytes, memseta.o(.text))
<BR><BR>[Called By]<UL><LI><a href="#[1c0]">&gt;&gt;</a>&nbsp;&nbsp;&nbsp;usbInitEndpointI
<LI><a href="#[117]">&gt;&gt;</a>&nbsp;&nbsp;&nbsp;usbStart
<LI><a href="#[1c2]">&gt;&gt;</a>&nbsp;&nbsp;&nbsp;usbObjectInit
<LI><a href="#[a2]">&gt;&gt;</a>&nbsp;&nbsp;&nbsp;matrix_scan
<LI><a href="#[120]">&gt;&gt;</a>&nbsp;&nbsp;&nbsp;matrix_init
<LI><a href="#[f5]">&gt;&gt;</a>&nbsp;&nbsp;&nbsp;eeprom_driver_init
<LI><a href="#[df]">&gt;&gt;</a>&nbsp;&nbsp;&nbsp;eeprom_driver_erase
</UL>

<P><STRONG><a name="[71]"></a>__aeabi_memclr8</STRONG> (Thumb, 0 bytes, Stack size 0 bytes, memseta.o(.text))
<BR><BR>[Called By]<UL><LI><a href="#[37]">&gt;&gt;</a>&nbsp;&nbsp;&nbsp;VectorBC
</UL>

<P><STRONG><a name="[60]"></a>_memset$wrapper</STRONG> (Thumb, 18 bytes, Stack size 8 bytes, memseta.o(.text), UNUSED)
<BR><BR>[Calls]<UL><LI><a href="#[5f]">&gt;&gt;</a>&nbsp;&nbsp;&nbsp;__aeabi_memset
</UL>

<P><STRONG><a name="[c7]"></a>memcmp</STRONG> (Thumb, 26 bytes, Stack size 12 bytes, memcmp.o(.text))
<BR><BR>[Stack]<UL><LI>Max Depth = 12<LI>Call Chain = memcmp
</UL>
<BR>[Called By]<UL><LI><a href="#[c4]">&gt;&gt;</a>&nbsp;&nbsp;&nbsp;debounce
<LI><a href="#[a2]">&gt;&gt;</a>&nbsp;&nbsp;&nbsp;matrix_scan
<LI><a href="#[1b0]">&gt;&gt;</a>&nbsp;&nbsp;&nbsp;send_6kro_report
<LI><a href="#[e7]">&gt;&gt;</a>&nbsp;&nbsp;&nbsp;eeprom_update_block
</UL>

<P><STRONG><a name="[61]"></a>__aeabi_dadd</STRONG> (Thumb, 328 bytes, Stack size 48 bytes, dadd.o(.text))
<BR><BR>[Stack]<UL><LI>Max Depth = 104<LI>Call Chain = __aeabi_dadd &rArr; _double_epilogue &rArr; __aeabi_llsr
</UL>
<BR>[Calls]<UL><LI><a href="#[62]">&gt;&gt;</a>&nbsp;&nbsp;&nbsp;__aeabi_lasr
<LI><a href="#[5d]">&gt;&gt;</a>&nbsp;&nbsp;&nbsp;__aeabi_llsl
<LI><a href="#[64]">&gt;&gt;</a>&nbsp;&nbsp;&nbsp;_double_round
<LI><a href="#[63]">&gt;&gt;</a>&nbsp;&nbsp;&nbsp;_double_epilogue
</UL>
<BR>[Called By]<UL><LI><a href="#[106]">&gt;&gt;</a>&nbsp;&nbsp;&nbsp;md_rcu_sys_init
<LI><a href="#[66]">&gt;&gt;</a>&nbsp;&nbsp;&nbsp;__aeabi_drsub
<LI><a href="#[65]">&gt;&gt;</a>&nbsp;&nbsp;&nbsp;__aeabi_dsub
</UL>

<P><STRONG><a name="[65]"></a>__aeabi_dsub</STRONG> (Thumb, 12 bytes, Stack size 8 bytes, dadd.o(.text), UNUSED)
<BR><BR>[Calls]<UL><LI><a href="#[61]">&gt;&gt;</a>&nbsp;&nbsp;&nbsp;__aeabi_dadd
</UL>

<P><STRONG><a name="[66]"></a>__aeabi_drsub</STRONG> (Thumb, 12 bytes, Stack size 8 bytes, dadd.o(.text), UNUSED)
<BR><BR>[Calls]<UL><LI><a href="#[61]">&gt;&gt;</a>&nbsp;&nbsp;&nbsp;__aeabi_dadd
</UL>

<P><STRONG><a name="[67]"></a>__aeabi_dmul</STRONG> (Thumb, 202 bytes, Stack size 72 bytes, dmul.o(.text))
<BR><BR>[Stack]<UL><LI>Max Depth = 128<LI>Call Chain = __aeabi_dmul &rArr; _double_epilogue &rArr; __aeabi_llsr
</UL>
<BR>[Calls]<UL><LI><a href="#[63]">&gt;&gt;</a>&nbsp;&nbsp;&nbsp;_double_epilogue
</UL>
<BR>[Called By]<UL><LI><a href="#[106]">&gt;&gt;</a>&nbsp;&nbsp;&nbsp;md_rcu_sys_init
</UL>

<P><STRONG><a name="[68]"></a>__aeabi_ddiv</STRONG> (Thumb, 234 bytes, Stack size 40 bytes, ddiv.o(.text))
<BR><BR>[Stack]<UL><LI>Max Depth = 48<LI>Call Chain = __aeabi_ddiv &rArr; _double_round
</UL>
<BR>[Calls]<UL><LI><a href="#[64]">&gt;&gt;</a>&nbsp;&nbsp;&nbsp;_double_round
</UL>
<BR>[Called By]<UL><LI><a href="#[106]">&gt;&gt;</a>&nbsp;&nbsp;&nbsp;md_rcu_sys_init
</UL>

<P><STRONG><a name="[69]"></a>__aeabi_i2d</STRONG> (Thumb, 34 bytes, Stack size 16 bytes, dflti.o(.text))
<BR><BR>[Stack]<UL><LI>Max Depth = 72<LI>Call Chain = __aeabi_i2d &rArr; _double_epilogue &rArr; __aeabi_llsr
</UL>
<BR>[Calls]<UL><LI><a href="#[63]">&gt;&gt;</a>&nbsp;&nbsp;&nbsp;_double_epilogue
</UL>
<BR>[Called By]<UL><LI><a href="#[106]">&gt;&gt;</a>&nbsp;&nbsp;&nbsp;md_rcu_sys_init
</UL>

<P><STRONG><a name="[6a]"></a>__aeabi_ui2d</STRONG> (Thumb, 24 bytes, Stack size 16 bytes, dfltui.o(.text))
<BR><BR>[Stack]<UL><LI>Max Depth = 72<LI>Call Chain = __aeabi_ui2d &rArr; _double_epilogue &rArr; __aeabi_llsr
</UL>
<BR>[Calls]<UL><LI><a href="#[63]">&gt;&gt;</a>&nbsp;&nbsp;&nbsp;_double_epilogue
</UL>
<BR>[Called By]<UL><LI><a href="#[106]">&gt;&gt;</a>&nbsp;&nbsp;&nbsp;md_rcu_sys_init
</UL>

<P><STRONG><a name="[6b]"></a>__aeabi_d2uiz</STRONG> (Thumb, 50 bytes, Stack size 8 bytes, dfixui.o(.text))
<BR><BR>[Stack]<UL><LI>Max Depth = 16<LI>Call Chain = __aeabi_d2uiz &rArr; __aeabi_llsr
</UL>
<BR>[Calls]<UL><LI><a href="#[5c]">&gt;&gt;</a>&nbsp;&nbsp;&nbsp;__aeabi_llsr
</UL>
<BR>[Called By]<UL><LI><a href="#[106]">&gt;&gt;</a>&nbsp;&nbsp;&nbsp;md_rcu_sys_init
</UL>

<P><STRONG><a name="[11c]"></a>__aeabi_uidiv</STRONG> (Thumb, 0 bytes, Stack size 16 bytes, uidiv_div0.o(.text))
<BR><BR>[Stack]<UL><LI>Max Depth = 16<LI>Call Chain = __aeabi_uidiv
</UL>
<BR>[Called By]<UL><LI><a href="#[107]">&gt;&gt;</a>&nbsp;&nbsp;&nbsp;md_uart_init
<LI><a href="#[106]">&gt;&gt;</a>&nbsp;&nbsp;&nbsp;md_rcu_sys_init
<LI><a href="#[105]">&gt;&gt;</a>&nbsp;&nbsp;&nbsp;md_rcu_pll0_init
<LI><a href="#[3f]">&gt;&gt;</a>&nbsp;&nbsp;&nbsp;keyboard_idle_timer_cb
<LI><a href="#[4b]">&gt;&gt;</a>&nbsp;&nbsp;&nbsp;usb_requests_hook_cb
</UL>

<P><STRONG><a name="[80]"></a>__aeabi_uidivmod</STRONG> (Thumb, 62 bytes, Stack size 16 bytes, uidiv_div0.o(.text))
<BR><BR>[Stack]<UL><LI>Max Depth = 16<LI>Call Chain = __aeabi_uidivmod
</UL>
<BR>[Called By]<UL><LI><a href="#[46]">&gt;&gt;</a>&nbsp;&nbsp;&nbsp;_usb_ep0in
</UL>

<P><STRONG><a name="[5d]"></a>__aeabi_llsl</STRONG> (Thumb, 32 bytes, Stack size 8 bytes, llshl.o(.text))
<BR><BR>[Stack]<UL><LI>Max Depth = 8<LI>Call Chain = __aeabi_llsl
</UL>
<BR>[Called By]<UL><LI><a href="#[61]">&gt;&gt;</a>&nbsp;&nbsp;&nbsp;__aeabi_dadd
<LI><a href="#[5b]">&gt;&gt;</a>&nbsp;&nbsp;&nbsp;__aeabi_uldivmod
<LI><a href="#[63]">&gt;&gt;</a>&nbsp;&nbsp;&nbsp;_double_epilogue
</UL>

<P><STRONG><a name="[1e4]"></a>_ll_shift_l</STRONG> (Thumb, 0 bytes, Stack size 8 bytes, llshl.o(.text), UNUSED)

<P><STRONG><a name="[5c]"></a>__aeabi_llsr</STRONG> (Thumb, 34 bytes, Stack size 8 bytes, llushr.o(.text))
<BR><BR>[Stack]<UL><LI>Max Depth = 8<LI>Call Chain = __aeabi_llsr
</UL>
<BR>[Called By]<UL><LI><a href="#[6b]">&gt;&gt;</a>&nbsp;&nbsp;&nbsp;__aeabi_d2uiz
<LI><a href="#[5b]">&gt;&gt;</a>&nbsp;&nbsp;&nbsp;__aeabi_uldivmod
<LI><a href="#[63]">&gt;&gt;</a>&nbsp;&nbsp;&nbsp;_double_epilogue
</UL>

<P><STRONG><a name="[1e5]"></a>_ll_ushift_r</STRONG> (Thumb, 0 bytes, Stack size 8 bytes, llushr.o(.text), UNUSED)

<P><STRONG><a name="[62]"></a>__aeabi_lasr</STRONG> (Thumb, 38 bytes, Stack size 8 bytes, llsshr.o(.text))
<BR><BR>[Stack]<UL><LI>Max Depth = 8<LI>Call Chain = __aeabi_lasr
</UL>
<BR>[Called By]<UL><LI><a href="#[61]">&gt;&gt;</a>&nbsp;&nbsp;&nbsp;__aeabi_dadd
</UL>

<P><STRONG><a name="[1e6]"></a>_ll_sshift_r</STRONG> (Thumb, 0 bytes, Stack size 8 bytes, llsshr.o(.text), UNUSED)

<P><STRONG><a name="[1e7]"></a>__I$use$fp</STRONG> (Thumb, 0 bytes, Stack size 8 bytes, iusefp.o(.text), UNUSED)

<P><STRONG><a name="[64]"></a>_double_round</STRONG> (Thumb, 26 bytes, Stack size 8 bytes, depilogue.o(.text))
<BR><BR>[Stack]<UL><LI>Max Depth = 8<LI>Call Chain = _double_round
</UL>
<BR>[Called By]<UL><LI><a href="#[68]">&gt;&gt;</a>&nbsp;&nbsp;&nbsp;__aeabi_ddiv
<LI><a href="#[61]">&gt;&gt;</a>&nbsp;&nbsp;&nbsp;__aeabi_dadd
<LI><a href="#[63]">&gt;&gt;</a>&nbsp;&nbsp;&nbsp;_double_epilogue
</UL>

<P><STRONG><a name="[63]"></a>_double_epilogue</STRONG> (Thumb, 164 bytes, Stack size 48 bytes, depilogue.o(.text))
<BR><BR>[Stack]<UL><LI>Max Depth = 56<LI>Call Chain = _double_epilogue &rArr; __aeabi_llsr
</UL>
<BR>[Calls]<UL><LI><a href="#[6c]">&gt;&gt;</a>&nbsp;&nbsp;&nbsp;__ARM_clz
<LI><a href="#[5c]">&gt;&gt;</a>&nbsp;&nbsp;&nbsp;__aeabi_llsr
<LI><a href="#[5d]">&gt;&gt;</a>&nbsp;&nbsp;&nbsp;__aeabi_llsl
<LI><a href="#[64]">&gt;&gt;</a>&nbsp;&nbsp;&nbsp;_double_round
</UL>
<BR>[Called By]<UL><LI><a href="#[69]">&gt;&gt;</a>&nbsp;&nbsp;&nbsp;__aeabi_i2d
<LI><a href="#[67]">&gt;&gt;</a>&nbsp;&nbsp;&nbsp;__aeabi_dmul
<LI><a href="#[6a]">&gt;&gt;</a>&nbsp;&nbsp;&nbsp;__aeabi_ui2d
<LI><a href="#[61]">&gt;&gt;</a>&nbsp;&nbsp;&nbsp;__aeabi_dadd
</UL>

<P><STRONG><a name="[56]"></a>__scatterload</STRONG> (Thumb, 28 bytes, Stack size 0 bytes, init.o(.text))
<BR><BR>[Calls]<UL><LI><a href="#[6d]">&gt;&gt;</a>&nbsp;&nbsp;&nbsp;__main_after_scatterload
</UL>
<BR>[Called By]<UL><LI><a href="#[55]">&gt;&gt;</a>&nbsp;&nbsp;&nbsp;_main_scatterload
</UL>

<P><STRONG><a name="[1e8]"></a>__scatterload_rt2</STRONG> (Thumb, 0 bytes, Stack size 0 bytes, init.o(.text), UNUSED)

<P><STRONG><a name="[1e9]"></a>__decompress</STRONG> (Thumb, 0 bytes, Stack size unknown bytes, __dczerorl.o(.text), UNUSED)

<P><STRONG><a name="[1ea]"></a>__decompress0</STRONG> (Thumb, 58 bytes, Stack size unknown bytes, __dczerorl.o(.text), UNUSED)

<P><STRONG><a name="[b]"></a>HardFault_Handler</STRONG> (Thumb, 12 bytes, Stack size 0 bytes, hal_lld.o(.text.HardFault_Handler))
<BR><BR>[Stack]<UL><LI>Max Depth = 4<LI>Call Chain = HardFault_Handler &rArr; rt_hw_hard_fault_exception
</UL>
<BR>[Calls]<UL><LI><a href="#[6e]">&gt;&gt;</a>&nbsp;&nbsp;&nbsp;rt_hw_hard_fault_exception
</UL>
<BR>[Address Reference Count : 1]<UL><LI> vectors_1.o(RESET)
</UL>
<P><STRONG><a name="[a]"></a>NMI_Handler</STRONG> (Thumb, 14 bytes, Stack size 0 bytes, chcore.o(.text.NMI_Handler))
<BR>[Address Reference Count : 1]<UL><LI> vectors_1.o(RESET)
</UL>
<P><STRONG><a name="[17]"></a>SysTick_Handler</STRONG> (Thumb, 24 bytes, Stack size 8 bytes, hal_st_lld.o(.text.SysTick_Handler))
<BR><BR>[Stack]<UL><LI>Max Depth = 40<LI>Call Chain = SysTick_Handler &rArr; chSysTimerHandlerI &rArr; chVTDoTickI
</UL>
<BR>[Calls]<UL><LI><a href="#[6f]">&gt;&gt;</a>&nbsp;&nbsp;&nbsp;chSysTimerHandlerI
<LI><a href="#[70]">&gt;&gt;</a>&nbsp;&nbsp;&nbsp;__port_irq_epilogue
</UL>
<BR>[Address Reference Count : 1]<UL><LI> vectors_1.o(RESET)
</UL>
<P><STRONG><a name="[37]"></a>VectorBC</STRONG> (Thumb, 592 bytes, Stack size 56 bytes, hal_usb_lld.o(.text.VectorBC))
<BR><BR>[Stack]<UL><LI>Max Depth = 180<LI>Call Chain = VectorBC &rArr; handle_ep0 &rArr; _usb_ep0setup &rArr; usb_lld_start_in &rArr; usbd_ep_start_write &rArr; usbd_write_packet
</UL>
<BR>[Calls]<UL><LI><a href="#[74]">&gt;&gt;</a>&nbsp;&nbsp;&nbsp;handle_ep0
<LI><a href="#[73]">&gt;&gt;</a>&nbsp;&nbsp;&nbsp;usbd_write_packet
<LI><a href="#[76]">&gt;&gt;</a>&nbsp;&nbsp;&nbsp;ald_usb_ep_data_avail
<LI><a href="#[72]">&gt;&gt;</a>&nbsp;&nbsp;&nbsp;_usb_reset
<LI><a href="#[75]">&gt;&gt;</a>&nbsp;&nbsp;&nbsp;chThdResumeI
<LI><a href="#[70]">&gt;&gt;</a>&nbsp;&nbsp;&nbsp;__port_irq_epilogue
<LI><a href="#[71]">&gt;&gt;</a>&nbsp;&nbsp;&nbsp;__aeabi_memclr8
</UL>
<BR>[Address Reference Count : 1]<UL><LI> vectors_1.o(RESET)
</UL>
<P><STRONG><a name="[78]"></a>__chibios_override___early_init</STRONG> (Thumb, 2 bytes, Stack size 0 bytes, board.o(.text.__chibios_override___early_init))
<BR><BR>[Called By]<UL><LI><a href="#[57]">&gt;&gt;</a>&nbsp;&nbsp;&nbsp;__early_init
</UL>

<P><STRONG><a name="[9e]"></a>__chibios_override_boardInit</STRONG> (Thumb, 2 bytes, Stack size 0 bytes, board.o(.text.__chibios_override_boardInit))
<BR><BR>[Called By]<UL><LI><a href="#[9d]">&gt;&gt;</a>&nbsp;&nbsp;&nbsp;boardInit
</UL>

<P><STRONG><a name="[b5]"></a>__core_init</STRONG> (Thumb, 12 bytes, Stack size 0 bytes, chmemcore.o(.text.__core_init))
<BR><BR>[Called By]<UL><LI><a href="#[b4]">&gt;&gt;</a>&nbsp;&nbsp;&nbsp;chSysInit
</UL>

<P><STRONG><a name="[57]"></a>__early_init</STRONG> (Thumb, 16 bytes, Stack size 8 bytes, chibios.o(.text.__early_init))
<BR><BR>[Stack]<UL><LI>Max Depth = 8<LI>Call Chain = __early_init
</UL>
<BR>[Calls]<UL><LI><a href="#[78]">&gt;&gt;</a>&nbsp;&nbsp;&nbsp;__chibios_override___early_init
<LI><a href="#[79]">&gt;&gt;</a>&nbsp;&nbsp;&nbsp;early_hardware_init_post
<LI><a href="#[77]">&gt;&gt;</a>&nbsp;&nbsp;&nbsp;early_hardware_init_pre
</UL>
<BR>[Called By]<UL><LI><a href="#[9]">&gt;&gt;</a>&nbsp;&nbsp;&nbsp;Reset_Handler
</UL>

<P><STRONG><a name="[70]"></a>__port_irq_epilogue</STRONG> (Thumb, 52 bytes, Stack size 8 bytes, chcore.o(.text.__port_irq_epilogue))
<BR><BR>[Stack]<UL><LI>Max Depth = 8<LI>Call Chain = __port_irq_epilogue
</UL>
<BR>[Calls]<UL><LI><a href="#[7a]">&gt;&gt;</a>&nbsp;&nbsp;&nbsp;chSchIsPreemptionRequired
</UL>
<BR>[Called By]<UL><LI><a href="#[37]">&gt;&gt;</a>&nbsp;&nbsp;&nbsp;VectorBC
<LI><a href="#[17]">&gt;&gt;</a>&nbsp;&nbsp;&nbsp;SysTick_Handler
</UL>

<P><STRONG><a name="[ad]"></a>__thd_object_init</STRONG> (Thumb, 20 bytes, Stack size 0 bytes, chthreads.o(.text.__thd_object_init))
<BR><BR>[Called By]<UL><LI><a href="#[ab]">&gt;&gt;</a>&nbsp;&nbsp;&nbsp;chInstanceObjectInit
</UL>

<P><STRONG><a name="[101]"></a>_pal_lld_init</STRONG> (Thumb, 2 bytes, Stack size 0 bytes, hal_pal_lld.o(.text._pal_lld_init))
<BR><BR>[Called By]<UL><LI><a href="#[ff]">&gt;&gt;</a>&nbsp;&nbsp;&nbsp;halInit
</UL>

<P><STRONG><a name="[13b]"></a>_pal_lld_setgroupmode</STRONG> (Thumb, 214 bytes, Stack size 56 bytes, hal_pal_lld.o(.text._pal_lld_setgroupmode))
<BR><BR>[Stack]<UL><LI>Max Depth = 56<LI>Call Chain = _pal_lld_setgroupmode
</UL>
<BR>[Called By]<UL><LI><a href="#[14c]">&gt;&gt;</a>&nbsp;&nbsp;&nbsp;matrix_read_cols_on_row
<LI><a href="#[146]">&gt;&gt;</a>&nbsp;&nbsp;&nbsp;matrix_init_pins
<LI><a href="#[122]">&gt;&gt;</a>&nbsp;&nbsp;&nbsp;led_init_ports
</UL>

<P><STRONG><a name="[46]"></a>_usb_ep0in</STRONG> (Thumb, 238 bytes, Stack size 16 bytes, hal_usb.o(.text._usb_ep0in))
<BR><BR>[Stack]<UL><LI>Max Depth = 92<LI>Call Chain = _usb_ep0in &rArr; usb_lld_start_in &rArr; usbd_ep_start_write &rArr; usbd_write_packet
</UL>
<BR>[Calls]<UL><LI><a href="#[82]">&gt;&gt;</a>&nbsp;&nbsp;&nbsp;usb_lld_stall_in
<LI><a href="#[83]">&gt;&gt;</a>&nbsp;&nbsp;&nbsp;usb_lld_stall_out
<LI><a href="#[84]">&gt;&gt;</a>&nbsp;&nbsp;&nbsp;usb_lld_start_in
<LI><a href="#[81]">&gt;&gt;</a>&nbsp;&nbsp;&nbsp;usb_lld_start_out
<LI><a href="#[80]">&gt;&gt;</a>&nbsp;&nbsp;&nbsp;__aeabi_uidivmod
</UL>
<BR>[Called By]<UL><LI><a href="#[74]">&gt;&gt;</a>&nbsp;&nbsp;&nbsp;handle_ep0
</UL>
<BR>[Address Reference Count : 1]<UL><LI> hal_usb_lld.o(.rodata.ep0config)
</UL>
<P><STRONG><a name="[47]"></a>_usb_ep0out</STRONG> (Thumb, 140 bytes, Stack size 16 bytes, hal_usb.o(.text._usb_ep0out))
<BR><BR>[Stack]<UL><LI>Max Depth = 92<LI>Call Chain = _usb_ep0out &rArr; usb_lld_start_in &rArr; usbd_ep_start_write &rArr; usbd_write_packet
</UL>
<BR>[Calls]<UL><LI><a href="#[82]">&gt;&gt;</a>&nbsp;&nbsp;&nbsp;usb_lld_stall_in
<LI><a href="#[83]">&gt;&gt;</a>&nbsp;&nbsp;&nbsp;usb_lld_stall_out
<LI><a href="#[84]">&gt;&gt;</a>&nbsp;&nbsp;&nbsp;usb_lld_start_in
</UL>
<BR>[Called By]<UL><LI><a href="#[74]">&gt;&gt;</a>&nbsp;&nbsp;&nbsp;handle_ep0
</UL>
<BR>[Address Reference Count : 1]<UL><LI> hal_usb_lld.o(.rodata.ep0config)
</UL>
<P><STRONG><a name="[45]"></a>_usb_ep0setup</STRONG> (Thumb, 752 bytes, Stack size 24 bytes, hal_usb.o(.text._usb_ep0setup))
<BR><BR>[Stack]<UL><LI>Max Depth = 100<LI>Call Chain = _usb_ep0setup &rArr; usb_lld_start_in &rArr; usbd_ep_start_write &rArr; usbd_write_packet
</UL>
<BR>[Calls]<UL><LI><a href="#[8b]">&gt;&gt;</a>&nbsp;&nbsp;&nbsp;usb_lld_clear_in
<LI><a href="#[8a]">&gt;&gt;</a>&nbsp;&nbsp;&nbsp;usb_lld_get_status_in
<LI><a href="#[88]">&gt;&gt;</a>&nbsp;&nbsp;&nbsp;usb_lld_set_address
<LI><a href="#[87]">&gt;&gt;</a>&nbsp;&nbsp;&nbsp;usb_lld_get_status_out
<LI><a href="#[86]">&gt;&gt;</a>&nbsp;&nbsp;&nbsp;usb_lld_clear_out
<LI><a href="#[85]">&gt;&gt;</a>&nbsp;&nbsp;&nbsp;usb_lld_read_setup
<LI><a href="#[82]">&gt;&gt;</a>&nbsp;&nbsp;&nbsp;usb_lld_stall_in
<LI><a href="#[83]">&gt;&gt;</a>&nbsp;&nbsp;&nbsp;usb_lld_stall_out
<LI><a href="#[84]">&gt;&gt;</a>&nbsp;&nbsp;&nbsp;usb_lld_start_in
<LI><a href="#[81]">&gt;&gt;</a>&nbsp;&nbsp;&nbsp;usb_lld_start_out
<LI><a href="#[89]">&gt;&gt;</a>&nbsp;&nbsp;&nbsp;usbDisableEndpointsI
</UL>
<BR>[Called By]<UL><LI><a href="#[74]">&gt;&gt;</a>&nbsp;&nbsp;&nbsp;handle_ep0
</UL>
<BR>[Address Reference Count : 1]<UL><LI> hal_usb_lld.o(.rodata.ep0config)
</UL>
<P><STRONG><a name="[72]"></a>_usb_reset</STRONG> (Thumb, 104 bytes, Stack size 24 bytes, hal_usb.o(.text._usb_reset))
<BR><BR>[Stack]<UL><LI>Max Depth = 40<LI>Call Chain = _usb_reset &rArr; usb_lld_reset &rArr; es_test_printf
</UL>
<BR>[Calls]<UL><LI><a href="#[8c]">&gt;&gt;</a>&nbsp;&nbsp;&nbsp;usb_lld_reset
<LI><a href="#[75]">&gt;&gt;</a>&nbsp;&nbsp;&nbsp;chThdResumeI
</UL>
<BR>[Called By]<UL><LI><a href="#[37]">&gt;&gt;</a>&nbsp;&nbsp;&nbsp;VectorBC
</UL>

<P><STRONG><a name="[8e]"></a>action_exec</STRONG> (Thumb, 56 bytes, Stack size 24 bytes, action.o(.text.action_exec))
<BR><BR>[Stack]<UL><LI>Max Depth = 360<LI>Call Chain = action_exec &rArr; action_tapping_process &rArr; process_tapping &rArr; waiting_buffer_scan_tap &rArr; process_record &rArr; process_record_quantum &rArr; process_record_via &rArr; dynamic_keymap_macro_send &rArr; send_string_with_delay &rArr; send_char &rArr; tap_code &rArr; tap_code_delay &rArr; chThdSleep &rArr; chSchGoSleepTimeoutS &rArr; chVTDoSetI &rArr; vt_enqueue
</UL>
<BR>[Calls]<UL><LI><a href="#[90]">&gt;&gt;</a>&nbsp;&nbsp;&nbsp;pre_process_record_quantum
<LI><a href="#[91]">&gt;&gt;</a>&nbsp;&nbsp;&nbsp;action_tapping_process
<LI><a href="#[8f]">&gt;&gt;</a>&nbsp;&nbsp;&nbsp;clear_weak_mods
</UL>
<BR>[Called By]<UL><LI><a href="#[12a]">&gt;&gt;</a>&nbsp;&nbsp;&nbsp;keyboard_task
</UL>

<P><STRONG><a name="[92]"></a>action_for_key</STRONG> (Thumb, 14 bytes, Stack size 8 bytes, keymap_common.o(.text.action_for_key))
<BR><BR>[Stack]<UL><LI>Max Depth = 72<LI>Call Chain = action_for_key &rArr; keymap_key_to_keycode &rArr; keycode_at_keymap_location &rArr; dynamic_keymap_get_keycode &rArr; eeprom_read_byte &rArr; eeprom_read_block
</UL>
<BR>[Calls]<UL><LI><a href="#[93]">&gt;&gt;</a>&nbsp;&nbsp;&nbsp;keymap_key_to_keycode
<LI><a href="#[94]">&gt;&gt;</a>&nbsp;&nbsp;&nbsp;action_for_keycode
</UL>
<BR>[Called By]<UL><LI><a href="#[11a]">&gt;&gt;</a>&nbsp;&nbsp;&nbsp;layer_switch_get_action
<LI><a href="#[17c]">&gt;&gt;</a>&nbsp;&nbsp;&nbsp;store_or_get_action
<LI><a href="#[fa]">&gt;&gt;</a>&nbsp;&nbsp;&nbsp;layer_switch_get_layer
</UL>

<P><STRONG><a name="[94]"></a>action_for_keycode</STRONG> (Thumb, 804 bytes, Stack size 16 bytes, keymap_common.o(.text.action_for_keycode))
<BR><BR>[Stack]<UL><LI>Max Depth = 32<LI>Call Chain = action_for_keycode &rArr; mod_config
</UL>
<BR>[Calls]<UL><LI><a href="#[96]">&gt;&gt;</a>&nbsp;&nbsp;&nbsp;mod_config
<LI><a href="#[95]">&gt;&gt;</a>&nbsp;&nbsp;&nbsp;keycode_config
</UL>
<BR>[Called By]<UL><LI><a href="#[92]">&gt;&gt;</a>&nbsp;&nbsp;&nbsp;action_for_key
</UL>

<P><STRONG><a name="[91]"></a>action_tapping_process</STRONG> (Thumb, 180 bytes, Stack size 24 bytes, action_tapping.o(.text.action_tapping_process))
<BR><BR>[Stack]<UL><LI>Max Depth = 336<LI>Call Chain = action_tapping_process &rArr; process_tapping &rArr; waiting_buffer_scan_tap &rArr; process_record &rArr; process_record_quantum &rArr; process_record_via &rArr; dynamic_keymap_macro_send &rArr; send_string_with_delay &rArr; send_char &rArr; tap_code &rArr; tap_code_delay &rArr; chThdSleep &rArr; chSchGoSleepTimeoutS &rArr; chVTDoSetI &rArr; vt_enqueue
</UL>
<BR>[Calls]<UL><LI><a href="#[99]">&gt;&gt;</a>&nbsp;&nbsp;&nbsp;clear_keyboard
<LI><a href="#[9a]">&gt;&gt;</a>&nbsp;&nbsp;&nbsp;debug_waiting_buffer
<LI><a href="#[97]">&gt;&gt;</a>&nbsp;&nbsp;&nbsp;process_tapping
<LI><a href="#[98]">&gt;&gt;</a>&nbsp;&nbsp;&nbsp;debug_record
</UL>
<BR>[Called By]<UL><LI><a href="#[8e]">&gt;&gt;</a>&nbsp;&nbsp;&nbsp;action_exec
</UL>

<P><STRONG><a name="[177]"></a>add_key_to_report</STRONG> (Thumb, 56 bytes, Stack size 16 bytes, report.o(.text.add_key_to_report))
<BR><BR>[Stack]<UL><LI>Max Depth = 16<LI>Call Chain = add_key_to_report
</UL>
<BR>[Called By]<UL><LI><a href="#[175]">&gt;&gt;</a>&nbsp;&nbsp;&nbsp;process_grave_esc
<LI><a href="#[170]">&gt;&gt;</a>&nbsp;&nbsp;&nbsp;register_code
</UL>

<P><STRONG><a name="[16f]"></a>add_mods</STRONG> (Thumb, 12 bytes, Stack size 0 bytes, action_util.o(.text.add_mods))
<BR><BR>[Called By]<UL><LI><a href="#[170]">&gt;&gt;</a>&nbsp;&nbsp;&nbsp;register_code
<LI><a href="#[160]">&gt;&gt;</a>&nbsp;&nbsp;&nbsp;register_mods
<LI><a href="#[169]">&gt;&gt;</a>&nbsp;&nbsp;&nbsp;process_action
</UL>

<P><STRONG><a name="[9b]"></a>add_oneshot_mods</STRONG> (Thumb, 24 bytes, Stack size 8 bytes, action_util.o(.text.add_oneshot_mods))
<BR><BR>[Stack]<UL><LI>Max Depth = 16<LI>Call Chain = add_oneshot_mods &rArr; oneshot_mods_changed_kb
</UL>
<BR>[Calls]<UL><LI><a href="#[9c]">&gt;&gt;</a>&nbsp;&nbsp;&nbsp;oneshot_mods_changed_kb
</UL>
<BR>[Called By]<UL><LI><a href="#[169]">&gt;&gt;</a>&nbsp;&nbsp;&nbsp;process_action
</UL>

<P><STRONG><a name="[16e]"></a>add_weak_mods</STRONG> (Thumb, 12 bytes, Stack size 0 bytes, action_util.o(.text.add_weak_mods))
<BR><BR>[Called By]<UL><LI><a href="#[169]">&gt;&gt;</a>&nbsp;&nbsp;&nbsp;process_action
</UL>

<P><STRONG><a name="[118]"></a>ald_usb_dev_connect</STRONG> (Thumb, 12 bytes, Stack size 0 bytes, ald_usb.o(.text.ald_usb_dev_connect))
<BR><BR>[Called By]<UL><LI><a href="#[112]">&gt;&gt;</a>&nbsp;&nbsp;&nbsp;init_usb_driver
</UL>

<P><STRONG><a name="[115]"></a>ald_usb_dev_disconnect</STRONG> (Thumb, 12 bytes, Stack size 0 bytes, ald_usb.o(.text.ald_usb_dev_disconnect))
<BR><BR>[Called By]<UL><LI><a href="#[112]">&gt;&gt;</a>&nbsp;&nbsp;&nbsp;init_usb_driver
</UL>

<P><STRONG><a name="[1cd]"></a>ald_usb_dev_ep_config</STRONG> (Thumb, 68 bytes, Stack size 8 bytes, ald_usb.o(.text.ald_usb_dev_ep_config))
<BR><BR>[Stack]<UL><LI>Max Depth = 8<LI>Call Chain = ald_usb_dev_ep_config
</UL>
<BR>[Called By]<UL><LI><a href="#[1c1]">&gt;&gt;</a>&nbsp;&nbsp;&nbsp;usb_lld_init_endpoint
</UL>

<P><STRONG><a name="[1ce]"></a>ald_usb_dev_ep_stall</STRONG> (Thumb, 44 bytes, Stack size 0 bytes, ald_usb.o(.text.ald_usb_dev_ep_stall))
<BR><BR>[Called By]<UL><LI><a href="#[82]">&gt;&gt;</a>&nbsp;&nbsp;&nbsp;usb_lld_stall_in
<LI><a href="#[83]">&gt;&gt;</a>&nbsp;&nbsp;&nbsp;usb_lld_stall_out
</UL>

<P><STRONG><a name="[1cc]"></a>ald_usb_dev_ep_stall_clear</STRONG> (Thumb, 64 bytes, Stack size 0 bytes, ald_usb.o(.text.ald_usb_dev_ep_stall_clear))
<BR><BR>[Called By]<UL><LI><a href="#[8b]">&gt;&gt;</a>&nbsp;&nbsp;&nbsp;usb_lld_clear_in
<LI><a href="#[86]">&gt;&gt;</a>&nbsp;&nbsp;&nbsp;usb_lld_clear_out
</UL>

<P><STRONG><a name="[1cf]"></a>ald_usb_device_components_init</STRONG> (Thumb, 48 bytes, Stack size 0 bytes, ald_usb.o(.text.ald_usb_device_components_init))
<BR><BR>[Called By]<UL><LI><a href="#[1c3]">&gt;&gt;</a>&nbsp;&nbsp;&nbsp;usb_lld_start
</UL>

<P><STRONG><a name="[76]"></a>ald_usb_ep_data_avail</STRONG> (Thumb, 40 bytes, Stack size 0 bytes, ald_usb.o(.text.ald_usb_ep_data_avail))
<BR><BR>[Called By]<UL><LI><a href="#[37]">&gt;&gt;</a>&nbsp;&nbsp;&nbsp;VectorBC
<LI><a href="#[74]">&gt;&gt;</a>&nbsp;&nbsp;&nbsp;handle_ep0
<LI><a href="#[108]">&gt;&gt;</a>&nbsp;&nbsp;&nbsp;usbd_read_packet
</UL>

<P><STRONG><a name="[1d2]"></a>ald_usb_int_enable</STRONG> (Thumb, 16 bytes, Stack size 0 bytes, ald_usb.o(.text.ald_usb_int_enable))
<BR><BR>[Called By]<UL><LI><a href="#[1c3]">&gt;&gt;</a>&nbsp;&nbsp;&nbsp;usb_lld_start
</UL>

<P><STRONG><a name="[1d3]"></a>ald_usb_int_enable_ep</STRONG> (Thumb, 28 bytes, Stack size 0 bytes, ald_usb.o(.text.ald_usb_int_enable_ep))
<BR><BR>[Called By]<UL><LI><a href="#[1c3]">&gt;&gt;</a>&nbsp;&nbsp;&nbsp;usb_lld_start
</UL>

<P><STRONG><a name="[1d4]"></a>ald_usb_int_register</STRONG> (Thumb, 28 bytes, Stack size 0 bytes, ald_usb.o(.text.ald_usb_int_register))
<BR><BR>[Called By]<UL><LI><a href="#[1c3]">&gt;&gt;</a>&nbsp;&nbsp;&nbsp;usb_lld_start
</UL>

<P><STRONG><a name="[1d1]"></a>ald_usb_int_status_ep_get</STRONG> (Thumb, 24 bytes, Stack size 0 bytes, ald_usb.o(.text.ald_usb_int_status_ep_get))
<BR><BR>[Called By]<UL><LI><a href="#[1c3]">&gt;&gt;</a>&nbsp;&nbsp;&nbsp;usb_lld_start
</UL>

<P><STRONG><a name="[1d0]"></a>ald_usb_int_status_get</STRONG> (Thumb, 16 bytes, Stack size 0 bytes, ald_usb.o(.text.ald_usb_int_status_get))
<BR><BR>[Called By]<UL><LI><a href="#[1c3]">&gt;&gt;</a>&nbsp;&nbsp;&nbsp;usb_lld_start
</UL>

<P><STRONG><a name="[1d6]"></a>ald_usb_int_unregister</STRONG> (Thumb, 20 bytes, Stack size 0 bytes, ald_usb.o(.text.ald_usb_int_unregister))
<BR><BR>[Called By]<UL><LI><a href="#[1c4]">&gt;&gt;</a>&nbsp;&nbsp;&nbsp;usb_lld_stop
</UL>

<P><STRONG><a name="[9d]"></a>boardInit</STRONG> (Thumb, 12 bytes, Stack size 8 bytes, chibios.o(.text.boardInit))
<BR><BR>[Stack]<UL><LI>Max Depth = 8<LI>Call Chain = boardInit
</UL>
<BR>[Calls]<UL><LI><a href="#[9e]">&gt;&gt;</a>&nbsp;&nbsp;&nbsp;__chibios_override_boardInit
<LI><a href="#[9f]">&gt;&gt;</a>&nbsp;&nbsp;&nbsp;board_init
</UL>
<BR>[Called By]<UL><LI><a href="#[ff]">&gt;&gt;</a>&nbsp;&nbsp;&nbsp;halInit
</UL>

<P><STRONG><a name="[9f]"></a>board_init</STRONG> (Thumb, 2 bytes, Stack size 0 bytes, chibios.o(.text.board_init))
<BR><BR>[Called By]<UL><LI><a href="#[9d]">&gt;&gt;</a>&nbsp;&nbsp;&nbsp;boardInit
</UL>

<P><STRONG><a name="[a6]"></a>bootloader_jump</STRONG> (Thumb, 2 bytes, Stack size 0 bytes, custom.o(.text.bootloader_jump))
<BR><BR>[Called By]<UL><LI><a href="#[185]">&gt;&gt;</a>&nbsp;&nbsp;&nbsp;reset_keyboard
<LI><a href="#[a1]">&gt;&gt;</a>&nbsp;&nbsp;&nbsp;bootmagic_lite
</UL>

<P><STRONG><a name="[a0]"></a>bootmagic</STRONG> (Thumb, 8 bytes, Stack size 8 bytes, bootmagic_lite.o(.text.bootmagic))
<BR><BR>[Stack]<UL><LI>Max Depth = 184<LI>Call Chain = bootmagic &rArr; bootmagic_lite &rArr; matrix_scan &rArr; matrix_read_cols_on_row &rArr; matrix_output_unselect_delay &rArr; matrix_io_delay &rArr; chThdSleep &rArr; chSchGoSleepTimeoutS &rArr; chVTDoSetI &rArr; vt_enqueue
</UL>
<BR>[Calls]<UL><LI><a href="#[a1]">&gt;&gt;</a>&nbsp;&nbsp;&nbsp;bootmagic_lite
</UL>
<BR>[Called By]<UL><LI><a href="#[121]">&gt;&gt;</a>&nbsp;&nbsp;&nbsp;magic
</UL>

<P><STRONG><a name="[a1]"></a>bootmagic_lite</STRONG> (Thumb, 36 bytes, Stack size 8 bytes, bootmagic_lite.o(.text.bootmagic_lite))
<BR><BR>[Stack]<UL><LI>Max Depth = 176<LI>Call Chain = bootmagic_lite &rArr; matrix_scan &rArr; matrix_read_cols_on_row &rArr; matrix_output_unselect_delay &rArr; matrix_io_delay &rArr; chThdSleep &rArr; chSchGoSleepTimeoutS &rArr; chVTDoSetI &rArr; vt_enqueue
</UL>
<BR>[Calls]<UL><LI><a href="#[a3]">&gt;&gt;</a>&nbsp;&nbsp;&nbsp;chThdSleep
<LI><a href="#[a6]">&gt;&gt;</a>&nbsp;&nbsp;&nbsp;bootloader_jump
<LI><a href="#[a5]">&gt;&gt;</a>&nbsp;&nbsp;&nbsp;bootmagic_lite_reset_eeprom
<LI><a href="#[a4]">&gt;&gt;</a>&nbsp;&nbsp;&nbsp;matrix_get_row
<LI><a href="#[a2]">&gt;&gt;</a>&nbsp;&nbsp;&nbsp;matrix_scan
</UL>
<BR>[Called By]<UL><LI><a href="#[a0]">&gt;&gt;</a>&nbsp;&nbsp;&nbsp;bootmagic
</UL>

<P><STRONG><a name="[a5]"></a>bootmagic_lite_reset_eeprom</STRONG> (Thumb, 8 bytes, Stack size 8 bytes, bootmagic_lite.o(.text.bootmagic_lite_reset_eeprom))
<BR><BR>[Stack]<UL><LI>Max Depth = 56<LI>Call Chain = bootmagic_lite_reset_eeprom &rArr; eeconfig_disable &rArr; eeprom_update_word &rArr; eeprom_read_block
</UL>
<BR>[Calls]<UL><LI><a href="#[a7]">&gt;&gt;</a>&nbsp;&nbsp;&nbsp;eeconfig_disable
</UL>
<BR>[Called By]<UL><LI><a href="#[a1]">&gt;&gt;</a>&nbsp;&nbsp;&nbsp;bootmagic_lite
</UL>

<P><STRONG><a name="[a8]"></a>chEvtBroadcastFlagsI</STRONG> (Thumb, 44 bytes, Stack size 16 bytes, chevents.o(.text.chEvtBroadcastFlagsI))
<BR><BR>[Stack]<UL><LI>Max Depth = 24<LI>Call Chain = chEvtBroadcastFlagsI &rArr; chEvtSignalI
</UL>
<BR>[Calls]<UL><LI><a href="#[a9]">&gt;&gt;</a>&nbsp;&nbsp;&nbsp;chEvtSignalI
</UL>
<BR>[Called By]<UL><LI><a href="#[6]">&gt;&gt;</a>&nbsp;&nbsp;&nbsp;qmkusbDataReceived
<LI><a href="#[5]">&gt;&gt;</a>&nbsp;&nbsp;&nbsp;qmkusbDataTransmitted
<LI><a href="#[19d]">&gt;&gt;</a>&nbsp;&nbsp;&nbsp;qmkusbConfigureHookI
<LI><a href="#[1a3]">&gt;&gt;</a>&nbsp;&nbsp;&nbsp;qmkusbWakeupHookI
<LI><a href="#[1a2]">&gt;&gt;</a>&nbsp;&nbsp;&nbsp;qmkusbSuspendHookI
</UL>

<P><STRONG><a name="[a9]"></a>chEvtSignalI</STRONG> (Thumb, 44 bytes, Stack size 8 bytes, chevents.o(.text.chEvtSignalI))
<BR><BR>[Stack]<UL><LI>Max Depth = 8<LI>Call Chain = chEvtSignalI
</UL>
<BR>[Calls]<UL><LI><a href="#[aa]">&gt;&gt;</a>&nbsp;&nbsp;&nbsp;chSchReadyI
</UL>
<BR>[Called By]<UL><LI><a href="#[a8]">&gt;&gt;</a>&nbsp;&nbsp;&nbsp;chEvtBroadcastFlagsI
</UL>

<P><STRONG><a name="[ab]"></a>chInstanceObjectInit</STRONG> (Thumb, 108 bytes, Stack size 40 bytes, chinstances.o(.text.chInstanceObjectInit))
<BR><BR>[Stack]<UL><LI>Max Depth = 56<LI>Call Chain = chInstanceObjectInit &rArr; chThdCreateI &rArr; chThdCreateSuspendedI
</UL>
<BR>[Calls]<UL><LI><a href="#[ae]">&gt;&gt;</a>&nbsp;&nbsp;&nbsp;chThdCreateI
<LI><a href="#[ad]">&gt;&gt;</a>&nbsp;&nbsp;&nbsp;__thd_object_init
<LI><a href="#[ac]">&gt;&gt;</a>&nbsp;&nbsp;&nbsp;port_init
</UL>
<BR>[Called By]<UL><LI><a href="#[b4]">&gt;&gt;</a>&nbsp;&nbsp;&nbsp;chSysInit
</UL>

<P><STRONG><a name="[5a]"></a>chSchDoPreemption</STRONG> (Thumb, 52 bytes, Stack size 8 bytes, chschd.o(.text.chSchDoPreemption))
<BR><BR>[Stack]<UL><LI>Max Depth = 8<LI>Call Chain = chSchDoPreemption
</UL>
<BR>[Calls]<UL><LI><a href="#[7c]">&gt;&gt;</a>&nbsp;&nbsp;&nbsp;__port_switch
</UL>
<BR>[Called By]<UL><LI><a href="#[3a]">&gt;&gt;</a>&nbsp;&nbsp;&nbsp;__port_switch_from_isr
</UL>

<P><STRONG><a name="[af]"></a>chSchGoSleepS</STRONG> (Thumb, 28 bytes, Stack size 8 bytes, chschd.o(.text.chSchGoSleepS))
<BR><BR>[Stack]<UL><LI>Max Depth = 8<LI>Call Chain = chSchGoSleepS
</UL>
<BR>[Calls]<UL><LI><a href="#[7c]">&gt;&gt;</a>&nbsp;&nbsp;&nbsp;__port_switch
</UL>
<BR>[Called By]<UL><LI><a href="#[59]">&gt;&gt;</a>&nbsp;&nbsp;&nbsp;chThdExit
</UL>

<P><STRONG><a name="[b0]"></a>chSchGoSleepTimeoutS</STRONG> (Thumb, 88 bytes, Stack size 40 bytes, chschd.o(.text.chSchGoSleepTimeoutS))
<BR><BR>[Stack]<UL><LI>Max Depth = 64<LI>Call Chain = chSchGoSleepTimeoutS &rArr; chVTDoSetI &rArr; vt_enqueue
</UL>
<BR>[Calls]<UL><LI><a href="#[b2]">&gt;&gt;</a>&nbsp;&nbsp;&nbsp;chVTDoResetI
<LI><a href="#[b1]">&gt;&gt;</a>&nbsp;&nbsp;&nbsp;chVTDoSetI
<LI><a href="#[7c]">&gt;&gt;</a>&nbsp;&nbsp;&nbsp;__port_switch
</UL>
<BR>[Called By]<UL><LI><a href="#[ba]">&gt;&gt;</a>&nbsp;&nbsp;&nbsp;chThdEnqueueTimeoutS
<LI><a href="#[bb]">&gt;&gt;</a>&nbsp;&nbsp;&nbsp;chThdSuspendTimeoutS
<LI><a href="#[a3]">&gt;&gt;</a>&nbsp;&nbsp;&nbsp;chThdSleep
</UL>

<P><STRONG><a name="[7a]"></a>chSchIsPreemptionRequired</STRONG> (Thumb, 24 bytes, Stack size 0 bytes, chschd.o(.text.chSchIsPreemptionRequired))
<BR><BR>[Called By]<UL><LI><a href="#[70]">&gt;&gt;</a>&nbsp;&nbsp;&nbsp;__port_irq_epilogue
</UL>

<P><STRONG><a name="[aa]"></a>chSchReadyI</STRONG> (Thumb, 28 bytes, Stack size 0 bytes, chschd.o(.text.chSchReadyI))
<BR><BR>[Called By]<UL><LI><a href="#[b8]">&gt;&gt;</a>&nbsp;&nbsp;&nbsp;chThdDequeueAllI
<LI><a href="#[b9]">&gt;&gt;</a>&nbsp;&nbsp;&nbsp;chThdDequeueNextI
<LI><a href="#[75]">&gt;&gt;</a>&nbsp;&nbsp;&nbsp;chThdResumeI
<LI><a href="#[ae]">&gt;&gt;</a>&nbsp;&nbsp;&nbsp;chThdCreateI
<LI><a href="#[a9]">&gt;&gt;</a>&nbsp;&nbsp;&nbsp;chEvtSignalI
</UL>

<P><STRONG><a name="[b3]"></a>chSchRescheduleS</STRONG> (Thumb, 24 bytes, Stack size 8 bytes, chschd.o(.text.chSchRescheduleS))
<BR><BR>[Stack]<UL><LI>Max Depth = 16<LI>Call Chain = chSchRescheduleS &rArr; __sch_reschedule_ahead
</UL>
<BR>[Calls]<UL><LI><a href="#[7b]">&gt;&gt;</a>&nbsp;&nbsp;&nbsp;__sch_reschedule_ahead
</UL>
<BR>[Called By]<UL><LI><a href="#[116]">&gt;&gt;</a>&nbsp;&nbsp;&nbsp;usbStop
</UL>

<P><STRONG><a name="[b4]"></a>chSysInit</STRONG> (Thumb, 32 bytes, Stack size 8 bytes, chsys.o(.text.chSysInit))
<BR><BR>[Stack]<UL><LI>Max Depth = 64<LI>Call Chain = chSysInit &rArr; chInstanceObjectInit &rArr; chThdCreateI &rArr; chThdCreateSuspendedI
</UL>
<BR>[Calls]<UL><LI><a href="#[ab]">&gt;&gt;</a>&nbsp;&nbsp;&nbsp;chInstanceObjectInit
<LI><a href="#[b5]">&gt;&gt;</a>&nbsp;&nbsp;&nbsp;__core_init
</UL>
<BR>[Called By]<UL><LI><a href="#[142]">&gt;&gt;</a>&nbsp;&nbsp;&nbsp;platform_setup
</UL>

<P><STRONG><a name="[6f]"></a>chSysTimerHandlerI</STRONG> (Thumb, 8 bytes, Stack size 8 bytes, chsys.o(.text.chSysTimerHandlerI))
<BR><BR>[Stack]<UL><LI>Max Depth = 32<LI>Call Chain = chSysTimerHandlerI &rArr; chVTDoTickI
</UL>
<BR>[Calls]<UL><LI><a href="#[b6]">&gt;&gt;</a>&nbsp;&nbsp;&nbsp;chVTDoTickI
</UL>
<BR>[Called By]<UL><LI><a href="#[17]">&gt;&gt;</a>&nbsp;&nbsp;&nbsp;SysTick_Handler
</UL>

<P><STRONG><a name="[ae]"></a>chThdCreateI</STRONG> (Thumb, 12 bytes, Stack size 8 bytes, chthreads.o(.text.chThdCreateI))
<BR><BR>[Stack]<UL><LI>Max Depth = 16<LI>Call Chain = chThdCreateI &rArr; chThdCreateSuspendedI
</UL>
<BR>[Calls]<UL><LI><a href="#[b7]">&gt;&gt;</a>&nbsp;&nbsp;&nbsp;chThdCreateSuspendedI
<LI><a href="#[aa]">&gt;&gt;</a>&nbsp;&nbsp;&nbsp;chSchReadyI
</UL>
<BR>[Called By]<UL><LI><a href="#[ab]">&gt;&gt;</a>&nbsp;&nbsp;&nbsp;chInstanceObjectInit
</UL>

<P><STRONG><a name="[b7]"></a>chThdCreateSuspendedI</STRONG> (Thumb, 88 bytes, Stack size 8 bytes, chthreads.o(.text.chThdCreateSuspendedI))
<BR><BR>[Stack]<UL><LI>Max Depth = 8<LI>Call Chain = chThdCreateSuspendedI
</UL>
<BR>[Called By]<UL><LI><a href="#[ae]">&gt;&gt;</a>&nbsp;&nbsp;&nbsp;chThdCreateI
</UL>

<P><STRONG><a name="[b8]"></a>chThdDequeueAllI</STRONG> (Thumb, 32 bytes, Stack size 16 bytes, chthreads.o(.text.chThdDequeueAllI))
<BR><BR>[Stack]<UL><LI>Max Depth = 16<LI>Call Chain = chThdDequeueAllI
</UL>
<BR>[Calls]<UL><LI><a href="#[aa]">&gt;&gt;</a>&nbsp;&nbsp;&nbsp;chSchReadyI
</UL>
<BR>[Called By]<UL><LI><a href="#[157]">&gt;&gt;</a>&nbsp;&nbsp;&nbsp;obqResetI
<LI><a href="#[111]">&gt;&gt;</a>&nbsp;&nbsp;&nbsp;ibqResetI
<LI><a href="#[1a2]">&gt;&gt;</a>&nbsp;&nbsp;&nbsp;qmkusbSuspendHookI
</UL>

<P><STRONG><a name="[b9]"></a>chThdDequeueNextI</STRONG> (Thumb, 24 bytes, Stack size 8 bytes, chthreads.o(.text.chThdDequeueNextI))
<BR><BR>[Stack]<UL><LI>Max Depth = 8<LI>Call Chain = chThdDequeueNextI
</UL>
<BR>[Calls]<UL><LI><a href="#[aa]">&gt;&gt;</a>&nbsp;&nbsp;&nbsp;chSchReadyI
</UL>
<BR>[Called By]<UL><LI><a href="#[156]">&gt;&gt;</a>&nbsp;&nbsp;&nbsp;obqReleaseEmptyBufferI
<LI><a href="#[110]">&gt;&gt;</a>&nbsp;&nbsp;&nbsp;ibqPostFullBufferI
</UL>

<P><STRONG><a name="[ba]"></a>chThdEnqueueTimeoutS</STRONG> (Thumb, 36 bytes, Stack size 8 bytes, chthreads.o(.text.chThdEnqueueTimeoutS))
<BR><BR>[Stack]<UL><LI>Max Depth = 72<LI>Call Chain = chThdEnqueueTimeoutS &rArr; chSchGoSleepTimeoutS &rArr; chVTDoSetI &rArr; vt_enqueue
</UL>
<BR>[Calls]<UL><LI><a href="#[b0]">&gt;&gt;</a>&nbsp;&nbsp;&nbsp;chSchGoSleepTimeoutS
</UL>
<BR>[Called By]<UL><LI><a href="#[154]">&gt;&gt;</a>&nbsp;&nbsp;&nbsp;obqGetEmptyBufferTimeoutS
<LI><a href="#[10e]">&gt;&gt;</a>&nbsp;&nbsp;&nbsp;ibqGetFullBufferTimeoutS
</UL>

<P><STRONG><a name="[59]"></a>chThdExit</STRONG> (Thumb, 24 bytes, Stack size 8 bytes, chthreads.o(.text.chThdExit))
<BR><BR>[Stack]<UL><LI>Max Depth = 16<LI>Call Chain = chThdExit &rArr; chSchGoSleepS
</UL>
<BR>[Calls]<UL><LI><a href="#[af]">&gt;&gt;</a>&nbsp;&nbsp;&nbsp;chSchGoSleepS
</UL>
<BR>[Called By]<UL><LI><a href="#[3e]">&gt;&gt;</a>&nbsp;&nbsp;&nbsp;__port_thread_start
</UL>

<P><STRONG><a name="[75]"></a>chThdResumeI</STRONG> (Thumb, 22 bytes, Stack size 8 bytes, chthreads.o(.text.chThdResumeI))
<BR><BR>[Stack]<UL><LI>Max Depth = 8<LI>Call Chain = chThdResumeI
</UL>
<BR>[Calls]<UL><LI><a href="#[aa]">&gt;&gt;</a>&nbsp;&nbsp;&nbsp;chSchReadyI
</UL>
<BR>[Called By]<UL><LI><a href="#[37]">&gt;&gt;</a>&nbsp;&nbsp;&nbsp;VectorBC
<LI><a href="#[72]">&gt;&gt;</a>&nbsp;&nbsp;&nbsp;_usb_reset
<LI><a href="#[89]">&gt;&gt;</a>&nbsp;&nbsp;&nbsp;usbDisableEndpointsI
<LI><a href="#[116]">&gt;&gt;</a>&nbsp;&nbsp;&nbsp;usbStop
</UL>

<P><STRONG><a name="[a3]"></a>chThdSleep</STRONG> (Thumb, 20 bytes, Stack size 8 bytes, chthreads.o(.text.chThdSleep))
<BR><BR>[Stack]<UL><LI>Max Depth = 72<LI>Call Chain = chThdSleep &rArr; chSchGoSleepTimeoutS &rArr; chVTDoSetI &rArr; vt_enqueue
</UL>
<BR>[Calls]<UL><LI><a href="#[b0]">&gt;&gt;</a>&nbsp;&nbsp;&nbsp;chSchGoSleepTimeoutS
</UL>
<BR>[Called By]<UL><LI><a href="#[184]">&gt;&gt;</a>&nbsp;&nbsp;&nbsp;soft_reset_keyboard
<LI><a href="#[185]">&gt;&gt;</a>&nbsp;&nbsp;&nbsp;reset_keyboard
<LI><a href="#[a1]">&gt;&gt;</a>&nbsp;&nbsp;&nbsp;bootmagic_lite
<LI><a href="#[d9]">&gt;&gt;</a>&nbsp;&nbsp;&nbsp;send_string_with_delay
<LI><a href="#[18f]">&gt;&gt;</a>&nbsp;&nbsp;&nbsp;protocol_pre_init
<LI><a href="#[14a]">&gt;&gt;</a>&nbsp;&nbsp;&nbsp;matrix_io_delay
<LI><a href="#[1bc]">&gt;&gt;</a>&nbsp;&nbsp;&nbsp;tap_code_delay
<LI><a href="#[169]">&gt;&gt;</a>&nbsp;&nbsp;&nbsp;process_action
<LI><a href="#[112]">&gt;&gt;</a>&nbsp;&nbsp;&nbsp;init_usb_driver
</UL>

<P><STRONG><a name="[bb]"></a>chThdSuspendTimeoutS</STRONG> (Thumb, 28 bytes, Stack size 8 bytes, chthreads.o(.text.chThdSuspendTimeoutS))
<BR><BR>[Stack]<UL><LI>Max Depth = 72<LI>Call Chain = chThdSuspendTimeoutS &rArr; chSchGoSleepTimeoutS &rArr; chVTDoSetI &rArr; vt_enqueue
</UL>
<BR>[Calls]<UL><LI><a href="#[b0]">&gt;&gt;</a>&nbsp;&nbsp;&nbsp;chSchGoSleepTimeoutS
</UL>
<BR>[Called By]<UL><LI><a href="#[1b4]">&gt;&gt;</a>&nbsp;&nbsp;&nbsp;send_report
</UL>

<P><STRONG><a name="[b2]"></a>chVTDoResetI</STRONG> (Thumb, 32 bytes, Stack size 8 bytes, chvt.o(.text.chVTDoResetI))
<BR><BR>[Stack]<UL><LI>Max Depth = 8<LI>Call Chain = chVTDoResetI
</UL>
<BR>[Called By]<UL><LI><a href="#[b0]">&gt;&gt;</a>&nbsp;&nbsp;&nbsp;chSchGoSleepTimeoutS
<LI><a href="#[11e]">&gt;&gt;</a>&nbsp;&nbsp;&nbsp;timer_init
<LI><a href="#[43]">&gt;&gt;</a>&nbsp;&nbsp;&nbsp;update_fn
<LI><a href="#[3f]">&gt;&gt;</a>&nbsp;&nbsp;&nbsp;keyboard_idle_timer_cb
<LI><a href="#[bd]">&gt;&gt;</a>&nbsp;&nbsp;&nbsp;chVTSetI
<LI><a href="#[4b]">&gt;&gt;</a>&nbsp;&nbsp;&nbsp;usb_requests_hook_cb
</UL>

<P><STRONG><a name="[b1]"></a>chVTDoSetI</STRONG> (Thumb, 16 bytes, Stack size 8 bytes, chvt.o(.text.chVTDoSetI))
<BR><BR>[Stack]<UL><LI>Max Depth = 24<LI>Call Chain = chVTDoSetI &rArr; vt_enqueue
</UL>
<BR>[Calls]<UL><LI><a href="#[bc]">&gt;&gt;</a>&nbsp;&nbsp;&nbsp;vt_enqueue
</UL>
<BR>[Called By]<UL><LI><a href="#[b0]">&gt;&gt;</a>&nbsp;&nbsp;&nbsp;chSchGoSleepTimeoutS
<LI><a href="#[11e]">&gt;&gt;</a>&nbsp;&nbsp;&nbsp;timer_init
<LI><a href="#[43]">&gt;&gt;</a>&nbsp;&nbsp;&nbsp;update_fn
<LI><a href="#[3f]">&gt;&gt;</a>&nbsp;&nbsp;&nbsp;keyboard_idle_timer_cb
<LI><a href="#[bd]">&gt;&gt;</a>&nbsp;&nbsp;&nbsp;chVTSetI
<LI><a href="#[4b]">&gt;&gt;</a>&nbsp;&nbsp;&nbsp;usb_requests_hook_cb
</UL>

<P><STRONG><a name="[b6]"></a>chVTDoTickI</STRONG> (Thumb, 128 bytes, Stack size 24 bytes, chvt.o(.text.chVTDoTickI))
<BR><BR>[Stack]<UL><LI>Max Depth = 24<LI>Call Chain = chVTDoTickI
</UL>
<BR>[Called By]<UL><LI><a href="#[6f]">&gt;&gt;</a>&nbsp;&nbsp;&nbsp;chSysTimerHandlerI
</UL>

<P><STRONG><a name="[99]"></a>clear_keyboard</STRONG> (Thumb, 20 bytes, Stack size 8 bytes, action.o(.text.clear_keyboard))
<BR><BR>[Stack]<UL><LI>Max Depth = 44<LI>Call Chain = clear_keyboard &rArr; send_keyboard_report &rArr; send_6kro_report &rArr; memcmp
</UL>
<BR>[Calls]<UL><LI><a href="#[bf]">&gt;&gt;</a>&nbsp;&nbsp;&nbsp;clear_keys_from_report
<LI><a href="#[be]">&gt;&gt;</a>&nbsp;&nbsp;&nbsp;clear_mods
<LI><a href="#[c0]">&gt;&gt;</a>&nbsp;&nbsp;&nbsp;send_keyboard_report
<LI><a href="#[8f]">&gt;&gt;</a>&nbsp;&nbsp;&nbsp;clear_weak_mods
</UL>
<BR>[Called By]<UL><LI><a href="#[179]">&gt;&gt;</a>&nbsp;&nbsp;&nbsp;process_magic
<LI><a href="#[184]">&gt;&gt;</a>&nbsp;&nbsp;&nbsp;soft_reset_keyboard
<LI><a href="#[185]">&gt;&gt;</a>&nbsp;&nbsp;&nbsp;reset_keyboard
<LI><a href="#[91]">&gt;&gt;</a>&nbsp;&nbsp;&nbsp;action_tapping_process
</UL>

<P><STRONG><a name="[bf]"></a>clear_keys_from_report</STRONG> (Thumb, 16 bytes, Stack size 8 bytes, report.o(.text.clear_keys_from_report))
<BR><BR>[Stack]<UL><LI>Max Depth = 8<LI>Call Chain = clear_keys_from_report
</UL>
<BR>[Calls]<UL><LI><a href="#[5e]">&gt;&gt;</a>&nbsp;&nbsp;&nbsp;__aeabi_memclr
</UL>
<BR>[Called By]<UL><LI><a href="#[99]">&gt;&gt;</a>&nbsp;&nbsp;&nbsp;clear_keyboard
</UL>

<P><STRONG><a name="[be]"></a>clear_mods</STRONG> (Thumb, 8 bytes, Stack size 0 bytes, action_util.o(.text.clear_mods))
<BR><BR>[Called By]<UL><LI><a href="#[99]">&gt;&gt;</a>&nbsp;&nbsp;&nbsp;clear_keyboard
</UL>

<P><STRONG><a name="[c1]"></a>clear_oneshot_layer_state</STRONG> (Thumb, 44 bytes, Stack size 8 bytes, action_util.o(.text.clear_oneshot_layer_state))
<BR><BR>[Stack]<UL><LI>Max Depth = 24<LI>Call Chain = clear_oneshot_layer_state &rArr; layer_off &rArr; layer_state_set_kb
</UL>
<BR>[Calls]<UL><LI><a href="#[c2]">&gt;&gt;</a>&nbsp;&nbsp;&nbsp;layer_off
<LI><a href="#[c3]">&gt;&gt;</a>&nbsp;&nbsp;&nbsp;oneshot_layer_changed_kb
</UL>
<BR>[Called By]<UL><LI><a href="#[159]">&gt;&gt;</a>&nbsp;&nbsp;&nbsp;oneshot_set
<LI><a href="#[169]">&gt;&gt;</a>&nbsp;&nbsp;&nbsp;process_action
<LI><a href="#[174]">&gt;&gt;</a>&nbsp;&nbsp;&nbsp;process_record
</UL>

<P><STRONG><a name="[8f]"></a>clear_weak_mods</STRONG> (Thumb, 8 bytes, Stack size 0 bytes, action_util.o(.text.clear_weak_mods))
<BR><BR>[Called By]<UL><LI><a href="#[99]">&gt;&gt;</a>&nbsp;&nbsp;&nbsp;clear_keyboard
<LI><a href="#[8e]">&gt;&gt;</a>&nbsp;&nbsp;&nbsp;action_exec
</UL>

<P><STRONG><a name="[c4]"></a>debounce</STRONG> (Thumb, 100 bytes, Stack size 24 bytes, sym_defer_g.o(.text.debounce))
<BR><BR>[Stack]<UL><LI>Max Depth = 104<LI>Call Chain = debounce &rArr; timer_elapsed32 &rArr; timer_read32 &rArr; __aeabi_uldivmod &rArr; __aeabi_llsr
</UL>
<BR>[Calls]<UL><LI><a href="#[c5]">&gt;&gt;</a>&nbsp;&nbsp;&nbsp;timer_read32
<LI><a href="#[c6]">&gt;&gt;</a>&nbsp;&nbsp;&nbsp;timer_elapsed32
<LI><a href="#[c7]">&gt;&gt;</a>&nbsp;&nbsp;&nbsp;memcmp
<LI><a href="#[c8]">&gt;&gt;</a>&nbsp;&nbsp;&nbsp;__aeabi_memcpy4
</UL>
<BR>[Called By]<UL><LI><a href="#[a2]">&gt;&gt;</a>&nbsp;&nbsp;&nbsp;matrix_scan
</UL>

<P><STRONG><a name="[147]"></a>debounce_init</STRONG> (Thumb, 2 bytes, Stack size 0 bytes, sym_defer_g.o(.text.debounce_init))
<BR><BR>[Called By]<UL><LI><a href="#[120]">&gt;&gt;</a>&nbsp;&nbsp;&nbsp;matrix_init
</UL>

<P><STRONG><a name="[189]"></a>debug_event</STRONG> (Thumb, 2 bytes, Stack size 0 bytes, action.o(.text.debug_event))
<BR><BR>[Called By]<UL><LI><a href="#[97]">&gt;&gt;</a>&nbsp;&nbsp;&nbsp;process_tapping
</UL>

<P><STRONG><a name="[98]"></a>debug_record</STRONG> (Thumb, 2 bytes, Stack size 0 bytes, action.o(.text.debug_record))
<BR><BR>[Called By]<UL><LI><a href="#[9a]">&gt;&gt;</a>&nbsp;&nbsp;&nbsp;debug_waiting_buffer
<LI><a href="#[97]">&gt;&gt;</a>&nbsp;&nbsp;&nbsp;process_tapping
<LI><a href="#[91]">&gt;&gt;</a>&nbsp;&nbsp;&nbsp;action_tapping_process
</UL>

<P><STRONG><a name="[c9]"></a>default_layer_and</STRONG> (Thumb, 16 bytes, Stack size 8 bytes, action_layer.o(.text.default_layer_and))
<BR><BR>[Stack]<UL><LI>Max Depth = 16<LI>Call Chain = default_layer_and &rArr; default_layer_state_set_kb
</UL>
<BR>[Calls]<UL><LI><a href="#[ca]">&gt;&gt;</a>&nbsp;&nbsp;&nbsp;default_layer_state_set_kb
</UL>
<BR>[Called By]<UL><LI><a href="#[169]">&gt;&gt;</a>&nbsp;&nbsp;&nbsp;process_action
</UL>

<P><STRONG><a name="[17e]"></a>default_layer_debug</STRONG> (Thumb, 2 bytes, Stack size 0 bytes, action_layer.o(.text.default_layer_debug))
<BR><BR>[Called By]<UL><LI><a href="#[17b]">&gt;&gt;</a>&nbsp;&nbsp;&nbsp;process_record_handler
</UL>

<P><STRONG><a name="[cb]"></a>default_layer_or</STRONG> (Thumb, 16 bytes, Stack size 8 bytes, action_layer.o(.text.default_layer_or))
<BR><BR>[Stack]<UL><LI>Max Depth = 16<LI>Call Chain = default_layer_or &rArr; default_layer_state_set_kb
</UL>
<BR>[Calls]<UL><LI><a href="#[ca]">&gt;&gt;</a>&nbsp;&nbsp;&nbsp;default_layer_state_set_kb
</UL>
<BR>[Called By]<UL><LI><a href="#[169]">&gt;&gt;</a>&nbsp;&nbsp;&nbsp;process_action
</UL>

<P><STRONG><a name="[cc]"></a>default_layer_set</STRONG> (Thumb, 12 bytes, Stack size 8 bytes, action_layer.o(.text.default_layer_set))
<BR><BR>[Stack]<UL><LI>Max Depth = 16<LI>Call Chain = default_layer_set &rArr; default_layer_state_set_kb
</UL>
<BR>[Calls]<UL><LI><a href="#[ca]">&gt;&gt;</a>&nbsp;&nbsp;&nbsp;default_layer_state_set_kb
</UL>
<BR>[Called By]<UL><LI><a href="#[121]">&gt;&gt;</a>&nbsp;&nbsp;&nbsp;magic
<LI><a href="#[169]">&gt;&gt;</a>&nbsp;&nbsp;&nbsp;process_action
</UL>

<P><STRONG><a name="[ca]"></a>default_layer_state_set_kb</STRONG> (Thumb, 8 bytes, Stack size 8 bytes, action_layer.o(.text.default_layer_state_set_kb))
<BR><BR>[Stack]<UL><LI>Max Depth = 8<LI>Call Chain = default_layer_state_set_kb
</UL>
<BR>[Calls]<UL><LI><a href="#[cd]">&gt;&gt;</a>&nbsp;&nbsp;&nbsp;default_layer_state_set_user
</UL>
<BR>[Called By]<UL><LI><a href="#[ce]">&gt;&gt;</a>&nbsp;&nbsp;&nbsp;default_layer_xor
<LI><a href="#[c9]">&gt;&gt;</a>&nbsp;&nbsp;&nbsp;default_layer_and
<LI><a href="#[cb]">&gt;&gt;</a>&nbsp;&nbsp;&nbsp;default_layer_or
<LI><a href="#[cc]">&gt;&gt;</a>&nbsp;&nbsp;&nbsp;default_layer_set
</UL>

<P><STRONG><a name="[cd]"></a>default_layer_state_set_user</STRONG> (Thumb, 2 bytes, Stack size 0 bytes, action_layer.o(.text.default_layer_state_set_user))
<BR><BR>[Called By]<UL><LI><a href="#[ca]">&gt;&gt;</a>&nbsp;&nbsp;&nbsp;default_layer_state_set_kb
</UL>

<P><STRONG><a name="[ce]"></a>default_layer_xor</STRONG> (Thumb, 16 bytes, Stack size 8 bytes, action_layer.o(.text.default_layer_xor))
<BR><BR>[Stack]<UL><LI>Max Depth = 16<LI>Call Chain = default_layer_xor &rArr; default_layer_state_set_kb
</UL>
<BR>[Calls]<UL><LI><a href="#[ca]">&gt;&gt;</a>&nbsp;&nbsp;&nbsp;default_layer_state_set_kb
</UL>
<BR>[Called By]<UL><LI><a href="#[169]">&gt;&gt;</a>&nbsp;&nbsp;&nbsp;process_action
</UL>

<P><STRONG><a name="[178]"></a>del_key_from_report</STRONG> (Thumb, 28 bytes, Stack size 0 bytes, report.o(.text.del_key_from_report))
<BR><BR>[Called By]<UL><LI><a href="#[175]">&gt;&gt;</a>&nbsp;&nbsp;&nbsp;process_grave_esc
<LI><a href="#[16b]">&gt;&gt;</a>&nbsp;&nbsp;&nbsp;unregister_code
<LI><a href="#[170]">&gt;&gt;</a>&nbsp;&nbsp;&nbsp;register_code
</UL>

<P><STRONG><a name="[16d]"></a>del_mods</STRONG> (Thumb, 12 bytes, Stack size 0 bytes, action_util.o(.text.del_mods))
<BR><BR>[Called By]<UL><LI><a href="#[162]">&gt;&gt;</a>&nbsp;&nbsp;&nbsp;unregister_mods
<LI><a href="#[16b]">&gt;&gt;</a>&nbsp;&nbsp;&nbsp;unregister_code
<LI><a href="#[169]">&gt;&gt;</a>&nbsp;&nbsp;&nbsp;process_action
</UL>

<P><STRONG><a name="[cf]"></a>del_oneshot_locked_mods</STRONG> (Thumb, 24 bytes, Stack size 8 bytes, action_util.o(.text.del_oneshot_locked_mods))
<BR><BR>[Stack]<UL><LI>Max Depth = 16<LI>Call Chain = del_oneshot_locked_mods &rArr; oneshot_locked_mods_changed_kb
</UL>
<BR>[Calls]<UL><LI><a href="#[d0]">&gt;&gt;</a>&nbsp;&nbsp;&nbsp;oneshot_locked_mods_changed_kb
</UL>
<BR>[Called By]<UL><LI><a href="#[169]">&gt;&gt;</a>&nbsp;&nbsp;&nbsp;process_action
</UL>

<P><STRONG><a name="[d1]"></a>del_oneshot_mods</STRONG> (Thumb, 24 bytes, Stack size 8 bytes, action_util.o(.text.del_oneshot_mods))
<BR><BR>[Stack]<UL><LI>Max Depth = 16<LI>Call Chain = del_oneshot_mods &rArr; oneshot_mods_changed_kb
</UL>
<BR>[Calls]<UL><LI><a href="#[9c]">&gt;&gt;</a>&nbsp;&nbsp;&nbsp;oneshot_mods_changed_kb
</UL>
<BR>[Called By]<UL><LI><a href="#[169]">&gt;&gt;</a>&nbsp;&nbsp;&nbsp;process_action
</UL>

<P><STRONG><a name="[16c]"></a>del_weak_mods</STRONG> (Thumb, 12 bytes, Stack size 0 bytes, action_util.o(.text.del_weak_mods))
<BR><BR>[Called By]<UL><LI><a href="#[169]">&gt;&gt;</a>&nbsp;&nbsp;&nbsp;process_action
</UL>

<P><STRONG><a name="[d2]"></a>dynamic_keymap_get_buffer</STRONG> (Thumb, 52 bytes, Stack size 24 bytes, dynamic_keymap.o(.text.dynamic_keymap_get_buffer))
<BR><BR>[Stack]<UL><LI>Max Depth = 56<LI>Call Chain = dynamic_keymap_get_buffer &rArr; eeprom_read_byte &rArr; eeprom_read_block
</UL>
<BR>[Calls]<UL><LI><a href="#[d3]">&gt;&gt;</a>&nbsp;&nbsp;&nbsp;eeprom_read_byte
</UL>
<BR>[Called By]<UL><LI><a href="#[1a6]">&gt;&gt;</a>&nbsp;&nbsp;&nbsp;raw_hid_receive
</UL>

<P><STRONG><a name="[d4]"></a>dynamic_keymap_get_keycode</STRONG> (Thumb, 54 bytes, Stack size 16 bytes, dynamic_keymap.o(.text.dynamic_keymap_get_keycode))
<BR><BR>[Stack]<UL><LI>Max Depth = 48<LI>Call Chain = dynamic_keymap_get_keycode &rArr; eeprom_read_byte &rArr; eeprom_read_block
</UL>
<BR>[Calls]<UL><LI><a href="#[d3]">&gt;&gt;</a>&nbsp;&nbsp;&nbsp;eeprom_read_byte
</UL>
<BR>[Called By]<UL><LI><a href="#[130]">&gt;&gt;</a>&nbsp;&nbsp;&nbsp;keycode_at_keymap_location
<LI><a href="#[1a6]">&gt;&gt;</a>&nbsp;&nbsp;&nbsp;raw_hid_receive
</UL>

<P><STRONG><a name="[1ab]"></a>dynamic_keymap_get_layer_count</STRONG> (Thumb, 4 bytes, Stack size 0 bytes, dynamic_keymap.o(.text.dynamic_keymap_get_layer_count))
<BR><BR>[Called By]<UL><LI><a href="#[1a6]">&gt;&gt;</a>&nbsp;&nbsp;&nbsp;raw_hid_receive
</UL>

<P><STRONG><a name="[d5]"></a>dynamic_keymap_macro_get_buffer</STRONG> (Thumb, 56 bytes, Stack size 24 bytes, dynamic_keymap.o(.text.dynamic_keymap_macro_get_buffer))
<BR><BR>[Stack]<UL><LI>Max Depth = 56<LI>Call Chain = dynamic_keymap_macro_get_buffer &rArr; eeprom_read_byte &rArr; eeprom_read_block
</UL>
<BR>[Calls]<UL><LI><a href="#[d3]">&gt;&gt;</a>&nbsp;&nbsp;&nbsp;eeprom_read_byte
</UL>
<BR>[Called By]<UL><LI><a href="#[1a6]">&gt;&gt;</a>&nbsp;&nbsp;&nbsp;raw_hid_receive
</UL>

<P><STRONG><a name="[1aa]"></a>dynamic_keymap_macro_get_buffer_size</STRONG> (Thumb, 4 bytes, Stack size 0 bytes, dynamic_keymap.o(.text.dynamic_keymap_macro_get_buffer_size))
<BR><BR>[Called By]<UL><LI><a href="#[1a6]">&gt;&gt;</a>&nbsp;&nbsp;&nbsp;raw_hid_receive
</UL>

<P><STRONG><a name="[1a9]"></a>dynamic_keymap_macro_get_count</STRONG> (Thumb, 4 bytes, Stack size 0 bytes, dynamic_keymap.o(.text.dynamic_keymap_macro_get_count))
<BR><BR>[Called By]<UL><LI><a href="#[1a6]">&gt;&gt;</a>&nbsp;&nbsp;&nbsp;raw_hid_receive
</UL>

<P><STRONG><a name="[d6]"></a>dynamic_keymap_macro_reset</STRONG> (Thumb, 24 bytes, Stack size 8 bytes, dynamic_keymap.o(.text.dynamic_keymap_macro_reset))
<BR><BR>[Stack]<UL><LI>Max Depth = 48<LI>Call Chain = dynamic_keymap_macro_reset &rArr; eeprom_update_byte &rArr; eeprom_read_block
</UL>
<BR>[Calls]<UL><LI><a href="#[d7]">&gt;&gt;</a>&nbsp;&nbsp;&nbsp;eeprom_update_byte
</UL>
<BR>[Called By]<UL><LI><a href="#[1a6]">&gt;&gt;</a>&nbsp;&nbsp;&nbsp;raw_hid_receive
<LI><a href="#[ea]">&gt;&gt;</a>&nbsp;&nbsp;&nbsp;eeconfig_init_via
</UL>

<P><STRONG><a name="[d8]"></a>dynamic_keymap_macro_send</STRONG> (Thumb, 200 bytes, Stack size 40 bytes, dynamic_keymap.o(.text.dynamic_keymap_macro_send))
<BR><BR>[Stack]<UL><LI>Max Depth = 184<LI>Call Chain = dynamic_keymap_macro_send &rArr; send_string_with_delay &rArr; send_char &rArr; tap_code &rArr; tap_code_delay &rArr; chThdSleep &rArr; chSchGoSleepTimeoutS &rArr; chVTDoSetI &rArr; vt_enqueue
</UL>
<BR>[Calls]<UL><LI><a href="#[d9]">&gt;&gt;</a>&nbsp;&nbsp;&nbsp;send_string_with_delay
<LI><a href="#[d3]">&gt;&gt;</a>&nbsp;&nbsp;&nbsp;eeprom_read_byte
</UL>
<BR>[Called By]<UL><LI><a href="#[181]">&gt;&gt;</a>&nbsp;&nbsp;&nbsp;process_record_via
</UL>

<P><STRONG><a name="[da]"></a>dynamic_keymap_macro_set_buffer</STRONG> (Thumb, 52 bytes, Stack size 24 bytes, dynamic_keymap.o(.text.dynamic_keymap_macro_set_buffer))
<BR><BR>[Stack]<UL><LI>Max Depth = 64<LI>Call Chain = dynamic_keymap_macro_set_buffer &rArr; eeprom_update_byte &rArr; eeprom_read_block
</UL>
<BR>[Calls]<UL><LI><a href="#[d7]">&gt;&gt;</a>&nbsp;&nbsp;&nbsp;eeprom_update_byte
</UL>
<BR>[Called By]<UL><LI><a href="#[1a6]">&gt;&gt;</a>&nbsp;&nbsp;&nbsp;raw_hid_receive
</UL>

<P><STRONG><a name="[db]"></a>dynamic_keymap_reset</STRONG> (Thumb, 70 bytes, Stack size 32 bytes, dynamic_keymap.o(.text.dynamic_keymap_reset))
<BR><BR>[Stack]<UL><LI>Max Depth = 88<LI>Call Chain = dynamic_keymap_reset &rArr; dynamic_keymap_set_keycode &rArr; eeprom_update_byte &rArr; eeprom_read_block
</UL>
<BR>[Calls]<UL><LI><a href="#[dc]">&gt;&gt;</a>&nbsp;&nbsp;&nbsp;keycode_at_keymap_location_raw
<LI><a href="#[dd]">&gt;&gt;</a>&nbsp;&nbsp;&nbsp;dynamic_keymap_set_keycode
</UL>
<BR>[Called By]<UL><LI><a href="#[1a6]">&gt;&gt;</a>&nbsp;&nbsp;&nbsp;raw_hid_receive
<LI><a href="#[ea]">&gt;&gt;</a>&nbsp;&nbsp;&nbsp;eeconfig_init_via
</UL>

<P><STRONG><a name="[de]"></a>dynamic_keymap_set_buffer</STRONG> (Thumb, 48 bytes, Stack size 24 bytes, dynamic_keymap.o(.text.dynamic_keymap_set_buffer))
<BR><BR>[Stack]<UL><LI>Max Depth = 64<LI>Call Chain = dynamic_keymap_set_buffer &rArr; eeprom_update_byte &rArr; eeprom_read_block
</UL>
<BR>[Calls]<UL><LI><a href="#[d7]">&gt;&gt;</a>&nbsp;&nbsp;&nbsp;eeprom_update_byte
</UL>
<BR>[Called By]<UL><LI><a href="#[1a6]">&gt;&gt;</a>&nbsp;&nbsp;&nbsp;raw_hid_receive
</UL>

<P><STRONG><a name="[dd]"></a>dynamic_keymap_set_keycode</STRONG> (Thumb, 52 bytes, Stack size 16 bytes, dynamic_keymap.o(.text.dynamic_keymap_set_keycode))
<BR><BR>[Stack]<UL><LI>Max Depth = 56<LI>Call Chain = dynamic_keymap_set_keycode &rArr; eeprom_update_byte &rArr; eeprom_read_block
</UL>
<BR>[Calls]<UL><LI><a href="#[d7]">&gt;&gt;</a>&nbsp;&nbsp;&nbsp;eeprom_update_byte
</UL>
<BR>[Called By]<UL><LI><a href="#[1a6]">&gt;&gt;</a>&nbsp;&nbsp;&nbsp;raw_hid_receive
<LI><a href="#[db]">&gt;&gt;</a>&nbsp;&nbsp;&nbsp;dynamic_keymap_reset
</UL>

<P><STRONG><a name="[79]"></a>early_hardware_init_post</STRONG> (Thumb, 2 bytes, Stack size 0 bytes, chibios.o(.text.early_hardware_init_post))
<BR><BR>[Called By]<UL><LI><a href="#[57]">&gt;&gt;</a>&nbsp;&nbsp;&nbsp;__early_init
</UL>

<P><STRONG><a name="[77]"></a>early_hardware_init_pre</STRONG> (Thumb, 2 bytes, Stack size 0 bytes, chibios.o(.text.early_hardware_init_pre))
<BR><BR>[Called By]<UL><LI><a href="#[57]">&gt;&gt;</a>&nbsp;&nbsp;&nbsp;__early_init
</UL>

<P><STRONG><a name="[a7]"></a>eeconfig_disable</STRONG> (Thumb, 16 bytes, Stack size 8 bytes, eeconfig.o(.text.eeconfig_disable))
<BR><BR>[Stack]<UL><LI>Max Depth = 48<LI>Call Chain = eeconfig_disable &rArr; eeprom_update_word &rArr; eeprom_read_block
</UL>
<BR>[Calls]<UL><LI><a href="#[e0]">&gt;&gt;</a>&nbsp;&nbsp;&nbsp;eeprom_update_word
<LI><a href="#[df]">&gt;&gt;</a>&nbsp;&nbsp;&nbsp;eeprom_driver_erase
</UL>
<BR>[Called By]<UL><LI><a href="#[17a]">&gt;&gt;</a>&nbsp;&nbsp;&nbsp;process_record_quantum
<LI><a href="#[a5]">&gt;&gt;</a>&nbsp;&nbsp;&nbsp;bootmagic_lite_reset_eeprom
</UL>

<P><STRONG><a name="[e1]"></a>eeconfig_init</STRONG> (Thumb, 8 bytes, Stack size 8 bytes, eeconfig.o(.text.eeconfig_init))
<BR><BR>[Stack]<UL><LI>Max Depth = 128<LI>Call Chain = eeconfig_init &rArr; eeconfig_init_quantum &rArr; eeconfig_init_via &rArr; dynamic_keymap_reset &rArr; dynamic_keymap_set_keycode &rArr; eeprom_update_byte &rArr; eeprom_read_block
</UL>
<BR>[Calls]<UL><LI><a href="#[e2]">&gt;&gt;</a>&nbsp;&nbsp;&nbsp;eeconfig_init_quantum
</UL>
<BR>[Called By]<UL><LI><a href="#[121]">&gt;&gt;</a>&nbsp;&nbsp;&nbsp;magic
</UL>

<P><STRONG><a name="[e3]"></a>eeconfig_init_kb</STRONG> (Thumb, 8 bytes, Stack size 8 bytes, eeconfig.o(.text.eeconfig_init_kb))
<BR><BR>[Stack]<UL><LI>Max Depth = 8<LI>Call Chain = eeconfig_init_kb
</UL>
<BR>[Calls]<UL><LI><a href="#[e4]">&gt;&gt;</a>&nbsp;&nbsp;&nbsp;eeconfig_init_user
</UL>
<BR>[Called By]<UL><LI><a href="#[e2]">&gt;&gt;</a>&nbsp;&nbsp;&nbsp;eeconfig_init_quantum
</UL>

<P><STRONG><a name="[e5]"></a>eeconfig_init_kb_datablock</STRONG> (Thumb, 34 bytes, Stack size 24 bytes, eeconfig.o(.text.eeconfig_init_kb_datablock))
<BR><BR>[Stack]<UL><LI>Max Depth = 64<LI>Call Chain = eeconfig_init_kb_datablock &rArr; eeprom_update_dword &rArr; eeprom_read_block
</UL>
<BR>[Calls]<UL><LI><a href="#[e7]">&gt;&gt;</a>&nbsp;&nbsp;&nbsp;eeprom_update_block
<LI><a href="#[e6]">&gt;&gt;</a>&nbsp;&nbsp;&nbsp;eeprom_update_dword
</UL>
<BR>[Called By]<UL><LI><a href="#[e2]">&gt;&gt;</a>&nbsp;&nbsp;&nbsp;eeconfig_init_quantum
</UL>

[...]
</UL>

<P><STRONG><a name="[1d5]"></a>usbd_ep_start_read</STRONG> (Thumb, 104 bytes, Stack size 24 bytes, hal_usb_lld.o(.text.usbd_ep_start_read))
<BR><BR>[Stack]<UL><LI>Max Depth = 24<LI>Call Chain = usbd_ep_start_read
</UL>
<BR>[Called By]<UL><LI><a href="#[81]">&gt;&gt;</a>&nbsp;&nbsp;&nbsp;usb_lld_start_out
</UL>

<P><STRONG><a name="[109]"></a>usbd_ep_start_write</STRONG> (Thumb, 172 bytes, Stack size 32 bytes, hal_usb_lld.o(.text.usbd_ep_start_write))
<BR><BR>[Stack]<UL><LI>Max Depth = 60<LI>Call Chain = usbd_ep_start_write &rArr; usbd_write_packet
</UL>
<BR>[Calls]<UL><LI><a href="#[73]">&gt;&gt;</a>&nbsp;&nbsp;&nbsp;usbd_write_packet
</UL>
<BR>[Called By]<UL><LI><a href="#[74]">&gt;&gt;</a>&nbsp;&nbsp;&nbsp;handle_ep0
<LI><a href="#[84]">&gt;&gt;</a>&nbsp;&nbsp;&nbsp;usb_lld_start_in
</UL>

<P><STRONG><a name="[108]"></a>usbd_read_packet</STRONG> (Thumb, 88 bytes, Stack size 24 bytes, hal_usb_lld.o(.text.usbd_read_packet))
<BR><BR>[Stack]<UL><LI>Max Depth = 24<LI>Call Chain = usbd_read_packet
</UL>
<BR>[Calls]<UL><LI><a href="#[76]">&gt;&gt;</a>&nbsp;&nbsp;&nbsp;ald_usb_ep_data_avail
</UL>
<BR>[Called By]<UL><LI><a href="#[74]">&gt;&gt;</a>&nbsp;&nbsp;&nbsp;handle_ep0
</UL>

<P><STRONG><a name="[73]"></a>usbd_write_packet</STRONG> (Thumb, 156 bytes, Stack size 28 bytes, hal_usb_lld.o(.text.usbd_write_packet))
<BR><BR>[Stack]<UL><LI>Max Depth = 28<LI>Call Chain = usbd_write_packet
</UL>
<BR>[Called By]<UL><LI><a href="#[37]">&gt;&gt;</a>&nbsp;&nbsp;&nbsp;VectorBC
<LI><a href="#[109]">&gt;&gt;</a>&nbsp;&nbsp;&nbsp;usbd_ep_start_write
</UL>

<P><STRONG><a name="[1a7]"></a>via_command_kb</STRONG> (Thumb, 4 bytes, Stack size 0 bytes, via.o(.text.via_command_kb))
<BR><BR>[Called By]<UL><LI><a href="#[1a6]">&gt;&gt;</a>&nbsp;&nbsp;&nbsp;raw_hid_receive
</UL>

<P><STRONG><a name="[1a8]"></a>via_custom_value_command</STRONG> (Thumb, 8 bytes, Stack size 8 bytes, via.o(.text.via_custom_value_command))
<BR><BR>[Stack]<UL><LI>Max Depth = 8<LI>Call Chain = via_custom_value_command
</UL>
<BR>[Calls]<UL><LI><a href="#[1d8]">&gt;&gt;</a>&nbsp;&nbsp;&nbsp;via_custom_value_command_kb
</UL>
<BR>[Called By]<UL><LI><a href="#[1a6]">&gt;&gt;</a>&nbsp;&nbsp;&nbsp;raw_hid_receive
</UL>

<P><STRONG><a name="[1d8]"></a>via_custom_value_command_kb</STRONG> (Thumb, 6 bytes, Stack size 0 bytes, via.o(.text.via_custom_value_command_kb))
<BR><BR>[Called By]<UL><LI><a href="#[1a8]">&gt;&gt;</a>&nbsp;&nbsp;&nbsp;via_custom_value_command
</UL>

<P><STRONG><a name="[ee]"></a>via_eeprom_is_valid</STRONG> (Thumb, 40 bytes, Stack size 8 bytes, via.o(.text.via_eeprom_is_valid))
<BR><BR>[Stack]<UL><LI>Max Depth = 40<LI>Call Chain = via_eeprom_is_valid &rArr; eeprom_read_byte &rArr; eeprom_read_block
</UL>
<BR>[Calls]<UL><LI><a href="#[d3]">&gt;&gt;</a>&nbsp;&nbsp;&nbsp;eeprom_read_byte
</UL>
<BR>[Called By]<UL><LI><a href="#[11f]">&gt;&gt;</a>&nbsp;&nbsp;&nbsp;via_init
<LI><a href="#[ec]">&gt;&gt;</a>&nbsp;&nbsp;&nbsp;eeconfig_is_enabled
</UL>

<P><STRONG><a name="[e9]"></a>via_eeprom_set_valid</STRONG> (Thumb, 54 bytes, Stack size 16 bytes, via.o(.text.via_eeprom_set_valid))
<BR><BR>[Stack]<UL><LI>Max Depth = 56<LI>Call Chain = via_eeprom_set_valid &rArr; eeprom_update_byte &rArr; eeprom_read_block
</UL>
<BR>[Calls]<UL><LI><a href="#[d7]">&gt;&gt;</a>&nbsp;&nbsp;&nbsp;eeprom_update_byte
</UL>
<BR>[Called By]<UL><LI><a href="#[ea]">&gt;&gt;</a>&nbsp;&nbsp;&nbsp;eeconfig_init_via
<LI><a href="#[e2]">&gt;&gt;</a>&nbsp;&nbsp;&nbsp;eeconfig_init_quantum
</UL>

<P><STRONG><a name="[11f]"></a>via_init</STRONG> (Thumb, 30 bytes, Stack size 8 bytes, via.o(.text.via_init))
<BR><BR>[Stack]<UL><LI>Max Depth = 104<LI>Call Chain = via_init &rArr; eeconfig_init_via &rArr; dynamic_keymap_reset &rArr; dynamic_keymap_set_keycode &rArr; eeprom_update_byte &rArr; eeprom_read_block
</UL>
<BR>[Calls]<UL><LI><a href="#[eb]">&gt;&gt;</a>&nbsp;&nbsp;&nbsp;via_set_layout_options_kb
<LI><a href="#[1d9]">&gt;&gt;</a>&nbsp;&nbsp;&nbsp;via_init_kb
<LI><a href="#[d3]">&gt;&gt;</a>&nbsp;&nbsp;&nbsp;eeprom_read_byte
<LI><a href="#[ee]">&gt;&gt;</a>&nbsp;&nbsp;&nbsp;via_eeprom_is_valid
<LI><a href="#[ea]">&gt;&gt;</a>&nbsp;&nbsp;&nbsp;eeconfig_init_via
</UL>
<BR>[Called By]<UL><LI><a href="#[11d]">&gt;&gt;</a>&nbsp;&nbsp;&nbsp;keyboard_init
</UL>

<P><STRONG><a name="[1d9]"></a>via_init_kb</STRONG> (Thumb, 2 bytes, Stack size 0 bytes, via.o(.text.via_init_kb))
<BR><BR>[Called By]<UL><LI><a href="#[11f]">&gt;&gt;</a>&nbsp;&nbsp;&nbsp;via_init
</UL>

<P><STRONG><a name="[1ac]"></a>via_set_device_indication</STRONG> (Thumb, 2 bytes, Stack size 0 bytes, via.o(.text.via_set_device_indication))
<BR><BR>[Called By]<UL><LI><a href="#[1a6]">&gt;&gt;</a>&nbsp;&nbsp;&nbsp;raw_hid_receive
</UL>

<P><STRONG><a name="[eb]"></a>via_set_layout_options_kb</STRONG> (Thumb, 2 bytes, Stack size 0 bytes, via.o(.text.via_set_layout_options_kb))
<BR><BR>[Called By]<UL><LI><a href="#[1a6]">&gt;&gt;</a>&nbsp;&nbsp;&nbsp;raw_hid_receive
<LI><a href="#[11f]">&gt;&gt;</a>&nbsp;&nbsp;&nbsp;via_init
<LI><a href="#[ea]">&gt;&gt;</a>&nbsp;&nbsp;&nbsp;eeconfig_init_via
</UL>

<P><STRONG><a name="[6c]"></a>__ARM_clz</STRONG> (Thumb, 46 bytes, Stack size 0 bytes, depilogue.o(i.__ARM_clz))
<BR><BR>[Called By]<UL><LI><a href="#[63]">&gt;&gt;</a>&nbsp;&nbsp;&nbsp;_double_epilogue
</UL>

<P><STRONG><a name="[1eb]"></a>__scatterload_copy</STRONG> (Thumb, 14 bytes, Stack size unknown bytes, handlers.o(i.__scatterload_copy), UNUSED)

<P><STRONG><a name="[1ec]"></a>__scatterload_null</STRONG> (Thumb, 2 bytes, Stack size unknown bytes, handlers.o(i.__scatterload_null), UNUSED)

<P><STRONG><a name="[1ed]"></a>__scatterload_zeroinit</STRONG> (Thumb, 14 bytes, Stack size unknown bytes, handlers.o(i.__scatterload_zeroinit), UNUSED)
<P>
<H3>
Local Symbols
</H3>
<P><STRONG><a name="[3d]"></a>__sch_wakeup</STRONG> (Thumb, 90 bytes, Stack size 0 bytes, chschd.o(.text.__sch_wakeup))
<BR>[Address Reference Count : 1]<UL><LI> chschd.o(.text.chSchGoSleepTimeoutS)
</UL>
<P><STRONG><a name="[7b]"></a>__sch_reschedule_ahead</STRONG> (Thumb, 52 bytes, Stack size 8 bytes, chschd.o(.text.__sch_reschedule_ahead))
<BR><BR>[Stack]<UL><LI>Max Depth = 8<LI>Call Chain = __sch_reschedule_ahead
</UL>
<BR>[Calls]<UL><LI><a href="#[7c]">&gt;&gt;</a>&nbsp;&nbsp;&nbsp;__port_switch
</UL>
<BR>[Called By]<UL><LI><a href="#[b3]">&gt;&gt;</a>&nbsp;&nbsp;&nbsp;chSchRescheduleS
</UL>

<P><STRONG><a name="[bc]"></a>vt_enqueue</STRONG> (Thumb, 48 bytes, Stack size 16 bytes, chvt.o(.text.vt_enqueue))
<BR><BR>[Stack]<UL><LI>Max Depth = 16<LI>Call Chain = vt_enqueue
</UL>
<BR>[Called By]<UL><LI><a href="#[b1]">&gt;&gt;</a>&nbsp;&nbsp;&nbsp;chVTDoSetI
</UL>

<P><STRONG><a name="[3c]"></a>__idle_thread</STRONG> (Thumb, 2 bytes, Stack size 0 bytes, chinstances.o(.text.__idle_thread))
<BR><BR>[Calls]<UL><LI><a href="#[3c]">&gt;&gt;</a>&nbsp;&nbsp;&nbsp;__idle_thread
</UL>
<BR>[Called By]<UL><LI><a href="#[3c]">&gt;&gt;</a>&nbsp;&nbsp;&nbsp;__idle_thread
</UL>
<BR>[Address Reference Count : 1]<UL><LI> chinstances.o(.text.chInstanceObjectInit)
</UL>
<P><STRONG><a name="[97]"></a>process_tapping</STRONG> (Thumb, 872 bytes, Stack size 56 bytes, action_tapping.o(.text.process_tapping))
<BR><BR>[Stack]<UL><LI>Max Depth = 312<LI>Call Chain = process_tapping &rArr; waiting_buffer_scan_tap &rArr; process_record &rArr; process_record_quantum &rArr; process_record_via &rArr; dynamic_keymap_macro_send &rArr; send_string_with_delay &rArr; send_char &rArr; tap_code &rArr; tap_code_delay &rArr; chThdSleep &rArr; chSchGoSleepTimeoutS &rArr; chVTDoSetI &rArr; vt_enqueue
</UL>
<BR>[Calls]<UL><LI><a href="#[11a]">&gt;&gt;</a>&nbsp;&nbsp;&nbsp;layer_switch_get_action
<LI><a href="#[18a]">&gt;&gt;</a>&nbsp;&nbsp;&nbsp;waiting_buffer_typed
<LI><a href="#[188]">&gt;&gt;</a>&nbsp;&nbsp;&nbsp;waiting_buffer_scan_tap
<LI><a href="#[98]">&gt;&gt;</a>&nbsp;&nbsp;&nbsp;debug_record
<LI><a href="#[119]">&gt;&gt;</a>&nbsp;&nbsp;&nbsp;is_tap_record
<LI><a href="#[187]">&gt;&gt;</a>&nbsp;&nbsp;&nbsp;process_record_tap_hint
<LI><a href="#[174]">&gt;&gt;</a>&nbsp;&nbsp;&nbsp;process_record
<LI><a href="#[189]">&gt;&gt;</a>&nbsp;&nbsp;&nbsp;debug_event
</UL>
<BR>[Called By]<UL><LI><a href="#[91]">&gt;&gt;</a>&nbsp;&nbsp;&nbsp;action_tapping_process
</UL>

<P><STRONG><a name="[9a]"></a>debug_waiting_buffer</STRONG> (Thumb, 56 bytes, Stack size 16 bytes, action_tapping.o(.text.debug_waiting_buffer))
<BR><BR>[Stack]<UL><LI>Max Depth = 16<LI>Call Chain = debug_waiting_buffer
</UL>
<BR>[Calls]<UL><LI><a href="#[98]">&gt;&gt;</a>&nbsp;&nbsp;&nbsp;debug_record
</UL>
<BR>[Called By]<UL><LI><a href="#[188]">&gt;&gt;</a>&nbsp;&nbsp;&nbsp;waiting_buffer_scan_tap
<LI><a href="#[91]">&gt;&gt;</a>&nbsp;&nbsp;&nbsp;action_tapping_process
</UL>

<P><STRONG><a name="[188]"></a>waiting_buffer_scan_tap</STRONG> (Thumb, 136 bytes, Stack size 32 bytes, action_tapping.o(.text.waiting_buffer_scan_tap))
<BR><BR>[Stack]<UL><LI>Max Depth = 256<LI>Call Chain = waiting_buffer_scan_tap &rArr; process_record &rArr; process_record_quantum &rArr; process_record_via &rArr; dynamic_keymap_macro_send &rArr; send_string_with_delay &rArr; send_char &rArr; tap_code &rArr; tap_code_delay &rArr; chThdSleep &rArr; chSchGoSleepTimeoutS &rArr; chVTDoSetI &rArr; vt_enqueue
</UL>
<BR>[Calls]<UL><LI><a href="#[9a]">&gt;&gt;</a>&nbsp;&nbsp;&nbsp;debug_waiting_buffer
<LI><a href="#[174]">&gt;&gt;</a>&nbsp;&nbsp;&nbsp;process_record
</UL>
<BR>[Called By]<UL><LI><a href="#[97]">&gt;&gt;</a>&nbsp;&nbsp;&nbsp;process_tapping
</UL>

<P><STRONG><a name="[18a]"></a>waiting_buffer_typed</STRONG> (Thumb, 84 bytes, Stack size 28 bytes, action_tapping.o(.text.waiting_buffer_typed))
<BR><BR>[Stack]<UL><LI>Max Depth = 28<LI>Call Chain = waiting_buffer_typed
</UL>
<BR>[Called By]<UL><LI><a href="#[97]">&gt;&gt;</a>&nbsp;&nbsp;&nbsp;process_tapping
</UL>

<P><STRONG><a name="[8]"></a>null_sendchar_func</STRONG> (Thumb, 4 bytes, Stack size 0 bytes, print.o(.text.null_sendchar_func))
<BR>[Address Reference Count : 1]<UL><LI> print.o(.data.func)
</UL>
<P><STRONG><a name="[41]"></a>ibnotify</STRONG> (Thumb, 10 bytes, Stack size 8 bytes, usb_driver.o(.text.ibnotify))
<BR><BR>[Stack]<UL><LI>Max Depth = 72<LI>Call Chain = ibnotify &rArr; qmkusb_start_receive &rArr; usbStartReceiveI &rArr; usb_lld_start_out &rArr; usbd_ep_start_read
</UL>
<BR>[Calls]<UL><LI><a href="#[10d]">&gt;&gt;</a>&nbsp;&nbsp;&nbsp;qmkusb_start_receive
</UL>
<BR>[Address Reference Count : 1]<UL><LI> usb_driver.o(.text.qmkusbObjectInit)
</UL>
<P><STRONG><a name="[42]"></a>obnotify</STRONG> (Thumb, 64 bytes, Stack size 16 bytes, usb_driver.o(.text.obnotify))
<BR><BR>[Stack]<UL><LI>Max Depth = 108<LI>Call Chain = obnotify &rArr; usbStartTransmitI &rArr; usb_lld_start_in &rArr; usbd_ep_start_write &rArr; usbd_write_packet
</UL>
<BR>[Calls]<UL><LI><a href="#[11b]">&gt;&gt;</a>&nbsp;&nbsp;&nbsp;usbStartTransmitI
<LI><a href="#[153]">&gt;&gt;</a>&nbsp;&nbsp;&nbsp;obqGetFullBufferI
</UL>
<BR>[Address Reference Count : 1]<UL><LI> usb_driver.o(.text.qmkusbObjectInit)
</UL>
<P><STRONG><a name="[10d]"></a>qmkusb_start_receive</STRONG> (Thumb, 62 bytes, Stack size 8 bytes, usb_driver.o(.text.qmkusb_start_receive))
<BR><BR>[Stack]<UL><LI>Max Depth = 64<LI>Call Chain = qmkusb_start_receive &rArr; usbStartReceiveI &rArr; usb_lld_start_out &rArr; usbd_ep_start_read
</UL>
<BR>[Calls]<UL><LI><a href="#[1a5]">&gt;&gt;</a>&nbsp;&nbsp;&nbsp;usbStartReceiveI
<LI><a href="#[1a4]">&gt;&gt;</a>&nbsp;&nbsp;&nbsp;ibqGetEmptyBufferI
</UL>
<BR>[Called By]<UL><LI><a href="#[6]">&gt;&gt;</a>&nbsp;&nbsp;&nbsp;qmkusbDataReceived
<LI><a href="#[19d]">&gt;&gt;</a>&nbsp;&nbsp;&nbsp;qmkusbConfigureHookI
<LI><a href="#[41]">&gt;&gt;</a>&nbsp;&nbsp;&nbsp;ibnotify
</UL>

<P><STRONG><a name="[4d]"></a>_write</STRONG> (Thumb, 14 bytes, Stack size 8 bytes, usb_driver.o(.text._write))
<BR><BR>[Stack]<UL><LI>Max Depth = 128<LI>Call Chain = _write &rArr; obqWriteTimeout &rArr; obqGetEmptyBufferTimeoutS &rArr; chThdEnqueueTimeoutS &rArr; chSchGoSleepTimeoutS &rArr; chVTDoSetI &rArr; vt_enqueue
</UL>
<BR>[Calls]<UL><LI><a href="#[8d]">&gt;&gt;</a>&nbsp;&nbsp;&nbsp;obqWriteTimeout
</UL>
<BR>[Address Reference Count : 1]<UL><LI> usb_driver.o(.rodata.vmt)
</UL>
<P><STRONG><a name="[4e]"></a>_read</STRONG> (Thumb, 14 bytes, Stack size 8 bytes, usb_driver.o(.text._read))
<BR><BR>[Stack]<UL><LI>Max Depth = 128<LI>Call Chain = _read &rArr; ibqReadTimeout &rArr; ibqGetFullBufferTimeoutS &rArr; chThdEnqueueTimeoutS &rArr; chSchGoSleepTimeoutS &rArr; chVTDoSetI &rArr; vt_enqueue
</UL>
<BR>[Calls]<UL><LI><a href="#[7f]">&gt;&gt;</a>&nbsp;&nbsp;&nbsp;ibqReadTimeout
</UL>
<BR>[Address Reference Count : 1]<UL><LI> usb_driver.o(.rodata.vmt)
</UL>
<P><STRONG><a name="[4f]"></a>_put</STRONG> (Thumb, 14 bytes, Stack size 8 bytes, usb_driver.o(.text._put))
<BR><BR>[Stack]<UL><LI>Max Depth = 112<LI>Call Chain = _put &rArr; obqPutTimeout &rArr; obqGetEmptyBufferTimeoutS &rArr; chThdEnqueueTimeoutS &rArr; chSchGoSleepTimeoutS &rArr; chVTDoSetI &rArr; vt_enqueue
</UL>
<BR>[Calls]<UL><LI><a href="#[7e]">&gt;&gt;</a>&nbsp;&nbsp;&nbsp;obqPutTimeout
</UL>
<BR>[Address Reference Count : 1]<UL><LI> usb_driver.o(.rodata.vmt)
</UL>
<P><STRONG><a name="[50]"></a>_get</STRONG> (Thumb, 14 bytes, Stack size 8 bytes, usb_driver.o(.text._get))
<BR><BR>[Stack]<UL><LI>Max Depth = 112<LI>Call Chain = _get &rArr; ibqGetTimeout &rArr; ibqGetFullBufferTimeoutS &rArr; chThdEnqueueTimeoutS &rArr; chSchGoSleepTimeoutS &rArr; chVTDoSetI &rArr; vt_enqueue
</UL>
<BR>[Calls]<UL><LI><a href="#[7d]">&gt;&gt;</a>&nbsp;&nbsp;&nbsp;ibqGetTimeout
</UL>
<BR>[Address Reference Count : 1]<UL><LI> usb_driver.o(.rodata.vmt)
</UL>
<P><STRONG><a name="[51]"></a>_putt</STRONG> (Thumb, 10 bytes, Stack size 8 bytes, usb_driver.o(.text._putt))
<BR><BR>[Stack]<UL><LI>Max Depth = 112<LI>Call Chain = _putt &rArr; obqPutTimeout &rArr; obqGetEmptyBufferTimeoutS &rArr; chThdEnqueueTimeoutS &rArr; chSchGoSleepTimeoutS &rArr; chVTDoSetI &rArr; vt_enqueue
</UL>
<BR>[Calls]<UL><LI><a href="#[7e]">&gt;&gt;</a>&nbsp;&nbsp;&nbsp;obqPutTimeout
</UL>
<BR>[Address Reference Count : 1]<UL><LI> usb_driver.o(.rodata.vmt)
</UL>
<P><STRONG><a name="[52]"></a>_gett</STRONG> (Thumb, 10 bytes, Stack size 8 bytes, usb_driver.o(.text._gett))
<BR><BR>[Stack]<UL><LI>Max Depth = 112<LI>Call Chain = _gett &rArr; ibqGetTimeout &rArr; ibqGetFullBufferTimeoutS &rArr; chThdEnqueueTimeoutS &rArr; chSchGoSleepTimeoutS &rArr; chVTDoSetI &rArr; vt_enqueue
</UL>
<BR>[Calls]<UL><LI><a href="#[7d]">&gt;&gt;</a>&nbsp;&nbsp;&nbsp;ibqGetTimeout
</UL>
<BR>[Address Reference Count : 1]<UL><LI> usb_driver.o(.rodata.vmt)
</UL>
<P><STRONG><a name="[53]"></a>_writet</STRONG> (Thumb, 10 bytes, Stack size 8 bytes, usb_driver.o(.text._writet))
<BR><BR>[Stack]<UL><LI>Max Depth = 128<LI>Call Chain = _writet &rArr; obqWriteTimeout &rArr; obqGetEmptyBufferTimeoutS &rArr; chThdEnqueueTimeoutS &rArr; chSchGoSleepTimeoutS &rArr; chVTDoSetI &rArr; vt_enqueue
</UL>
<BR>[Calls]<UL><LI><a href="#[8d]">&gt;&gt;</a>&nbsp;&nbsp;&nbsp;obqWriteTimeout
</UL>
<BR>[Address Reference Count : 1]<UL><LI> usb_driver.o(.rodata.vmt)
</UL>
<P><STRONG><a name="[54]"></a>_readt</STRONG> (Thumb, 10 bytes, Stack size 8 bytes, usb_driver.o(.text._readt))
<BR><BR>[Stack]<UL><LI>Max Depth = 128<LI>Call Chain = _readt &rArr; ibqReadTimeout &rArr; ibqGetFullBufferTimeoutS &rArr; chThdEnqueueTimeoutS &rArr; chSchGoSleepTimeoutS &rArr; chVTDoSetI &rArr; vt_enqueue
</UL>
<BR>[Calls]<UL><LI><a href="#[7f]">&gt;&gt;</a>&nbsp;&nbsp;&nbsp;ibqReadTimeout
</UL>
<BR>[Address Reference Count : 1]<UL><LI> usb_driver.o(.rodata.vmt)
</UL>
<P><STRONG><a name="[49]"></a>usb_event_cb</STRONG> (Thumb, 272 bytes, Stack size 16 bytes, usb_main.o(.text.usb_event_cb))
<BR><BR>[Stack]<UL><LI>Max Depth = 96<LI>Call Chain = usb_event_cb &rArr; qmkusbConfigureHookI &rArr; qmkusb_start_receive &rArr; usbStartReceiveI &rArr; usb_lld_start_out &rArr; usbd_ep_start_read
</UL>
<BR>[Calls]<UL><LI><a href="#[1c0]">&gt;&gt;</a>&nbsp;&nbsp;&nbsp;usbInitEndpointI
<LI><a href="#[19d]">&gt;&gt;</a>&nbsp;&nbsp;&nbsp;qmkusbConfigureHookI
<LI><a href="#[1a3]">&gt;&gt;</a>&nbsp;&nbsp;&nbsp;qmkusbWakeupHookI
<LI><a href="#[1a2]">&gt;&gt;</a>&nbsp;&nbsp;&nbsp;qmkusbSuspendHookI
</UL>
<BR>[Address Reference Count : 1]<UL><LI> usb_main.o(.rodata.usbcfg)
</UL>
<P><STRONG><a name="[4a]"></a>usb_get_descriptor_cb</STRONG> (Thumb, 60 bytes, Stack size 16 bytes, usb_main.o(.text.usb_get_descriptor_cb))
<BR><BR>[Stack]<UL><LI>Max Depth = 32<LI>Call Chain = usb_get_descriptor_cb &rArr; get_usb_descriptor
</UL>
<BR>[Calls]<UL><LI><a href="#[1ca]">&gt;&gt;</a>&nbsp;&nbsp;&nbsp;get_usb_descriptor
</UL>
<BR>[Address Reference Count : 1]<UL><LI> usb_main.o(.rodata.usbcfg)
</UL>
<P><STRONG><a name="[4b]"></a>usb_requests_hook_cb</STRONG> (Thumb, 380 bytes, Stack size 16 bytes, usb_main.o(.text.usb_requests_hook_cb))
<BR><BR>[Stack]<UL><LI>Max Depth = 56<LI>Call Chain = usb_requests_hook_cb &rArr; chVTSetI &rArr; chVTDoSetI &rArr; vt_enqueue
</UL>
<BR>[Calls]<UL><LI><a href="#[b2]">&gt;&gt;</a>&nbsp;&nbsp;&nbsp;chVTDoResetI
<LI><a href="#[b1]">&gt;&gt;</a>&nbsp;&nbsp;&nbsp;chVTDoSetI
<LI><a href="#[bd]">&gt;&gt;</a>&nbsp;&nbsp;&nbsp;chVTSetI
<LI><a href="#[1d7]">&gt;&gt;</a>&nbsp;&nbsp;&nbsp;qmkusbRequestsHook
<LI><a href="#[11c]">&gt;&gt;</a>&nbsp;&nbsp;&nbsp;__aeabi_uidiv
</UL>
<BR>[Address Reference Count : 1]<UL><LI> usb_main.o(.rodata.usbcfg)
</UL>
<P><STRONG><a name="[bd]"></a>chVTSetI</STRONG> (Thumb, 36 bytes, Stack size 16 bytes, usb_main.o(.text.chVTSetI))
<BR><BR>[Stack]<UL><LI>Max Depth = 40<LI>Call Chain = chVTSetI &rArr; chVTDoSetI &rArr; vt_enqueue
</UL>
<BR>[Calls]<UL><LI><a href="#[b2]">&gt;&gt;</a>&nbsp;&nbsp;&nbsp;chVTDoResetI
<LI><a href="#[b1]">&gt;&gt;</a>&nbsp;&nbsp;&nbsp;chVTDoSetI
</UL>
<BR>[Called By]<UL><LI><a href="#[4b]">&gt;&gt;</a>&nbsp;&nbsp;&nbsp;usb_requests_hook_cb
</UL>

<P><STRONG><a name="[3f]"></a>keyboard_idle_timer_cb</STRONG> (Thumb, 104 bytes, Stack size 16 bytes, usb_main.o(.text.keyboard_idle_timer_cb))
<BR><BR>[Stack]<UL><LI>Max Depth = 108<LI>Call Chain = keyboard_idle_timer_cb &rArr; usbStartTransmitI &rArr; usb_lld_start_in &rArr; usbd_ep_start_write &rArr; usbd_write_packet
</UL>
<BR>[Calls]<UL><LI><a href="#[11b]">&gt;&gt;</a>&nbsp;&nbsp;&nbsp;usbStartTransmitI
<LI><a href="#[b2]">&gt;&gt;</a>&nbsp;&nbsp;&nbsp;chVTDoResetI
<LI><a href="#[b1]">&gt;&gt;</a>&nbsp;&nbsp;&nbsp;chVTDoSetI
<LI><a href="#[11c]">&gt;&gt;</a>&nbsp;&nbsp;&nbsp;__aeabi_uidiv
</UL>
<BR>[Address Reference Count : 3]<UL><LI> usb_main.o(.text.usb_requests_hook_cb)
<LI> usb_main.o(.text.chVTSetI)
<LI> usb_main.o(.text.keyboard_idle_timer_cb)
</UL>
<P><STRONG><a name="[44]"></a>set_led_transfer_cb</STRONG> (Thumb, 36 bytes, Stack size 0 bytes, usb_main.o(.text.set_led_transfer_cb))
<BR>[Address Reference Count : 1]<UL><LI> usb_main.o(.text.usb_requests_hook_cb)
</UL>
<P><STRONG><a name="[4c]"></a>usb_sof_cb</STRONG> (Thumb, 20 bytes, Stack size 8 bytes, usb_main.o(.text.usb_sof_cb))
<BR><BR>[Stack]<UL><LI>Max Depth = 124<LI>Call Chain = usb_sof_cb &rArr; qmkusbSOFHookI &rArr; usbStartTransmitI &rArr; usb_lld_start_in &rArr; usbd_ep_start_write &rArr; usbd_write_packet
</UL>
<BR>[Calls]<UL><LI><a href="#[1a0]">&gt;&gt;</a>&nbsp;&nbsp;&nbsp;qmkusbSOFHookI
</UL>
<BR>[Address Reference Count : 1]<UL><LI> usb_main.o(.rodata.usbcfg)
</UL>
<P><STRONG><a name="[48]"></a>dummy_usb_cb</STRONG> (Thumb, 2 bytes, Stack size 0 bytes, usb_main.o(.text.dummy_usb_cb))
<BR>[Address Reference Count : 1]<UL><LI> usb_main.o(.rodata.shared_ep_config)
</UL>
<P><STRONG><a name="[43]"></a>update_fn</STRONG> (Thumb, 68 bytes, Stack size 8 bytes, timer.o(.text.update_fn))
<BR><BR>[Stack]<UL><LI>Max Depth = 32<LI>Call Chain = update_fn &rArr; chVTDoSetI &rArr; vt_enqueue
</UL>
<BR>[Calls]<UL><LI><a href="#[b2]">&gt;&gt;</a>&nbsp;&nbsp;&nbsp;chVTDoResetI
<LI><a href="#[b1]">&gt;&gt;</a>&nbsp;&nbsp;&nbsp;chVTDoSetI
</UL>
<BR>[Address Reference Count : 1]<UL><LI> timer.o(.text.update_fn)
</UL><P>
<H3>
Undefined Global Symbols
</H3><HR></body></html>
