<html>
<body>
<pre>
<h1>µVision Build Log</h1>
<h2>Tool Versions:</h2>
IDE-Version: ¦ÌVision V5.37.0.0
Copyright (C) 2022 ARM Ltd and ARM Germany GmbH. All rights reserved.
License Information: a a, a, LIC=ZB4EI-T7XR6-JJS6S-LEHTP-7CGLG-IFJ7F
 
Tool Versions:
Toolchain:       MDK-ARM Plus  Version: 5.37.0.0
Toolchain Path:  C:\Keil_v5\ARM\ARMCLANG\Bin
C Compiler:      ArmClang.exe V6.18
Assembler:       Armasm.exe V6.18
Linker/Locator:  ArmLink.exe V6.18
Library Manager: ArmAr.exe V6.18
Hex Converter:   FromElf.exe V6.18
CPU DLL:         SARMCM3.DLL V5.37.0.0
Dialog DLL:      DARMCM1.DLL V1.19.6.0
Target DLL:      CMSIS_AGDI.dll V1.33.12.0
Dialog DLL:      TARMCM1.DLL V1.14.6.0
 
<h2>Project:</h2>
D:\qmk02\lib\chibios\demos\ES32\ES32F0283_default\keil\ch.uvprojx
Project File Date:  02/18/2024

<h2>Output:</h2>
*** Using Compiler 'V6.18', folder: 'C:\Keil_v5\ARM\ARMCLANG\Bin'
Build target 'ES32F0283_Demo'
compiling hal_can.c...
compiling hal_adc.c...
compiling hal.c...
compiling hal_buffers.c...
compiling hal_dac.c...
compiling hal_gpt.c...
compiling hal_i2c.c...
compiling hal_i2s.c...
compiling hal_icu.c...
compiling hal_mac.c...
compiling hal_mmc_spi.c...
compiling hal_mmcsd.c...
compiling hal_pal.c...
compiling hal_pwm.c...
compiling hal_rtc.c...
compiling hal_queues.c...
compiling hal_sdc.c...
compiling hal_serial.c...
compiling hal_serial_usb.c...
compiling hal_spi.c...
compiling hal_st.c...
compiling hal_uart.c...
compiling hal_usb.c...
compiling hal_wdg.c...
compiling hal_crypto.c...
compiling hal_efl.c...
compiling hal_flash.c...
compiling hal_sio.c...
compiling hal_trng.c...
compiling hal_wspi.c...
compiling hal_lld.c...
compiling hal_adc_lld.c...
compiling hal_pal_lld.c...
compiling hal_i2c_lld.c...
compiling hal_spi_lld.c...
compiling hal_gpt_lld.c...
compiling hal_pwm_lld.c...
compiling hal_st_lld.c...
compiling hal_serial_lld.c...
compiling hal_uart_lld.c...
compiling hal_wdg_lld.c...
compiling hal_usb_lld.c...
compiling board.c...
compiling quantum.c...
compiling keymap_introspection.c...
compiling action_layer.c...
compiling action.c...
compiling led.c...
compiling keymap_common.c...
compiling keyboard.c...
compiling matrix.c...
compiling matrix_common.c...
compiling magic.c...
compiling sym_defer_g.c...
compiling usb_util.c...
compiling usb_driver.c...
compiling chibios.c...
compiling usb_main.c...
compiling usb_descriptor.c...
compiling suspend.c...
compiling platform.c...
linking...
Program Size: Code=20176 RO-data=1716 RW-data=92 ZI-data=4700  
"Objects\essemi_es32f0283.axf" - 0 Error(s), 0 Warning(s).

<h2>Software Packages used:</h2>

Package Vendor: Eastsoft
                http://www.essemi.com/index/article/download?id=921/Eastsoft.ES32_DFP.1.0.15.pack
                Eastsoft.ES32_DFP.1.0.15
                Eastsoft ES32 Series Device Support, Drivers and Examples

<h2>Collection of Component include folders:</h2>

<h2>Collection of Component Files used:</h2>
Build Time Elapsed:  00:00:37
</pre>
</body>
</html>
