<html>
<body>
<pre>
<h1>µVision Build Log</h1>
<h2>Tool Versions:</h2>
IDE-Version: ¦ÌVision V5.37.0.0
Copyright (C) 2022 ARM Ltd and ARM Germany GmbH. All rights reserved.
License Information: a a, a, LIC=ZB4EI-T7XR6-JJS6S-LEHTP-7CGLG-IFJ7F
 
Tool Versions:
Toolchain:       MDK-ARM Plus  Version: 5.37.0.0
Toolchain Path:  C:\Keil_v5\ARM\ARMCLANG\Bin
C Compiler:      ArmClang.exe V6.18
Assembler:       Armasm.exe V6.18
Linker/Locator:  ArmLink.exe V6.18
Library Manager: ArmAr.exe V6.18
Hex Converter:   FromElf.exe V6.18
CPU DLL:         SARMCM3.DLL V5.37.0.0
Dialog DLL:      DARMCM1.DLL V1.19.6.0
Target DLL:      CMSIS_AGDI.dll V1.33.12.0
Dialog DLL:      TARMCM1.DLL V1.14.6.0
 
<h2>Project:</h2>
D:\qmk02\lib\chibios\demos\ES32\ES32F0283_default\keil\ch.uvprojx
Project File Date:  03/25/2024

<h2>Output:</h2>
*** Using Compiler 'V6.18', folder: 'C:\Keil_v5\ARM\ARMCLANG\Bin'
Build target 'ES32F0283_Demo'
compiling chdebug.c...
compiling chcond.c...
compiling chdynamic.c...
compiling chcore.c...
compiling chmsg.c...
compiling chevents.c...
compiling chregistry.c...
compiling chmtx.c...
compiling chschd.c...
compiling chstats.c...
compiling chsem.c...
compiling chsys.c...
compiling chthreads.c...
compiling chtm.c...
compiling chvt.c...
compiling chrfcu.c...
compiling chinstances.c...
compiling chtrace.c...
compiling chfactory.c...
compiling chdelegates.c...
compiling chmboxes.c...
compiling chmemcore.c...
compiling chmemheaps.c...
compiling chmempools.c...
compiling chobjcaches.c...
compiling chpipes.c...
compiling osal.c...
compiling hal.c...
compiling hal_adc.c...
compiling hal_buffers.c...
compiling hal_can.c...
compiling hal_dac.c...
compiling hal_gpt.c...
compiling hal_i2c.c...
compiling hal_icu.c...
compiling hal_i2s.c...
compiling hal_mac.c...
compiling hal_mmc_spi.c...
compiling hal_mmcsd.c...
compiling hal_pal.c...
compiling hal_pwm.c...
compiling hal_queues.c...
compiling hal_rtc.c...
compiling hal_sdc.c...
compiling hal_serial.c...
compiling hal_serial_usb.c...
compiling hal_spi.c...
compiling hal_st.c...
compiling hal_uart.c...
compiling hal_usb.c...
compiling hal_wdg.c...
compiling hal_crypto.c...
compiling hal_efl.c...
compiling hal_flash.c...
compiling hal_sio.c...
compiling hal_trng.c...
compiling hal_wspi.c...
compiling hal_adc_lld.c...
compiling hal_lld.c...
compiling hal_pal_lld.c...
compiling hal_i2c_lld.c...
compiling hal_spi_lld.c...
compiling hal_gpt_lld.c...
compiling hal_pwm_lld.c...
compiling hal_st_lld.c...
compiling hal_serial_lld.c...
compiling hal_uart_lld.c...
compiling hal_wdg_lld.c...
compiling hal_usb_lld.c...
compiling board.c...
compiling quantum.c...
compiling keymap_introspection.c...
compiling action_layer.c...
compiling action.c...
compiling led.c...
compiling keyboard.c...
compiling matrix.c...
compiling matrix_common.c...
compiling magic.c...
compiling sym_defer_g.c...
compiling usb_util.c...
compiling chibios.c...
compiling usb_driver.c...
compiling usb_descriptor.c...
compiling usb_main.c...
compiling platform.c...
compiling suspend.c...
compiling timer.c...
../es_app.c(18): warning: implicit declaration of function 'timer_read32' is invalid in C99 [-Wimplicit-function-declaration]
    return timer_read32();
           ^
../es_app.c(21): warning: implicit declaration of function 'timer_elapsed32' is invalid in C99 [-Wimplicit-function-declaration]
    return timer_elapsed32(last);
           ^
2 warnings generated.
compiling es_app.c...
compiling es32f0283.c...
linking...
Program Size: Code=27832 RO-data=1712 RW-data=92 ZI-data=7476  
"Objects\essemi_es32f0283.axf" - 0 Error(s), 2 Warning(s).

<h2>Software Packages used:</h2>

Package Vendor: Eastsoft
                http://www.essemi.com/index/article/download?id=921/Eastsoft.ES32_DFP.1.0.15.pack
                Eastsoft.ES32_DFP.1.0.15
                Eastsoft ES32 Series Device Support, Drivers and Examples

<h2>Collection of Component include folders:</h2>

<h2>Collection of Component Files used:</h2>
Build Time Elapsed:  00:01:16
</pre>
</body>
</html>
